<html>
<body>
<pre>
<h1>µVision Build Log</h1>
<h2>Project:</h2>
C:\Users\Martin Wickham\KielProjects\ECE 353\Micro2048\Dist\p1\ece353_base_project.uvproj
Project File Date:  05/08/2014

<h2>Output:</h2>
Rebuild target 'base_project'
assembling Startup.s...
compiling main.c...
compiling initBoard.c...
compiling systick.c...
systick.c(36): warning:  #223-D: function "uartTxPoll" declared implicitly
compiling hw4_adc.c...
compiling hw4_gpio.c...
compiling led_chars.c...
compiling doublebuffer.c...
compiling screen.c...
compiling pixel.c...
compiling renderer.c...
compiling animation.c...
compiling 2048.c...
compiling AI2048.c...
compiling spi.c...
compiling eeprom.c...
compiling timer.c...
timer.c(35): warning:  #223-D: function "uartTxPoll" declared implicitly
compiling lock.c...
compiling uart.c...
uart.c(76): warning:  #177-D: variable "uart" was declared but never referenced
uart.c(77): warning:  #177-D: variable "c" was declared but never referenced
uart.c(115): warning:  #223-D: function "uartTxPoll" declared implicitly
uart.c(140): warning:  #223-D: function "uartTxPoll" declared implicitly
linking...
Program Size: Code=11248 RO-data=44 RW-data=380 ZI-data=8892  
".\ece353_base_project.axf" - 0 Errors, 6 Warning(s).
Rebuild target 'base_project'
assembling Startup.s...
compiling main.c...
compiling initBoard.c...
compiling systick.c...
systick.c(36): warning:  #223-D: function "uartTxPoll" declared implicitly
compiling hw4_adc.c...
compiling hw4_gpio.c...
compiling led_chars.c...
compiling doublebuffer.c...
compiling screen.c...
compiling pixel.c...
compiling renderer.c...
compiling animation.c...
compiling 2048.c...
compiling AI2048.c...
compiling spi.c...
compiling eeprom.c...
compiling timer.c...
timer.c(35): warning:  #223-D: function "uartTxPoll" declared implicitly
compiling lock.c...
compiling uart.c...
uart.c(113): warning:  #223-D: function "uartTxPoll" declared implicitly
uart.c(138): warning:  #223-D: function "uartTxPoll" declared implicitly
linking...
Program Size: Code=11240 RO-data=44 RW-data=380 ZI-data=8892  
".\ece353_base_project.axf" - 0 Errors, 4 Warning(s).
Load "C:\\Users\\Martin Wickham\\KielProjects\\ECE 353\\Micro2048\\Dist\\p1\\ece353_base_project.axf" 
Connecting: Mode=JTAG, Speed=1000000Hz
Erase Done.
Programming Done.
Verify OK.
