<html>
<body>
<pre>
<h1>µVision Build Log</h1>
<h2>Project:</h2>
C:\Users\Martin Wickham\KielProjects\ECE 353\Micro2048\Dist\p1\ece353_base_project.uvproj
Project File Date:  05/07/2014

<h2>Output:</h2>
Rebuild target 'base_project'
assembling Startup.s...
compiling main.c...
compiling initBoard.c...
compiling systick.c...
compiling hw4_adc.c...
compiling hw4_gpio.c...
compiling led_chars.c...
compiling doublebuffer.c...
compiling screen.c...
compiling pixel.c...
compiling renderer.c...
compiling animation.c...
compiling 2048.c...
compiling AI2048.c...
compiling spi.c...
compiling eeprom.c...
compiling timer.c...
compiling lock.c...
lock.c(18): warning:  #223-D: function "uartTxPoll" declared implicitly
linking...
Program Size: Code=9772 RO-data=44 RW-data=348 ZI-data=8828  
".\ece353_base_project.axf" - 0 Errors, 1 Warning(s).
Load "C:\\Users\\Martin Wickham\\KielProjects\\ECE 353\\Micro2048\\Dist\\p1\\ece353_base_project.axf" 
Connecting: Mode=JTAG, Speed=1000000Hz
Erase Done.
Programming Done.
Verify OK.
Rebuild target 'base_project'
assembling Startup.s...
compiling main.c...
compiling initBoard.c...
compiling systick.c...
compiling hw4_adc.c...
compiling hw4_gpio.c...
compiling led_chars.c...
compiling doublebuffer.c...
compiling screen.c...
compiling pixel.c...
compiling renderer.c...
compiling animation.c...
compiling 2048.c...
compiling AI2048.c...
compiling spi.c...
compiling eeprom.c...
compiling timer.c...
compiling lock.c...
lock.c(18): warning:  #223-D: function "uartTxPoll" declared implicitly
linking...
Program Size: Code=9856 RO-data=44 RW-data=348 ZI-data=8828  
".\ece353_base_project.axf" - 0 Errors, 1 Warning(s).
Load "C:\\Users\\Martin Wickham\\KielProjects\\ECE 353\\Micro2048\\Dist\\p1\\ece353_base_project.axf" 
Connecting: Mode=JTAG, Speed=1000000Hz
Erase Done.
Programming Done.
Verify OK.
Rebuild target 'base_project'
assembling Startup.s...
compiling main.c...
compiling initBoard.c...
compiling systick.c...
compiling hw4_adc.c...
compiling hw4_gpio.c...
compiling led_chars.c...
compiling doublebuffer.c...
compiling screen.c...
compiling pixel.c...
compiling renderer.c...
compiling animation.c...
compiling 2048.c...
compiling AI2048.c...
compiling spi.c...
compiling eeprom.c...
compiling timer.c...
compiling lock.c...
lock.c(18): warning:  #223-D: function "uartTxPoll" declared implicitly
linking...
Program Size: Code=9800 RO-data=44 RW-data=348 ZI-data=8828  
".\ece353_base_project.axf" - 0 Errors, 1 Warning(s).
Load "C:\\Users\\Martin Wickham\\KielProjects\\ECE 353\\Micro2048\\Dist\\p1\\ece353_base_project.axf" 
Connecting: Mode=JTAG, Speed=1000000Hz
Erase Done.
Programming Done.
Verify OK.
Load "C:\\Users\\Martin Wickham\\KielProjects\\ECE 353\\Micro2048\\Dist\\p1\\ece353_base_project.axf" 
Connecting: Mode=JTAG, Speed=1000000Hz
Erase Done.
Programming Done.
Verify OK.
Rebuild target 'base_project'
assembling Startup.s...
compiling main.c...
compiling initBoard.c...
compiling systick.c...
compiling hw4_adc.c...
compiling hw4_gpio.c...
compiling led_chars.c...
compiling doublebuffer.c...
compiling screen.c...
compiling pixel.c...
compiling renderer.c...
compiling animation.c...
compiling 2048.c...
compiling AI2048.c...
compiling spi.c...
compiling eeprom.c...
compiling timer.c...
compiling lock.c...
lock.c(18): warning:  #223-D: function "uartTxPoll" declared implicitly
linking...
Program Size: Code=9800 RO-data=44 RW-data=348 ZI-data=8828  
".\ece353_base_project.axf" - 0 Errors, 1 Warning(s).
Load "C:\\Users\\Martin Wickham\\KielProjects\\ECE 353\\Micro2048\\Dist\\p1\\ece353_base_project.axf" 
Connecting: Mode=JTAG, Speed=1000000Hz
Erase Done.
Programming Done.
Verify OK.
Rebuild target 'base_project'
assembling Startup.s...
compiling main.c...
compiling initBoard.c...
compiling systick.c...
compiling hw4_adc.c...
compiling hw4_gpio.c...
compiling led_chars.c...
compiling doublebuffer.c...
compiling screen.c...
compiling pixel.c...
compiling renderer.c...
compiling animation.c...
compiling 2048.c...
compiling AI2048.c...
compiling spi.c...
compiling eeprom.c...
compiling timer.c...
compiling lock.c...
lock.c(18): warning:  #223-D: function "uartTxPoll" declared implicitly
linking...
Program Size: Code=9800 RO-data=44 RW-data=348 ZI-data=8828  
".\ece353_base_project.axf" - 0 Errors, 1 Warning(s).
Load "C:\\Users\\Martin Wickham\\KielProjects\\ECE 353\\Micro2048\\Dist\\p1\\ece353_base_project.axf" 
Connecting: Mode=JTAG, Speed=1000000Hz
Erase Done.
Programming Done.
Verify OK.
Rebuild target 'base_project'
assembling Startup.s...
compiling main.c...
compiling initBoard.c...
compiling systick.c...
compiling hw4_adc.c...
compiling hw4_gpio.c...
compiling led_chars.c...
compiling doublebuffer.c...
compiling screen.c...
compiling pixel.c...
compiling renderer.c...
compiling animation.c...
compiling 2048.c...
compiling AI2048.c...
compiling spi.c...
compiling eeprom.c...
compiling timer.c...
compiling lock.c...
lock.c(18): warning:  #223-D: function "uartTxPoll" declared implicitly
linking...
Program Size: Code=9796 RO-data=44 RW-data=348 ZI-data=8828  
".\ece353_base_project.axf" - 0 Errors, 1 Warning(s).
Load "C:\\Users\\Martin Wickham\\KielProjects\\ECE 353\\Micro2048\\Dist\\p1\\ece353_base_project.axf" 
Connecting: Mode=JTAG, Speed=1000000Hz
Erase Done.
Programming Done.
Verify OK.
Build target 'base_project'
compiling main.c...
linking...
Program Size: Code=9796 RO-data=44 RW-data=348 ZI-data=8828  
".\ece353_base_project.axf" - 0 Errors, 0 Warning(s).
Rebuild target 'base_project'
assembling Startup.s...
compiling main.c...
compiling initBoard.c...
compiling systick.c...
compiling hw4_adc.c...
compiling hw4_gpio.c...
compiling led_chars.c...
compiling doublebuffer.c...
compiling screen.c...
compiling pixel.c...
compiling renderer.c...
compiling animation.c...
compiling 2048.c...
compiling AI2048.c...
compiling spi.c...
compiling eeprom.c...
compiling timer.c...
compiling lock.c...
lock.c(18): warning:  #223-D: function "uartTxPoll" declared implicitly
linking...
Program Size: Code=9796 RO-data=44 RW-data=348 ZI-data=8828  
".\ece353_base_project.axf" - 0 Errors, 1 Warning(s).
Load "C:\\Users\\Martin Wickham\\KielProjects\\ECE 353\\Micro2048\\Dist\\p1\\ece353_base_project.axf" 
Connecting: Mode=JTAG, Speed=1000000Hz
Erase Done.
Programming Done.
Verify OK.
Rebuild target 'base_project'
assembling Startup.s...
compiling main.c...
compiling initBoard.c...
compiling systick.c...
compiling hw4_adc.c...
compiling hw4_gpio.c...
compiling led_chars.c...
compiling doublebuffer.c...
compiling screen.c...
compiling pixel.c...
compiling renderer.c...
compiling animation.c...
compiling 2048.c...
compiling AI2048.c...
compiling spi.c...
compiling eeprom.c...
compiling timer.c...
compiling lock.c...
lock.c(18): warning:  #223-D: function "uartTxPoll" declared implicitly
linking...
Program Size: Code=9796 RO-data=44 RW-data=348 ZI-data=8828  
".\ece353_base_project.axf" - 0 Errors, 1 Warning(s).
Load "C:\\Users\\Martin Wickham\\KielProjects\\ECE 353\\Micro2048\\Dist\\p1\\ece353_base_project.axf" 
Connecting: Mode=JTAG, Speed=1000000Hz
Erase Done.
Programming Done.
Verify OK.
Rebuild target 'base_project'
assembling Startup.s...
compiling main.c...
compiling initBoard.c...
compiling systick.c...
compiling hw4_adc.c...
compiling hw4_gpio.c...
compiling led_chars.c...
compiling doublebuffer.c...
compiling screen.c...
compiling pixel.c...
compiling renderer.c...
compiling animation.c...
compiling 2048.c...
compiling AI2048.c...
compiling spi.c...
compiling eeprom.c...
compiling timer.c...
compiling lock.c...
lock.c(18): warning:  #223-D: function "uartTxPoll" declared implicitly
linking...
Program Size: Code=9796 RO-data=44 RW-data=348 ZI-data=8828  
".\ece353_base_project.axf" - 0 Errors, 1 Warning(s).
Load "C:\\Users\\Martin Wickham\\KielProjects\\ECE 353\\Micro2048\\Dist\\p1\\ece353_base_project.axf" 
Connecting: Mode=JTAG, Speed=1000000Hz
Erase Done.
Programming Done.
Verify OK.
Rebuild target 'base_project'
assembling Startup.s...
compiling main.c...
compiling initBoard.c...
compiling systick.c...
compiling hw4_adc.c...
compiling hw4_gpio.c...
compiling led_chars.c...
compiling doublebuffer.c...
compiling screen.c...
compiling pixel.c...
compiling renderer.c...
compiling animation.c...
compiling 2048.c...
compiling AI2048.c...
compiling spi.c...
compiling eeprom.c...
compiling timer.c...
compiling lock.c...
lock.c(18): warning:  #223-D: function "uartTxPoll" declared implicitly
linking...
Program Size: Code=9812 RO-data=44 RW-data=348 ZI-data=8828  
".\ece353_base_project.axf" - 0 Errors, 1 Warning(s).
Load "C:\\Users\\Martin Wickham\\KielProjects\\ECE 353\\Micro2048\\Dist\\p1\\ece353_base_project.axf" 
Connecting: Mode=JTAG, Speed=1000000Hz
Erase Done.
Programming Done.
Verify OK.
Rebuild target 'base_project'
assembling Startup.s...
compiling main.c...
compiling initBoard.c...
compiling systick.c...
compiling hw4_adc.c...
compiling hw4_gpio.c...
compiling led_chars.c...
compiling doublebuffer.c...
compiling screen.c...
compiling pixel.c...
compiling renderer.c...
compiling animation.c...
compiling 2048.c...
compiling AI2048.c...
compiling spi.c...
compiling eeprom.c...
compiling timer.c...
compiling lock.c...
lock.c(18): warning:  #223-D: function "uartTxPoll" declared implicitly
linking...
Program Size: Code=9812 RO-data=44 RW-data=348 ZI-data=8828  
".\ece353_base_project.axf" - 0 Errors, 1 Warning(s).
Load "C:\\Users\\Martin Wickham\\KielProjects\\ECE 353\\Micro2048\\Dist\\p1\\ece353_base_project.axf" 
Connecting: Mode=JTAG, Speed=1000000Hz
Erase Done.
Programming Done.
Verify OK.
