<html>
<body>
<pre>
<h1>µVision Build Log</h1>
<h2>Project:</h2>
C:\Users\Martin Wickham\KielProjects\ECE 353\Micro2048\Dist\p1\ece353_base_project.uvproj
Project File Date:  05/06/2014

<h2>Output:</h2>
Rebuild target 'base_project'
assembling Startup.s...
compiling main.c...
main.c(148): error:  #268: declaration may not appear after executable statement in block
main.c(149): error:  #268: declaration may not appear after executable statement in block
main.c(150): error:  #268: declaration may not appear after executable statement in block
main.c(151): error:  #268: declaration may not appear after executable statement in block
main.c(148): warning:  #550-D: variable "out" was set but never used
main.c(149): warning:  #550-D: variable "dummy" was set but never used
compiling initBoard.c...
compiling systick.c...
compiling hw4_adc.c...
compiling hw4_gpio.c...
compiling led_chars.c...
compiling doublebuffer.c...
compiling screen.c...
compiling pixel.c...
compiling renderer.c...
compiling animation.c...
compiling 2048.c...
compiling AI2048.c...
compiling spi.c...
spi.c(29): warning:  #550-D: variable "delay" was set but never used
spi.c(83): warning:  #550-D: variable "delay" was set but never used
compiling eeprom.c...
".\ece353_base_project.axf" - 4 Errors, 4 Warning(s).
Target not created
Rebuild target 'base_project'
assembling Startup.s...
compiling main.c...
main.c(149): warning:  #550-D: variable "out" was set but never used
main.c(150): warning:  #550-D: variable "dummy" was set but never used
compiling initBoard.c...
compiling systick.c...
compiling hw4_adc.c...
compiling hw4_gpio.c...
compiling led_chars.c...
compiling doublebuffer.c...
compiling screen.c...
compiling pixel.c...
compiling renderer.c...
compiling animation.c...
compiling 2048.c...
compiling AI2048.c...
compiling spi.c...
spi.c(29): warning:  #550-D: variable "delay" was set but never used
spi.c(83): warning:  #550-D: variable "delay" was set but never used
compiling eeprom.c...
linking...
Program Size: Code=7708 RO-data=44 RW-data=348 ZI-data=8828  
".\ece353_base_project.axf" - 0 Errors, 4 Warning(s).
Rebuild target 'base_project'
assembling Startup.s...
compiling main.c...
main.c(149): warning:  #550-D: variable "out" was set but never used
main.c(150): warning:  #550-D: variable "dummy" was set but never used
compiling initBoard.c...
compiling systick.c...
compiling hw4_adc.c...
compiling hw4_gpio.c...
compiling led_chars.c...
compiling doublebuffer.c...
compiling screen.c...
compiling pixel.c...
compiling renderer.c...
compiling animation.c...
compiling 2048.c...
compiling AI2048.c...
compiling spi.c...
spi.c(86): error:  #268: declaration may not appear after executable statement in block
compiling eeprom.c...
".\ece353_base_project.axf" - 1 Errors, 2 Warning(s).
Target not created
Rebuild target 'base_project'
assembling Startup.s...
compiling main.c...
main.c(149): warning:  #550-D: variable "out" was set but never used
main.c(150): warning:  #550-D: variable "dummy" was set but never used
compiling initBoard.c...
compiling systick.c...
compiling hw4_adc.c...
compiling hw4_gpio.c...
compiling led_chars.c...
compiling doublebuffer.c...
compiling screen.c...
compiling pixel.c...
compiling renderer.c...
compiling animation.c...
compiling 2048.c...
compiling AI2048.c...
compiling spi.c...
compiling eeprom.c...
linking...
Program Size: Code=7716 RO-data=44 RW-data=348 ZI-data=8828  
".\ece353_base_project.axf" - 0 Errors, 2 Warning(s).
Rebuild target 'base_project'
assembling Startup.s...
compiling main.c...
main.c(149): warning:  #550-D: variable "out" was set but never used
compiling initBoard.c...
compiling systick.c...
compiling hw4_adc.c...
compiling hw4_gpio.c...
compiling led_chars.c...
compiling doublebuffer.c...
compiling screen.c...
compiling pixel.c...
compiling renderer.c...
compiling animation.c...
compiling 2048.c...
compiling AI2048.c...
compiling spi.c...
compiling eeprom.c...
linking...
Program Size: Code=7720 RO-data=44 RW-data=348 ZI-data=8828  
".\ece353_base_project.axf" - 0 Errors, 1 Warning(s).
Load "C:\\Users\\Martin Wickham\\KielProjects\\ECE 353\\Micro2048\\Dist\\p1\\ece353_base_project.axf" 
Connecting: Mode=JTAG, Speed=1000000Hz
Erase Done.
Programming Done.
Verify OK.
Rebuild target 'base_project'
assembling Startup.s...
compiling main.c...
compiling initBoard.c...
compiling systick.c...
compiling hw4_adc.c...
compiling hw4_gpio.c...
compiling led_chars.c...
compiling doublebuffer.c...
compiling screen.c...
compiling pixel.c...
compiling renderer.c...
compiling animation.c...
compiling 2048.c...
compiling AI2048.c...
compiling spi.c...
compiling eeprom.c...
linking...
Program Size: Code=8684 RO-data=44 RW-data=348 ZI-data=8828  
".\ece353_base_project.axf" - 0 Errors, 0 Warning(s).
Load "C:\\Users\\Martin Wickham\\KielProjects\\ECE 353\\Micro2048\\Dist\\p1\\ece353_base_project.axf" 
Connecting: Mode=JTAG, Speed=1000000Hz
Erase Done.
Programming Done.
Verify OK.
Rebuild target 'base_project'
assembling Startup.s...
compiling main.c...
compiling initBoard.c...
compiling systick.c...
compiling hw4_adc.c...
compiling hw4_gpio.c...
compiling led_chars.c...
compiling doublebuffer.c...
compiling screen.c...
compiling pixel.c...
compiling renderer.c...
compiling animation.c...
compiling 2048.c...
compiling AI2048.c...
compiling spi.c...
compiling eeprom.c...
linking...
Program Size: Code=8916 RO-data=44 RW-data=348 ZI-data=8828  
".\ece353_base_project.axf" - 0 Errors, 0 Warning(s).
Rebuild target 'base_project'
assembling Startup.s...
compiling main.c...
compiling initBoard.c...
compiling systick.c...
compiling hw4_adc.c...
compiling hw4_gpio.c...
compiling led_chars.c...
compiling doublebuffer.c...
compiling screen.c...
compiling pixel.c...
compiling renderer.c...
compiling animation.c...
compiling 2048.c...
compiling AI2048.c...
compiling spi.c...
compiling eeprom.c...
linking...
Program Size: Code=8916 RO-data=44 RW-data=348 ZI-data=8828  
".\ece353_base_project.axf" - 0 Errors, 0 Warning(s).
Load "C:\\Users\\Martin Wickham\\KielProjects\\ECE 353\\Micro2048\\Dist\\p1\\ece353_base_project.axf" 
Connecting: Mode=JTAG, Speed=1000000Hz
Erase Done.
Programming Done.
Verify OK.
Rebuild target 'base_project'
assembling Startup.s...
compiling main.c...
compiling initBoard.c...
compiling systick.c...
compiling hw4_adc.c...
compiling hw4_gpio.c...
compiling led_chars.c...
compiling doublebuffer.c...
compiling screen.c...
compiling pixel.c...
compiling renderer.c...
compiling animation.c...
compiling 2048.c...
compiling AI2048.c...
compiling spi.c...
compiling eeprom.c...
linking...
Program Size: Code=8916 RO-data=44 RW-data=348 ZI-data=8828  
".\ece353_base_project.axf" - 0 Errors, 0 Warning(s).
Load "C:\\Users\\Martin Wickham\\KielProjects\\ECE 353\\Micro2048\\Dist\\p1\\ece353_base_project.axf" 
Connecting: Mode=JTAG, Speed=1000000Hz
Erase Done.
Programming Done.
Verify OK.
Rebuild target 'base_project'
assembling Startup.s...
compiling main.c...
compiling initBoard.c...
compiling systick.c...
compiling hw4_adc.c...
compiling hw4_gpio.c...
compiling led_chars.c...
compiling doublebuffer.c...
compiling screen.c...
compiling pixel.c...
compiling renderer.c...
compiling animation.c...
compiling 2048.c...
compiling AI2048.c...
compiling spi.c...
compiling eeprom.c...
linking...
Program Size: Code=8916 RO-data=44 RW-data=348 ZI-data=8828  
".\ece353_base_project.axf" - 0 Errors, 0 Warning(s).
Load "C:\\Users\\Martin Wickham\\KielProjects\\ECE 353\\Micro2048\\Dist\\p1\\ece353_base_project.axf" 
Connecting: Mode=JTAG, Speed=1000000Hz
Erase Done.
Programming Done.
Verify OK.
