<html>
<body>
<pre>
<h1>µVision Build Log</h1>
<h2>Project:</h2>
C:\Users\Martin Wickham\KielProjects\ECE 353\Micro2048\Dist\p1\ece353_base_project.uvproj
Project File Date:  05/02/2014

<h2>Output:</h2>
Rebuild target 'base_project'
assembling Startup.s...
compiling main.c...
main.c(86): warning:  #550-D: variable "px" was set but never used
compiling initBoard.c...
compiling systick.c...
compiling hw4_adc.c...
compiling hw4_gpio.c...
hw4_gpio.c(51): warning:  #177-D: variable "colors" was declared but never referenced
hw4_gpio.c(92): warning:  #550-D: variable "delay" was set but never used
compiling led_chars.c...
compiling doublebuffer.c...
compiling screen.c...
compiling pixel.c...
compiling renderer.c...
compiling animation.c...
linking...
Program Size: Code=5152 RO-data=52 RW-data=256 ZI-data=8720  
".\ece353_base_project.axf" - 0 Errors, 3 Warning(s).
Rebuild target 'base_project'
assembling Startup.s...
compiling main.c...
main.c(88): warning:  #550-D: variable "px" was set but never used
main.c(88): warning:  #550-D: variable "px2" was set but never used
compiling initBoard.c...
compiling systick.c...
compiling hw4_adc.c...
compiling hw4_gpio.c...
hw4_gpio.c(51): warning:  #177-D: variable "colors" was declared but never referenced
hw4_gpio.c(92): warning:  #550-D: variable "delay" was set but never used
compiling led_chars.c...
compiling doublebuffer.c...
compiling screen.c...
compiling pixel.c...
compiling renderer.c...
compiling animation.c...
compiling 2048.c...
linking...
Program Size: Code=5680 RO-data=52 RW-data=268 ZI-data=8716  
".\ece353_base_project.axf" - 0 Errors, 4 Warning(s).
Load "C:\\Users\\Martin Wickham\\KielProjects\\ECE 353\\Micro2048\\Dist\\p1\\ece353_base_project.axf" 
Connecting: Mode=JTAG, Speed=1000000Hz
Erase Done.
Programming Done.
Verify OK.
Rebuild target 'base_project'
assembling Startup.s...
compiling main.c...
main.c(88): warning:  #550-D: variable "px" was set but never used
main.c(88): warning:  #550-D: variable "px2" was set but never used
compiling initBoard.c...
compiling systick.c...
compiling hw4_adc.c...
compiling hw4_gpio.c...
hw4_gpio.c(51): warning:  #177-D: variable "colors" was declared but never referenced
hw4_gpio.c(92): warning:  #550-D: variable "delay" was set but never used
compiling led_chars.c...
compiling doublebuffer.c...
compiling screen.c...
compiling pixel.c...
compiling renderer.c...
compiling animation.c...
compiling 2048.c...
linking...
Program Size: Code=5684 RO-data=52 RW-data=268 ZI-data=8716  
".\ece353_base_project.axf" - 0 Errors, 4 Warning(s).
Load "C:\\Users\\Martin Wickham\\KielProjects\\ECE 353\\Micro2048\\Dist\\p1\\ece353_base_project.axf" 
Connecting: Mode=JTAG, Speed=1000000Hz
Erase Done.
Programming Done.
Verify OK.
Rebuild target 'base_project'
assembling Startup.s...
compiling main.c...
main.c(88): warning:  #550-D: variable "px" was set but never used
main.c(88): warning:  #550-D: variable "px2" was set but never used
compiling initBoard.c...
compiling systick.c...
compiling hw4_adc.c...
compiling hw4_gpio.c...
hw4_gpio.c(51): warning:  #177-D: variable "colors" was declared but never referenced
hw4_gpio.c(92): warning:  #550-D: variable "delay" was set but never used
compiling led_chars.c...
compiling doublebuffer.c...
compiling screen.c...
compiling pixel.c...
compiling renderer.c...
compiling animation.c...
compiling 2048.c...
linking...
Program Size: Code=5688 RO-data=52 RW-data=268 ZI-data=8716  
".\ece353_base_project.axf" - 0 Errors, 4 Warning(s).
Load "C:\\Users\\Martin Wickham\\KielProjects\\ECE 353\\Micro2048\\Dist\\p1\\ece353_base_project.axf" 
Connecting: Mode=JTAG, Speed=1000000Hz
Erase Done.
Programming Done.
Verify OK.
Rebuild target 'base_project'
assembling Startup.s...
compiling main.c...
main.c(88): warning:  #550-D: variable "px" was set but never used
main.c(88): warning:  #550-D: variable "px2" was set but never used
compiling initBoard.c...
compiling systick.c...
compiling hw4_adc.c...
compiling hw4_gpio.c...
hw4_gpio.c(51): warning:  #177-D: variable "colors" was declared but never referenced
hw4_gpio.c(92): warning:  #550-D: variable "delay" was set but never used
compiling led_chars.c...
compiling doublebuffer.c...
compiling screen.c...
compiling pixel.c...
compiling renderer.c...
compiling animation.c...
compiling 2048.c...
linking...
Program Size: Code=5700 RO-data=52 RW-data=268 ZI-data=8716  
".\ece353_base_project.axf" - 0 Errors, 4 Warning(s).
Rebuild target 'base_project'
assembling Startup.s...
compiling main.c...
main.c(88): warning:  #550-D: variable "px" was set but never used
main.c(88): warning:  #550-D: variable "px2" was set but never used
compiling initBoard.c...
compiling systick.c...
compiling hw4_adc.c...
compiling hw4_gpio.c...
hw4_gpio.c(51): warning:  #177-D: variable "colors" was declared but never referenced
hw4_gpio.c(92): warning:  #550-D: variable "delay" was set but never used
compiling led_chars.c...
compiling doublebuffer.c...
compiling screen.c...
compiling pixel.c...
compiling renderer.c...
compiling animation.c...
compiling 2048.c...
linking...
Program Size: Code=5712 RO-data=52 RW-data=268 ZI-data=8716  
".\ece353_base_project.axf" - 0 Errors, 4 Warning(s).
Load "C:\\Users\\Martin Wickham\\KielProjects\\ECE 353\\Micro2048\\Dist\\p1\\ece353_base_project.axf" 
Connecting: Mode=JTAG, Speed=1000000Hz
Erase Done.
Programming Done.
Verify OK.
Rebuild target 'base_project'
assembling Startup.s...
compiling main.c...
main.c(88): warning:  #550-D: variable "px" was set but never used
main.c(88): warning:  #550-D: variable "px2" was set but never used
compiling initBoard.c...
compiling systick.c...
compiling hw4_adc.c...
compiling hw4_gpio.c...
hw4_gpio.c(51): warning:  #177-D: variable "colors" was declared but never referenced
hw4_gpio.c(92): warning:  #550-D: variable "delay" was set but never used
compiling led_chars.c...
compiling doublebuffer.c...
compiling screen.c...
compiling pixel.c...
compiling renderer.c...
compiling animation.c...
compiling 2048.c...
linking...
Program Size: Code=5712 RO-data=52 RW-data=268 ZI-data=8716  
".\ece353_base_project.axf" - 0 Errors, 4 Warning(s).
Load "C:\\Users\\Martin Wickham\\KielProjects\\ECE 353\\Micro2048\\Dist\\p1\\ece353_base_project.axf" 
Connecting: Mode=JTAG, Speed=1000000Hz
Erase Done.
Programming Done.
Verify OK.
Rebuild target 'base_project'
assembling Startup.s...
compiling main.c...
main.c(88): warning:  #550-D: variable "px" was set but never used
main.c(88): warning:  #550-D: variable "px2" was set but never used
compiling initBoard.c...
compiling systick.c...
compiling hw4_adc.c...
compiling hw4_gpio.c...
hw4_gpio.c(51): warning:  #177-D: variable "colors" was declared but never referenced
hw4_gpio.c(92): warning:  #550-D: variable "delay" was set but never used
compiling led_chars.c...
compiling doublebuffer.c...
compiling screen.c...
compiling pixel.c...
compiling renderer.c...
compiling animation.c...
compiling 2048.c...
linking...
Program Size: Code=5936 RO-data=52 RW-data=272 ZI-data=8720  
".\ece353_base_project.axf" - 0 Errors, 4 Warning(s).
Load "C:\\Users\\Martin Wickham\\KielProjects\\ECE 353\\Micro2048\\Dist\\p1\\ece353_base_project.axf" 
Connecting: Mode=JTAG, Speed=1000000Hz
Erase Done.
Programming Done.
Verify OK.
Rebuild target 'base_project'
assembling Startup.s...
compiling main.c...
main.c(88): warning:  #550-D: variable "px" was set but never used
main.c(88): warning:  #550-D: variable "px2" was set but never used
compiling initBoard.c...
compiling systick.c...
compiling hw4_adc.c...
compiling hw4_gpio.c...
hw4_gpio.c(51): warning:  #177-D: variable "colors" was declared but never referenced
hw4_gpio.c(92): warning:  #550-D: variable "delay" was set but never used
compiling led_chars.c...
compiling doublebuffer.c...
compiling screen.c...
compiling pixel.c...
compiling renderer.c...
compiling animation.c...
compiling 2048.c...
2048.c(66): error:  #20: identifier "b" is undefined
2048.c(66): error:  #20: identifier "current" is undefined
2048.c(66): error:  #20: identifier "backY" is undefined
".\ece353_base_project.axf" - 3 Errors, 4 Warning(s).
Target not created
Rebuild target 'base_project'
assembling Startup.s...
compiling main.c...
main.c(88): warning:  #550-D: variable "px" was set but never used
main.c(88): warning:  #550-D: variable "px2" was set but never used
compiling initBoard.c...
compiling systick.c...
compiling hw4_adc.c...
compiling hw4_gpio.c...
hw4_gpio.c(51): warning:  #177-D: variable "colors" was declared but never referenced
hw4_gpio.c(92): warning:  #550-D: variable "delay" was set but never used
compiling led_chars.c...
compiling doublebuffer.c...
compiling screen.c...
compiling pixel.c...
compiling renderer.c...
compiling animation.c...
compiling 2048.c...
linking...
Program Size: Code=5952 RO-data=52 RW-data=272 ZI-data=8720  
".\ece353_base_project.axf" - 0 Errors, 4 Warning(s).
Load "C:\\Users\\Martin Wickham\\KielProjects\\ECE 353\\Micro2048\\Dist\\p1\\ece353_base_project.axf" 
Connecting: Mode=JTAG, Speed=1000000Hz
Erase Done.
Programming Done.
Verify OK.
Rebuild target 'base_project'
assembling Startup.s...
compiling main.c...
main.c(88): warning:  #550-D: variable "px" was set but never used
main.c(88): warning:  #550-D: variable "px2" was set but never used
compiling initBoard.c...
compiling systick.c...
compiling hw4_adc.c...
compiling hw4_gpio.c...
hw4_gpio.c(51): warning:  #177-D: variable "colors" was declared but never referenced
hw4_gpio.c(92): warning:  #550-D: variable "delay" was set but never used
compiling led_chars.c...
compiling doublebuffer.c...
compiling screen.c...
compiling pixel.c...
compiling renderer.c...
compiling animation.c...
compiling 2048.c...
linking...
Program Size: Code=5792 RO-data=52 RW-data=272 ZI-data=8720  
".\ece353_base_project.axf" - 0 Errors, 4 Warning(s).
Load "C:\\Users\\Martin Wickham\\KielProjects\\ECE 353\\Micro2048\\Dist\\p1\\ece353_base_project.axf" 
Connecting: Mode=JTAG, Speed=1000000Hz
Erase Done.
Programming Done.
Verify OK.
Build target 'base_project'
compiling 2048.c...
linking...
Program Size: Code=5792 RO-data=52 RW-data=272 ZI-data=8720  
".\ece353_base_project.axf" - 0 Errors, 0 Warning(s).
Rebuild target 'base_project'
assembling Startup.s...
compiling main.c...
main.c(88): warning:  #550-D: variable "px" was set but never used
main.c(88): warning:  #550-D: variable "px2" was set but never used
compiling initBoard.c...
compiling systick.c...
compiling hw4_adc.c...
compiling hw4_gpio.c...
hw4_gpio.c(51): warning:  #177-D: variable "colors" was declared but never referenced
hw4_gpio.c(92): warning:  #550-D: variable "delay" was set but never used
compiling led_chars.c...
compiling doublebuffer.c...
compiling screen.c...
compiling pixel.c...
compiling renderer.c...
compiling animation.c...
compiling 2048.c...
linking...
Program Size: Code=5792 RO-data=52 RW-data=272 ZI-data=8720  
".\ece353_base_project.axf" - 0 Errors, 4 Warning(s).
Load "C:\\Users\\Martin Wickham\\KielProjects\\ECE 353\\Micro2048\\Dist\\p1\\ece353_base_project.axf" 
Connecting: Mode=JTAG, Speed=1000000Hz
Erase Done.
Programming Done.
Verify OK.
Rebuild target 'base_project'
assembling Startup.s...
compiling main.c...
main.c(88): warning:  #550-D: variable "px" was set but never used
main.c(88): warning:  #550-D: variable "px2" was set but never used
compiling initBoard.c...
compiling systick.c...
compiling hw4_adc.c...
compiling hw4_gpio.c...
hw4_gpio.c(51): warning:  #177-D: variable "colors" was declared but never referenced
hw4_gpio.c(92): warning:  #550-D: variable "delay" was set but never used
compiling led_chars.c...
compiling doublebuffer.c...
compiling screen.c...
compiling pixel.c...
compiling renderer.c...
compiling animation.c...
compiling 2048.c...
2048.c(41): warning:  #223-D: function "uartTxPoll" declared implicitly
2048.c(46): warning:  #223-D: function "uartTxPoll" declared implicitly
2048.c(47): error:  #268: declaration may not appear after executable statement in block
2048.c(48): error:  #268: declaration may not appear after executable statement in block
2048.c(59): warning:  #223-D: function "uartTxPoll" declared implicitly
2048.c(69): warning:  #223-D: function "uartTxPoll" declared implicitly
".\ece353_base_project.axf" - 2 Errors, 8 Warning(s).
Target not created
Rebuild target 'base_project'
assembling Startup.s...
compiling main.c...
main.c(88): warning:  #550-D: variable "px" was set but never used
main.c(88): warning:  #550-D: variable "px2" was set but never used
compiling initBoard.c...
compiling systick.c...
compiling hw4_adc.c...
compiling hw4_gpio.c...
hw4_gpio.c(51): warning:  #177-D: variable "colors" was declared but never referenced
hw4_gpio.c(92): warning:  #550-D: variable "delay" was set but never used
compiling led_chars.c...
compiling doublebuffer.c...
compiling screen.c...
compiling pixel.c...
compiling renderer.c...
compiling animation.c...
compiling 2048.c...
2048.c(41): warning:  #223-D: function "uartTxPoll" declared implicitly
2048.c(46): warning:  #223-D: function "uartTxPoll" declared implicitly
2048.c(47): error:  #268: declaration may not appear after executable statement in block
2048.c(48): error:  #268: declaration may not appear after executable statement in block
2048.c(59): warning:  #223-D: function "uartTxPoll" declared implicitly
2048.c(69): warning:  #223-D: function "uartTxPoll" declared implicitly
".\ece353_base_project.axf" - 2 Errors, 8 Warning(s).
Target not created
Rebuild target 'base_project'
assembling Startup.s...
compiling main.c...
main.c(88): warning:  #550-D: variable "px" was set but never used
main.c(88): warning:  #550-D: variable "px2" was set but never used
compiling initBoard.c...
compiling systick.c...
compiling hw4_adc.c...
compiling hw4_gpio.c...
hw4_gpio.c(51): warning:  #177-D: variable "colors" was declared but never referenced
hw4_gpio.c(92): warning:  #550-D: variable "delay" was set but never used
compiling led_chars.c...
compiling doublebuffer.c...
compiling screen.c...
compiling pixel.c...
compiling renderer.c...
compiling animation.c...
compiling 2048.c...
2048.c(41): warning:  #223-D: function "uartTxPoll" declared implicitly
2048.c(48): warning:  #223-D: function "uartTxPoll" declared implicitly
2048.c(59): warning:  #223-D: function "uartTxPoll" declared implicitly
2048.c(69): warning:  #223-D: function "uartTxPoll" declared implicitly
linking...
Program Size: Code=5924 RO-data=52 RW-data=272 ZI-data=8720  
".\ece353_base_project.axf" - 0 Errors, 8 Warning(s).
Load "C:\\Users\\Martin Wickham\\KielProjects\\ECE 353\\Micro2048\\Dist\\p1\\ece353_base_project.axf" 
Connecting: Mode=JTAG, Speed=1000000Hz
Erase Done.
Programming Done.
Verify OK.
Rebuild target 'base_project'
assembling Startup.s...
compiling main.c...
main.c(88): warning:  #550-D: variable "px" was set but never used
main.c(88): warning:  #550-D: variable "px2" was set but never used
compiling initBoard.c...
compiling systick.c...
compiling hw4_adc.c...
compiling hw4_gpio.c...
hw4_gpio.c(51): warning:  #177-D: variable "colors" was declared but never referenced
hw4_gpio.c(92): warning:  #550-D: variable "delay" was set but never used
compiling led_chars.c...
compiling doublebuffer.c...
compiling screen.c...
compiling pixel.c...
compiling renderer.c...
compiling animation.c...
compiling 2048.c...
2048.c(41): warning:  #223-D: function "uartTxPoll" declared implicitly
2048.c(48): warning:  #223-D: function "uartTxPoll" declared implicitly
2048.c(59): warning:  #223-D: function "uartTxPoll" declared implicitly
2048.c(69): warning:  #223-D: function "uartTxPoll" declared implicitly
linking...
Program Size: Code=5908 RO-data=52 RW-data=272 ZI-data=8720  
".\ece353_base_project.axf" - 0 Errors, 8 Warning(s).
Load "C:\\Users\\Martin Wickham\\KielProjects\\ECE 353\\Micro2048\\Dist\\p1\\ece353_base_project.axf" 
Connecting: Mode=JTAG, Speed=1000000Hz
Erase Done.
Programming Done.
Verify OK.
Rebuild target 'base_project'
assembling Startup.s...
compiling main.c...
main.c(88): warning:  #550-D: variable "px" was set but never used
main.c(88): warning:  #550-D: variable "px2" was set but never used
compiling initBoard.c...
compiling systick.c...
compiling hw4_adc.c...
compiling hw4_gpio.c...
hw4_gpio.c(51): warning:  #177-D: variable "colors" was declared but never referenced
hw4_gpio.c(92): warning:  #550-D: variable "delay" was set but never used
compiling led_chars.c...
compiling doublebuffer.c...
compiling screen.c...
compiling pixel.c...
compiling renderer.c...
compiling animation.c...
compiling 2048.c...
2048.c(41): warning:  #223-D: function "uartTxPoll" declared implicitly
2048.c(48): warning:  #223-D: function "uartTxPoll" declared implicitly
2048.c(59): warning:  #223-D: function "uartTxPoll" declared implicitly
2048.c(69): warning:  #223-D: function "uartTxPoll" declared implicitly
linking...
Program Size: Code=5912 RO-data=52 RW-data=272 ZI-data=8720  
".\ece353_base_project.axf" - 0 Errors, 8 Warning(s).
Load "C:\\Users\\Martin Wickham\\KielProjects\\ECE 353\\Micro2048\\Dist\\p1\\ece353_base_project.axf" 
Connecting: Mode=JTAG, Speed=1000000Hz
Erase Done.
Programming Done.
Verify OK.
Rebuild target 'base_project'
assembling Startup.s...
compiling main.c...
main.c(88): warning:  #550-D: variable "px2" was set but never used
compiling initBoard.c...
compiling systick.c...
compiling hw4_adc.c...
compiling hw4_gpio.c...
hw4_gpio.c(51): warning:  #177-D: variable "colors" was declared but never referenced
hw4_gpio.c(92): warning:  #550-D: variable "delay" was set but never used
compiling led_chars.c...
compiling doublebuffer.c...
compiling screen.c...
compiling pixel.c...
compiling renderer.c...
compiling animation.c...
compiling 2048.c...
2048.c(41): warning:  #223-D: function "uartTxPoll" declared implicitly
2048.c(48): warning:  #223-D: function "uartTxPoll" declared implicitly
2048.c(59): warning:  #223-D: function "uartTxPoll" declared implicitly
2048.c(69): warning:  #223-D: function "uartTxPoll" declared implicitly
linking...
Program Size: Code=5956 RO-data=52 RW-data=272 ZI-data=8720  
".\ece353_base_project.axf" - 0 Errors, 7 Warning(s).
Load "C:\\Users\\Martin Wickham\\KielProjects\\ECE 353\\Micro2048\\Dist\\p1\\ece353_base_project.axf" 
Connecting: Mode=JTAG, Speed=1000000Hz
Erase Done.
Programming Done.
Verify OK.
Rebuild target 'base_project'
assembling Startup.s...
compiling main.c...
main.c(88): warning:  #550-D: variable "px2" was set but never used
compiling initBoard.c...
compiling systick.c...
compiling hw4_adc.c...
compiling hw4_gpio.c...
hw4_gpio.c(51): warning:  #177-D: variable "colors" was declared but never referenced
hw4_gpio.c(92): warning:  #550-D: variable "delay" was set but never used
compiling led_chars.c...
compiling doublebuffer.c...
compiling screen.c...
compiling pixel.c...
compiling renderer.c...
compiling animation.c...
compiling 2048.c...
2048.c(41): warning:  #223-D: function "uartTxPoll" declared implicitly
2048.c(48): warning:  #223-D: function "uartTxPoll" declared implicitly
2048.c(59): warning:  #223-D: function "uartTxPoll" declared implicitly
2048.c(69): warning:  #223-D: function "uartTxPoll" declared implicitly
linking...
Program Size: Code=5956 RO-data=52 RW-data=272 ZI-data=8720  
".\ece353_base_project.axf" - 0 Errors, 7 Warning(s).
Load "C:\\Users\\Martin Wickham\\KielProjects\\ECE 353\\Micro2048\\Dist\\p1\\ece353_base_project.axf" 
Connecting: Mode=JTAG, Speed=1000000Hz
Erase Done.
Programming Done.
Verify OK.
Rebuild target 'base_project'
assembling Startup.s...
compiling main.c...
main.c(89): warning:  #550-D: variable "px2" was set but never used
compiling initBoard.c...
compiling systick.c...
compiling hw4_adc.c...
compiling hw4_gpio.c...
hw4_gpio.c(51): warning:  #177-D: variable "colors" was declared but never referenced
hw4_gpio.c(92): warning:  #550-D: variable "delay" was set but never used
compiling led_chars.c...
compiling doublebuffer.c...
compiling screen.c...
compiling pixel.c...
compiling renderer.c...
compiling animation.c...
compiling 2048.c...
2048.c(41): warning:  #223-D: function "uartTxPoll" declared implicitly
2048.c(48): warning:  #223-D: function "uartTxPoll" declared implicitly
2048.c(59): warning:  #223-D: function "uartTxPoll" declared implicitly
2048.c(69): warning:  #223-D: function "uartTxPoll" declared implicitly
linking...
Program Size: Code=5992 RO-data=52 RW-data=272 ZI-data=8720  
".\ece353_base_project.axf" - 0 Errors, 7 Warning(s).
Load "C:\\Users\\Martin Wickham\\KielProjects\\ECE 353\\Micro2048\\Dist\\p1\\ece353_base_project.axf" 
Connecting: Mode=JTAG, Speed=1000000Hz
Erase Done.
Programming Done.
Verify OK.
Rebuild target 'base_project'
assembling Startup.s...
compiling main.c...
main.c(89): warning:  #550-D: variable "px2" was set but never used
compiling initBoard.c...
compiling systick.c...
compiling hw4_adc.c...
compiling hw4_gpio.c...
hw4_gpio.c(51): warning:  #177-D: variable "colors" was declared but never referenced
hw4_gpio.c(92): warning:  #550-D: variable "delay" was set but never used
compiling led_chars.c...
compiling doublebuffer.c...
compiling screen.c...
compiling pixel.c...
compiling renderer.c...
compiling animation.c...
compiling 2048.c...
2048.c(41): warning:  #223-D: function "uartTxPoll" declared implicitly
2048.c(48): warning:  #223-D: function "uartTxPoll" declared implicitly
2048.c(59): warning:  #223-D: function "uartTxPoll" declared implicitly
2048.c(69): warning:  #223-D: function "uartTxPoll" declared implicitly
linking...
Program Size: Code=5992 RO-data=52 RW-data=272 ZI-data=8720  
".\ece353_base_project.axf" - 0 Errors, 7 Warning(s).
Load "C:\\Users\\Martin Wickham\\KielProjects\\ECE 353\\Micro2048\\Dist\\p1\\ece353_base_project.axf" 
Connecting: Mode=JTAG, Speed=1000000Hz
Erase Done.
Programming Done.
Verify OK.
Rebuild target 'base_project'
assembling Startup.s...
compiling main.c...
main.c(88): warning:  #550-D: variable "px2" was set but never used
compiling initBoard.c...
compiling systick.c...
compiling hw4_adc.c...
compiling hw4_gpio.c...
hw4_gpio.c(51): warning:  #177-D: variable "colors" was declared but never referenced
hw4_gpio.c(92): warning:  #550-D: variable "delay" was set but never used
compiling led_chars.c...
compiling doublebuffer.c...
compiling screen.c...
compiling pixel.c...
compiling renderer.c...
compiling animation.c...
compiling 2048.c...
2048.c(41): warning:  #223-D: function "uartTxPoll" declared implicitly
2048.c(48): warning:  #223-D: function "uartTxPoll" declared implicitly
2048.c(59): warning:  #223-D: function "uartTxPoll" declared implicitly
2048.c(69): warning:  #223-D: function "uartTxPoll" declared implicitly
linking...
Program Size: Code=5972 RO-data=52 RW-data=272 ZI-data=8720  
".\ece353_base_project.axf" - 0 Errors, 7 Warning(s).
Load "C:\\Users\\Martin Wickham\\KielProjects\\ECE 353\\Micro2048\\Dist\\p1\\ece353_base_project.axf" 
Connecting: Mode=JTAG, Speed=1000000Hz
Erase Done.
Programming Done.
Verify OK.
Rebuild target 'base_project'
assembling Startup.s...
compiling main.c...
main.c(88): warning:  #550-D: variable "px" was set but never used
main.c(88): warning:  #550-D: variable "px2" was set but never used
compiling initBoard.c...
compiling systick.c...
compiling hw4_adc.c...
compiling hw4_gpio.c...
hw4_gpio.c(51): warning:  #177-D: variable "colors" was declared but never referenced
hw4_gpio.c(92): warning:  #550-D: variable "delay" was set but never used
compiling led_chars.c...
compiling doublebuffer.c...
compiling screen.c...
compiling pixel.c...
compiling renderer.c...
compiling animation.c...
compiling 2048.c...
2048.c(41): warning:  #223-D: function "uartTxPoll" declared implicitly
2048.c(48): warning:  #223-D: function "uartTxPoll" declared implicitly
2048.c(59): warning:  #223-D: function "uartTxPoll" declared implicitly
2048.c(69): warning:  #223-D: function "uartTxPoll" declared implicitly
linking...
Program Size: Code=6084 RO-data=52 RW-data=272 ZI-data=8720  
".\ece353_base_project.axf" - 0 Errors, 8 Warning(s).
Load "C:\\Users\\Martin Wickham\\KielProjects\\ECE 353\\Micro2048\\Dist\\p1\\ece353_base_project.axf" 
Connecting: Mode=JTAG, Speed=1000000Hz
Erase Done.
Programming Done.
Verify OK.
Rebuild target 'base_project'
assembling Startup.s...
compiling main.c...
main.c(88): warning:  #550-D: variable "px" was set but never used
main.c(88): warning:  #550-D: variable "px2" was set but never used
compiling initBoard.c...
compiling systick.c...
compiling hw4_adc.c...
compiling hw4_gpio.c...
hw4_gpio.c(51): warning:  #177-D: variable "colors" was declared but never referenced
hw4_gpio.c(92): warning:  #550-D: variable "delay" was set but never used
compiling led_chars.c...
compiling doublebuffer.c...
compiling screen.c...
compiling pixel.c...
compiling renderer.c...
compiling animation.c...
compiling 2048.c...
linking...
Program Size: Code=5952 RO-data=52 RW-data=272 ZI-data=8720  
".\ece353_base_project.axf" - 0 Errors, 4 Warning(s).
Load "C:\\Users\\Martin Wickham\\KielProjects\\ECE 353\\Micro2048\\Dist\\p1\\ece353_base_project.axf" 
Connecting: Mode=JTAG, Speed=1000000Hz
Erase Done.
Programming Done.
Verify OK.
Rebuild target 'base_project'
assembling Startup.s...
compiling main.c...
main.c(88): warning:  #550-D: variable "px" was set but never used
main.c(88): warning:  #550-D: variable "px2" was set but never used
compiling initBoard.c...
compiling systick.c...
compiling hw4_adc.c...
compiling hw4_gpio.c...
hw4_gpio.c(51): warning:  #177-D: variable "colors" was declared but never referenced
hw4_gpio.c(92): warning:  #550-D: variable "delay" was set but never used
compiling led_chars.c...
compiling doublebuffer.c...
compiling screen.c...
compiling pixel.c...
compiling renderer.c...
compiling animation.c...
compiling 2048.c...
linking...
Program Size: Code=5952 RO-data=52 RW-data=272 ZI-data=8720  
".\ece353_base_project.axf" - 0 Errors, 4 Warning(s).
Load "C:\\Users\\Martin Wickham\\KielProjects\\ECE 353\\Micro2048\\Dist\\p1\\ece353_base_project.axf" 
Connecting: Mode=JTAG, Speed=1000000Hz
Erase Done.
Programming Done.
Verify OK.
Rebuild target 'base_project'
assembling Startup.s...
compiling main.c...
main.c(88): warning:  #550-D: variable "px" was set but never used
main.c(88): warning:  #550-D: variable "px2" was set but never used
compiling initBoard.c...
compiling systick.c...
compiling hw4_adc.c...
compiling hw4_gpio.c...
hw4_gpio.c(51): warning:  #177-D: variable "colors" was declared but never referenced
hw4_gpio.c(92): warning:  #550-D: variable "delay" was set but never used
compiling led_chars.c...
compiling doublebuffer.c...
compiling screen.c...
compiling pixel.c...
compiling renderer.c...
compiling animation.c...
compiling 2048.c...
linking...
Program Size: Code=5952 RO-data=52 RW-data=280 ZI-data=8720  
".\ece353_base_project.axf" - 0 Errors, 4 Warning(s).
Load "C:\\Users\\Martin Wickham\\KielProjects\\ECE 353\\Micro2048\\Dist\\p1\\ece353_base_project.axf" 
Connecting: Mode=JTAG, Speed=1000000Hz
Erase Done.
Programming Done.
Verify OK.
Rebuild target 'base_project'
assembling Startup.s...
compiling main.c...
main.c(88): warning:  #550-D: variable "px" was set but never used
main.c(88): warning:  #550-D: variable "px2" was set but never used
compiling initBoard.c...
compiling systick.c...
compiling hw4_adc.c...
compiling hw4_gpio.c...
hw4_gpio.c(51): warning:  #177-D: variable "colors" was declared but never referenced
hw4_gpio.c(92): warning:  #550-D: variable "delay" was set but never used
compiling led_chars.c...
compiling doublebuffer.c...
compiling screen.c...
compiling pixel.c...
compiling renderer.c...
compiling animation.c...
compiling 2048.c...
2048.c(43): warning:  #223-D: function "uartTxPoll" declared implicitly
2048.c(50): warning:  #223-D: function "uartTxPoll" declared implicitly
2048.c(61): warning:  #223-D: function "uartTxPoll" declared implicitly
2048.c(71): warning:  #223-D: function "uartTxPoll" declared implicitly
linking...
Program Size: Code=6068 RO-data=52 RW-data=280 ZI-data=8720  
".\ece353_base_project.axf" - 0 Errors, 8 Warning(s).
Rebuild target 'base_project'
assembling Startup.s...
compiling main.c...
main.c(88): warning:  #550-D: variable "px" was set but never used
main.c(88): warning:  #550-D: variable "px2" was set but never used
compiling initBoard.c...
compiling systick.c...
compiling hw4_adc.c...
compiling hw4_gpio.c...
hw4_gpio.c(51): warning:  #177-D: variable "colors" was declared but never referenced
hw4_gpio.c(92): warning:  #550-D: variable "delay" was set but never used
compiling led_chars.c...
compiling doublebuffer.c...
compiling screen.c...
compiling pixel.c...
compiling renderer.c...
compiling animation.c...
compiling 2048.c...
2048.c(43): warning:  #223-D: function "uartTxPoll" declared implicitly
2048.c(50): warning:  #223-D: function "uartTxPoll" declared implicitly
2048.c(61): warning:  #223-D: function "uartTxPoll" declared implicitly
2048.c(71): warning:  #223-D: function "uartTxPoll" declared implicitly
linking...
Program Size: Code=5908 RO-data=52 RW-data=280 ZI-data=8720  
".\ece353_base_project.axf" - 0 Errors, 8 Warning(s).
Load "C:\\Users\\Martin Wickham\\KielProjects\\ECE 353\\Micro2048\\Dist\\p1\\ece353_base_project.axf" 
Connecting: Mode=JTAG, Speed=1000000Hz
Erase Done.
Programming Done.
Verify OK.
Rebuild target 'base_project'
assembling Startup.s...
compiling main.c...
main.c(88): warning:  #550-D: variable "px" was set but never used
main.c(88): warning:  #550-D: variable "px2" was set but never used
compiling initBoard.c...
compiling systick.c...
compiling hw4_adc.c...
compiling hw4_gpio.c...
hw4_gpio.c(51): warning:  #177-D: variable "colors" was declared but never referenced
hw4_gpio.c(92): warning:  #550-D: variable "delay" was set but never used
compiling led_chars.c...
compiling doublebuffer.c...
compiling screen.c...
compiling pixel.c...
compiling renderer.c...
compiling animation.c...
compiling 2048.c...
2048.c(43): warning:  #223-D: function "uartTxPoll" declared implicitly
2048.c(50): warning:  #223-D: function "uartTxPoll" declared implicitly
2048.c(61): warning:  #223-D: function "uartTxPoll" declared implicitly
2048.c(71): warning:  #223-D: function "uartTxPoll" declared implicitly
linking...
Program Size: Code=5940 RO-data=52 RW-data=280 ZI-data=8720  
".\ece353_base_project.axf" - 0 Errors, 8 Warning(s).
Load "C:\\Users\\Martin Wickham\\KielProjects\\ECE 353\\Micro2048\\Dist\\p1\\ece353_base_project.axf" 
Connecting: Mode=JTAG, Speed=1000000Hz
Erase Done.
Programming Done.
Verify OK.
Rebuild target 'base_project'
assembling Startup.s...
compiling main.c...
main.c(88): warning:  #550-D: variable "px" was set but never used
main.c(88): warning:  #550-D: variable "px2" was set but never used
compiling initBoard.c...
compiling systick.c...
compiling hw4_adc.c...
compiling hw4_gpio.c...
hw4_gpio.c(51): warning:  #177-D: variable "colors" was declared but never referenced
hw4_gpio.c(92): warning:  #550-D: variable "delay" was set but never used
compiling led_chars.c...
compiling doublebuffer.c...
compiling screen.c...
compiling pixel.c...
compiling renderer.c...
compiling animation.c...
compiling 2048.c...
2048.c(43): warning:  #223-D: function "uartTxPoll" declared implicitly
2048.c(50): warning:  #223-D: function "uartTxPoll" declared implicitly
2048.c(61): warning:  #223-D: function "uartTxPoll" declared implicitly
2048.c(71): warning:  #223-D: function "uartTxPoll" declared implicitly
linking...
Program Size: Code=5988 RO-data=52 RW-data=280 ZI-data=8720  
".\ece353_base_project.axf" - 0 Errors, 8 Warning(s).
Load "C:\\Users\\Martin Wickham\\KielProjects\\ECE 353\\Micro2048\\Dist\\p1\\ece353_base_project.axf" 
Connecting: Mode=JTAG, Speed=1000000Hz
Erase Done.
Programming Done.
Verify OK.
Rebuild target 'base_project'
assembling Startup.s...
compiling main.c...
main.c(88): warning:  #550-D: variable "px" was set but never used
main.c(88): warning:  #550-D: variable "px2" was set but never used
compiling initBoard.c...
compiling systick.c...
compiling hw4_adc.c...
compiling hw4_gpio.c...
hw4_gpio.c(51): warning:  #177-D: variable "colors" was declared but never referenced
hw4_gpio.c(92): warning:  #550-D: variable "delay" was set but never used
compiling led_chars.c...
compiling doublebuffer.c...
compiling screen.c...
compiling pixel.c...
compiling renderer.c...
compiling animation.c...
compiling 2048.c...
2048.c(43): warning:  #223-D: function "uartTxPoll" declared implicitly
2048.c(50): warning:  #223-D: function "uartTxPoll" declared implicitly
2048.c(61): warning:  #223-D: function "uartTxPoll" declared implicitly
2048.c(71): warning:  #223-D: function "uartTxPoll" declared implicitly
linking...
Program Size: Code=6036 RO-data=52 RW-data=280 ZI-data=8720  
".\ece353_base_project.axf" - 0 Errors, 8 Warning(s).
Load "C:\\Users\\Martin Wickham\\KielProjects\\ECE 353\\Micro2048\\Dist\\p1\\ece353_base_project.axf" 
Connecting: Mode=JTAG, Speed=1000000Hz
Erase Done.
Programming Done.
Verify OK.
Rebuild target 'base_project'
assembling Startup.s...
compiling main.c...
main.c(88): warning:  #550-D: variable "px" was set but never used
main.c(88): warning:  #550-D: variable "px2" was set but never used
compiling initBoard.c...
compiling systick.c...
compiling hw4_adc.c...
compiling hw4_gpio.c...
hw4_gpio.c(51): warning:  #177-D: variable "colors" was declared but never referenced
hw4_gpio.c(92): warning:  #550-D: variable "delay" was set but never used
compiling led_chars.c...
compiling doublebuffer.c...
compiling screen.c...
compiling pixel.c...
compiling renderer.c...
compiling animation.c...
compiling 2048.c...
2048.c(43): warning:  #223-D: function "uartTxPoll" declared implicitly
2048.c(50): warning:  #223-D: function "uartTxPoll" declared implicitly
2048.c(61): warning:  #223-D: function "uartTxPoll" declared implicitly
2048.c(71): warning:  #223-D: function "uartTxPoll" declared implicitly
linking...
Program Size: Code=6072 RO-data=52 RW-data=280 ZI-data=8720  
".\ece353_base_project.axf" - 0 Errors, 8 Warning(s).
Load "C:\\Users\\Martin Wickham\\KielProjects\\ECE 353\\Micro2048\\Dist\\p1\\ece353_base_project.axf" 
Connecting: Mode=JTAG, Speed=1000000Hz
Erase Done.
Programming Done.
Verify OK.
Rebuild target 'base_project'
assembling Startup.s...
compiling main.c...
main.c(88): warning:  #550-D: variable "px" was set but never used
main.c(88): warning:  #550-D: variable "px2" was set but never used
compiling initBoard.c...
compiling systick.c...
compiling hw4_adc.c...
compiling hw4_gpio.c...
hw4_gpio.c(51): warning:  #177-D: variable "colors" was declared but never referenced
hw4_gpio.c(92): warning:  #550-D: variable "delay" was set but never used
compiling led_chars.c...
compiling doublebuffer.c...
compiling screen.c...
compiling pixel.c...
compiling renderer.c...
compiling animation.c...
compiling 2048.c...
2048.c(43): warning:  #223-D: function "uartTxPoll" declared implicitly
2048.c(50): warning:  #223-D: function "uartTxPoll" declared implicitly
2048.c(61): warning:  #223-D: function "uartTxPoll" declared implicitly
2048.c(71): warning:  #223-D: function "uartTxPoll" declared implicitly
linking...
Program Size: Code=6072 RO-data=52 RW-data=280 ZI-data=8720  
".\ece353_base_project.axf" - 0 Errors, 8 Warning(s).
Load "C:\\Users\\Martin Wickham\\KielProjects\\ECE 353\\Micro2048\\Dist\\p1\\ece353_base_project.axf" 
Connecting: Mode=JTAG, Speed=1000000Hz
Erase Done.
Programming Done.
Verify OK.
Rebuild target 'base_project'
assembling Startup.s...
compiling main.c...
main.c(88): warning:  #550-D: variable "px" was set but never used
main.c(88): warning:  #550-D: variable "px2" was set but never used
compiling initBoard.c...
compiling systick.c...
compiling hw4_adc.c...
compiling hw4_gpio.c...
hw4_gpio.c(51): warning:  #177-D: variable "colors" was declared but never referenced
hw4_gpio.c(92): warning:  #550-D: variable "delay" was set but never used
compiling led_chars.c...
compiling doublebuffer.c...
compiling screen.c...
compiling pixel.c...
compiling renderer.c...
compiling animation.c...
compiling 2048.c...
linking...
Program Size: Code=5976 RO-data=52 RW-data=280 ZI-data=8720  
".\ece353_base_project.axf" - 0 Errors, 4 Warning(s).
Load "C:\\Users\\Martin Wickham\\KielProjects\\ECE 353\\Micro2048\\Dist\\p1\\ece353_base_project.axf" 
Connecting: Mode=JTAG, Speed=1000000Hz
Erase Done.
Programming Done.
Verify OK.
Rebuild target 'base_project'
assembling Startup.s...
compiling main.c...
main.c(88): warning:  #550-D: variable "px" was set but never used
main.c(88): warning:  #550-D: variable "px2" was set but never used
compiling initBoard.c...
compiling systick.c...
compiling hw4_adc.c...
compiling hw4_gpio.c...
hw4_gpio.c(51): warning:  #177-D: variable "colors" was declared but never referenced
hw4_gpio.c(92): warning:  #550-D: variable "delay" was set but never used
compiling led_chars.c...
compiling doublebuffer.c...
compiling screen.c...
compiling pixel.c...
compiling renderer.c...
compiling animation.c...
compiling 2048.c...
linking...
Program Size: Code=5848 RO-data=52 RW-data=280 ZI-data=8720  
".\ece353_base_project.axf" - 0 Errors, 4 Warning(s).
Load "C:\\Users\\Martin Wickham\\KielProjects\\ECE 353\\Micro2048\\Dist\\p1\\ece353_base_project.axf" 
Connecting: Mode=JTAG, Speed=1000000Hz
Erase Done.
Programming Done.
Verify OK.
Rebuild target 'base_project'
assembling Startup.s...
compiling main.c...
main.c(88): warning:  #550-D: variable "px" was set but never used
main.c(88): warning:  #550-D: variable "px2" was set but never used
compiling initBoard.c...
compiling systick.c...
compiling hw4_adc.c...
compiling hw4_gpio.c...
hw4_gpio.c(51): warning:  #177-D: variable "colors" was declared but never referenced
hw4_gpio.c(92): warning:  #550-D: variable "delay" was set but never used
compiling led_chars.c...
compiling doublebuffer.c...
compiling screen.c...
compiling pixel.c...
compiling renderer.c...
compiling animation.c...
compiling 2048.c...
linking...
Program Size: Code=5856 RO-data=52 RW-data=280 ZI-data=8720  
".\ece353_base_project.axf" - 0 Errors, 4 Warning(s).
Load "C:\\Users\\Martin Wickham\\KielProjects\\ECE 353\\Micro2048\\Dist\\p1\\ece353_base_project.axf" 
Connecting: Mode=JTAG, Speed=1000000Hz
Erase Done.
Programming Done.
Verify OK.
Rebuild target 'base_project'
assembling Startup.s...
compiling main.c...
main.c(88): warning:  #550-D: variable "px" was set but never used
main.c(88): warning:  #550-D: variable "px2" was set but never used
compiling initBoard.c...
compiling systick.c...
compiling hw4_adc.c...
compiling hw4_gpio.c...
hw4_gpio.c(51): warning:  #177-D: variable "colors" was declared but never referenced
hw4_gpio.c(92): warning:  #550-D: variable "delay" was set but never used
compiling led_chars.c...
compiling doublebuffer.c...
compiling screen.c...
compiling pixel.c...
compiling renderer.c...
compiling animation.c...
compiling 2048.c...
linking...
Program Size: Code=5856 RO-data=52 RW-data=280 ZI-data=8720  
".\ece353_base_project.axf" - 0 Errors, 4 Warning(s).
Load "C:\\Users\\Martin Wickham\\KielProjects\\ECE 353\\Micro2048\\Dist\\p1\\ece353_base_project.axf" 
Connecting: Mode=JTAG, Speed=1000000Hz
Erase Done.
Programming Done.
Verify OK.
Rebuild target 'base_project'
assembling Startup.s...
compiling main.c...
main.c(88): warning:  #550-D: variable "px" was set but never used
main.c(88): warning:  #550-D: variable "px2" was set but never used
compiling initBoard.c...
compiling systick.c...
compiling hw4_adc.c...
compiling hw4_gpio.c...
hw4_gpio.c(51): warning:  #177-D: variable "colors" was declared but never referenced
hw4_gpio.c(92): warning:  #550-D: variable "delay" was set but never used
compiling led_chars.c...
compiling doublebuffer.c...
compiling screen.c...
compiling pixel.c...
compiling renderer.c...
compiling animation.c...
compiling 2048.c...
linking...
Program Size: Code=5852 RO-data=52 RW-data=280 ZI-data=8720  
".\ece353_base_project.axf" - 0 Errors, 4 Warning(s).
Load "C:\\Users\\Martin Wickham\\KielProjects\\ECE 353\\Micro2048\\Dist\\p1\\ece353_base_project.axf" 
Connecting: Mode=JTAG, Speed=1000000Hz
Erase Done.
Programming Done.
Verify OK.
Rebuild target 'base_project'
assembling Startup.s...
compiling main.c...
main.c(88): warning:  #550-D: variable "px" was set but never used
main.c(88): warning:  #550-D: variable "px2" was set but never used
compiling initBoard.c...
compiling systick.c...
compiling hw4_adc.c...
compiling hw4_gpio.c...
hw4_gpio.c(51): warning:  #177-D: variable "colors" was declared but never referenced
hw4_gpio.c(92): warning:  #550-D: variable "delay" was set but never used
compiling led_chars.c...
compiling doublebuffer.c...
compiling screen.c...
compiling pixel.c...
compiling renderer.c...
compiling animation.c...
compiling 2048.c...
linking...
Program Size: Code=6012 RO-data=52 RW-data=280 ZI-data=8720  
".\ece353_base_project.axf" - 0 Errors, 4 Warning(s).
Load "C:\\Users\\Martin Wickham\\KielProjects\\ECE 353\\Micro2048\\Dist\\p1\\ece353_base_project.axf" 
Connecting: Mode=JTAG, Speed=1000000Hz
Erase Done.
Programming Done.
Verify OK.
Rebuild target 'base_project'
assembling Startup.s...
compiling main.c...
main.c(88): warning:  #550-D: variable "px" was set but never used
main.c(88): warning:  #550-D: variable "px2" was set but never used
compiling initBoard.c...
compiling systick.c...
compiling hw4_adc.c...
compiling hw4_gpio.c...
hw4_gpio.c(51): warning:  #177-D: variable "colors" was declared but never referenced
hw4_gpio.c(92): warning:  #550-D: variable "delay" was set but never used
compiling led_chars.c...
compiling doublebuffer.c...
compiling screen.c...
compiling pixel.c...
compiling renderer.c...
compiling animation.c...
compiling 2048.c...
linking...
Program Size: Code=6012 RO-data=52 RW-data=280 ZI-data=8720  
".\ece353_base_project.axf" - 0 Errors, 4 Warning(s).
Load "C:\\Users\\Martin Wickham\\KielProjects\\ECE 353\\Micro2048\\Dist\\p1\\ece353_base_project.axf" 
Connecting: Mode=JTAG, Speed=1000000Hz
Erase Done.
Programming Done.
Verify OK.
