<html>
<body>
<pre>
<h1>µVision Build Log</h1>
<h2>Project:</h2>
C:\Users\Martin Wickham\KielProjects\ECE 353\Micro2048\Dist\p1\ece353_base_project.uvproj
Project File Date:  04/04/2014

<h2>Output:</h2>
Rebuild target 'base_project'
assembling Startup.s...
compiling main.c...
pixel.h(10): error:  #169: expected a declaration
compiling initBoard.c...
compiling systick.c...
compiling hw4_adc.c...
compiling hw4_gpio.c...
hw4_gpio.c(137): warning:  #550-D: variable "delay" was set but never used
compiling led_chars.c...
".\ece353_base_project.axf" - 1 Errors, 1 Warning(s).
Target not created
Rebuild target 'base_project'
assembling Startup.s...
compiling main.c...
screen.h(8): warning:  #1295-D: Deprecated declaration clearScreen - give arg types
compiling initBoard.c...
compiling systick.c...
compiling hw4_adc.c...
compiling hw4_gpio.c...
hw4_gpio.c(137): warning:  #550-D: variable "delay" was set but never used
compiling led_chars.c...
linking...
Program Size: Code=3296 RO-data=168 RW-data=212 ZI-data=4108  
".\ece353_base_project.axf" - 0 Errors, 2 Warning(s).
Rebuild target 'base_project'
assembling Startup.s...
compiling main.c...
compiling initBoard.c...
compiling systick.c...
compiling hw4_adc.c...
compiling hw4_gpio.c...
hw4_gpio.c(137): warning:  #550-D: variable "delay" was set but never used
compiling led_chars.c...
linking...
Program Size: Code=3296 RO-data=168 RW-data=212 ZI-data=4108  
".\ece353_base_project.axf" - 0 Errors, 1 Warning(s).
Rebuild target 'base_project'
assembling Startup.s...
compiling main.c...
screen.h(6): error:  #40: expected an identifier
screen.h(6): error:  #65: expected a ";"
compiling initBoard.c...
compiling systick.c...
compiling hw4_adc.c...
compiling hw4_gpio.c...
hw4_gpio.c(137): warning:  #550-D: variable "delay" was set but never used
compiling led_chars.c...
".\ece353_base_project.axf" - 2 Errors, 1 Warning(s).
Target not created
Rebuild target 'base_project'
assembling Startup.s...
compiling main.c...
renderer.h(8): warning:  #1295-D: Deprecated declaration getCurrentBuffer - give arg types
doublebuffer.h(6): warning:  #1295-D: Deprecated declaration initDoubleBuffers - give arg types
doublebuffer.h(7): warning:  #1295-D: Deprecated declaration swapBuffers - give arg types
doublebuffer.h(8): warning:  #1295-D: Deprecated declaration getDrawBuffer - give arg types
doublebuffer.h(9): warning:  #1295-D: Deprecated declaration clearDrawBuffer - give arg types
compiling initBoard.c...
compiling systick.c...
compiling hw4_adc.c...
compiling hw4_gpio.c...
hw4_gpio.c(137): warning:  #550-D: variable "delay" was set but never used
compiling led_chars.c...
linking...
Program Size: Code=3296 RO-data=168 RW-data=212 ZI-data=4108  
".\ece353_base_project.axf" - 0 Errors, 6 Warning(s).
Rebuild target 'base_project'
assembling Startup.s...
compiling main.c...
renderer.h(8): warning:  #1295-D: Deprecated declaration getCurrentBuffer - give arg types
compiling initBoard.c...
compiling systick.c...
compiling hw4_adc.c...
compiling hw4_gpio.c...
hw4_gpio.c(137): warning:  #550-D: variable "delay" was set but never used
compiling led_chars.c...
linking...
Program Size: Code=3296 RO-data=168 RW-data=212 ZI-data=4108  
".\ece353_base_project.axf" - 0 Errors, 2 Warning(s).
Rebuild target 'base_project'
assembling Startup.s...
compiling main.c...
compiling initBoard.c...
compiling systick.c...
compiling hw4_adc.c...
compiling hw4_gpio.c...
hw4_gpio.c(137): warning:  #550-D: variable "delay" was set but never used
compiling led_chars.c...
linking...
Program Size: Code=3296 RO-data=168 RW-data=212 ZI-data=4108  
".\ece353_base_project.axf" - 0 Errors, 1 Warning(s).
Rebuild target 'base_project'
assembling Startup.s...
compiling main.c...
compiling initBoard.c...
compiling systick.c...
compiling hw4_adc.c...
compiling hw4_gpio.c...
hw4_gpio.c(137): warning:  #550-D: variable "delay" was set but never used
compiling led_chars.c...
linking...
Program Size: Code=3296 RO-data=168 RW-data=212 ZI-data=4108  
".\ece353_base_project.axf" - 0 Errors, 1 Warning(s).
Rebuild target 'base_project'
assembling Startup.s...
compiling main.c...
compiling initBoard.c...
compiling systick.c...
compiling hw4_adc.c...
compiling hw4_gpio.c...
hw4_gpio.c(100): warning:  #177-D: variable "data" was declared but never referenced
hw4_gpio.c(115): warning:  #550-D: variable "delay" was set but never used
compiling led_chars.c...
compiling doublebuffer.c...
compiling renderer.c...
renderer.c(17): error:  #29: expected an expression
renderer.c(17): error:  #20: identifier "c" is undefined
".\ece353_base_project.axf" - 2 Errors, 2 Warning(s).
Target not created
Rebuild target 'base_project'
assembling Startup.s...
compiling main.c...
compiling initBoard.c...
compiling systick.c...
compiling hw4_adc.c...
compiling hw4_gpio.c...
hw4_gpio.c(114): warning:  #550-D: variable "delay" was set but never used
compiling led_chars.c...
compiling doublebuffer.c...
compiling renderer.c...
linking...
.\ece353_base_project.axf: Error: L6218E: Undefined symbol clearFrame (referred from doublebuffer.o).
".\ece353_base_project.axf" - 1 Errors, 1 Warning(s).
Target not created
Rebuild target 'base_project'
assembling Startup.s...
compiling main.c...
compiling initBoard.c...
compiling systick.c...
compiling hw4_adc.c...
compiling hw4_gpio.c...
hw4_gpio.c(114): warning:  #550-D: variable "delay" was set but never used
compiling led_chars.c...
compiling doublebuffer.c...
compiling renderer.c...
compiling screen.c...
linking...
.\ece353_base_project.axf: Error: L6218E: Undefined symbol clearFrame (referred from doublebuffer.o).
".\ece353_base_project.axf" - 1 Errors, 1 Warning(s).
Target not created
Rebuild target 'base_project'
assembling Startup.s...
compiling main.c...
compiling initBoard.c...
compiling systick.c...
compiling hw4_adc.c...
compiling hw4_gpio.c...
hw4_gpio.c(114): warning:  #550-D: variable "delay" was set but never used
compiling led_chars.c...
compiling doublebuffer.c...
compiling renderer.c...
compiling screen.c...
screen.c(4): warning:  #223-D: function "memset" declared implicitly
linking...
Program Size: Code=2498 RO-data=38 RW-data=224 ZI-data=4624  
".\ece353_base_project.axf" - 0 Errors, 2 Warning(s).
Rebuild target 'base_project'
assembling Startup.s...
compiling main.c...
compiling initBoard.c...
compiling systick.c...
compiling hw4_adc.c...
compiling hw4_gpio.c...
hw4_gpio.c(114): warning:  #550-D: variable "delay" was set but never used
compiling led_chars.c...
compiling doublebuffer.c...
compiling renderer.c...
compiling screen.c...
linking...
Program Size: Code=2498 RO-data=38 RW-data=224 ZI-data=4624  
".\ece353_base_project.axf" - 0 Errors, 1 Warning(s).
Load "C:\\Users\\Martin Wickham\\KielProjects\\ECE 353\\Micro2048\\Dist\\p1\\ece353_base_project.axf" 
Connecting: Mode=JTAG, Speed=1000000Hz
Erase Done.
Programming Done.
Verify OK.
Rebuild target 'base_project'
assembling Startup.s...
compiling main.c...
compiling initBoard.c...
compiling systick.c...
systick.c(29): error:  #20: identifier "screenCount" is undefined
compiling hw4_adc.c...
compiling hw4_gpio.c...
hw4_gpio.c(113): warning:  #550-D: variable "delay" was set but never used
compiling led_chars.c...
compiling doublebuffer.c...
compiling renderer.c...
compiling screen.c...
".\ece353_base_project.axf" - 1 Errors, 1 Warning(s).
Target not created
Load "C:\\Users\\Martin Wickham\\KielProjects\\ECE 353\\Micro2048\\Dist\\p1\\ece353_base_project.axf" 
Connecting: Mode=JTAG, Speed=1000000Hz
Erase Done.
Programming Done.
Verify OK.
Rebuild target 'base_project'
assembling Startup.s...
compiling main.c...
compiling initBoard.c...
compiling systick.c...
systick.c(29): error:  #20: identifier "screenCount" is undefined
compiling hw4_adc.c...
compiling hw4_gpio.c...
hw4_gpio.c(113): warning:  #550-D: variable "delay" was set but never used
compiling led_chars.c...
compiling doublebuffer.c...
compiling renderer.c...
compiling screen.c...
".\ece353_base_project.axf" - 1 Errors, 1 Warning(s).
Target not created
Rebuild target 'base_project'
assembling Startup.s...
compiling main.c...
compiling initBoard.c...
compiling systick.c...
compiling hw4_adc.c...
compiling hw4_gpio.c...
hw4_gpio.c(113): warning:  #550-D: variable "delay" was set but never used
compiling led_chars.c...
compiling doublebuffer.c...
compiling renderer.c...
compiling screen.c...
linking...
Program Size: Code=2482 RO-data=38 RW-data=220 ZI-data=4620  
".\ece353_base_project.axf" - 0 Errors, 1 Warning(s).
Load "C:\\Users\\Martin Wickham\\KielProjects\\ECE 353\\Micro2048\\Dist\\p1\\ece353_base_project.axf" 
Connecting: Mode=JTAG, Speed=1000000Hz
Erase Done.
Programming Done.
Verify OK.
Rebuild target 'base_project'
assembling Startup.s...
compiling main.c...
renderer.h(12): warning:  #1295-D: Deprecated declaration getBrightness - give arg types
main.c(49): error:  #268: declaration may not appear after executable statement in block
compiling initBoard.c...
compiling systick.c...
compiling hw4_adc.c...
compiling hw4_gpio.c...
renderer.h(12): warning:  #1295-D: Deprecated declaration getBrightness - give arg types
hw4_gpio.c(113): warning:  #550-D: variable "delay" was set but never used
compiling led_chars.c...
compiling doublebuffer.c...
renderer.h(12): warning:  #1295-D: Deprecated declaration getBrightness - give arg types
compiling renderer.c...
renderer.h(12): warning:  #1295-D: Deprecated declaration getBrightness - give arg types
compiling screen.c...
".\ece353_base_project.axf" - 1 Errors, 5 Warning(s).
Target not created
Load "C:\\Users\\Martin Wickham\\KielProjects\\ECE 353\\Micro2048\\Dist\\p1\\ece353_base_project.axf" 
Connecting: Mode=JTAG, Speed=1000000Hz
Erase Done.
Programming Done.
Verify OK.
Rebuild target 'base_project'
assembling Startup.s...
compiling main.c...
renderer.h(12): warning:  #1295-D: Deprecated declaration getBrightness - give arg types
main.c(49): error:  #268: declaration may not appear after executable statement in block
compiling initBoard.c...
compiling systick.c...
compiling hw4_adc.c...
compiling hw4_gpio.c...
renderer.h(12): warning:  #1295-D: Deprecated declaration getBrightness - give arg types
hw4_gpio.c(113): warning:  #550-D: variable "delay" was set but never used
compiling led_chars.c...
compiling doublebuffer.c...
renderer.h(12): warning:  #1295-D: Deprecated declaration getBrightness - give arg types
compiling renderer.c...
renderer.h(12): warning:  #1295-D: Deprecated declaration getBrightness - give arg types
compiling screen.c...
".\ece353_base_project.axf" - 1 Errors, 5 Warning(s).
Target not created
Rebuild target 'base_project'
assembling Startup.s...
compiling main.c...
renderer.h(12): warning:  #1295-D: Deprecated declaration getBrightness - give arg types
compiling initBoard.c...
compiling systick.c...
compiling hw4_adc.c...
compiling hw4_gpio.c...
renderer.h(12): warning:  #1295-D: Deprecated declaration getBrightness - give arg types
hw4_gpio.c(113): warning:  #550-D: variable "delay" was set but never used
compiling led_chars.c...
compiling doublebuffer.c...
renderer.h(12): warning:  #1295-D: Deprecated declaration getBrightness - give arg types
compiling renderer.c...
renderer.h(12): warning:  #1295-D: Deprecated declaration getBrightness - give arg types
compiling screen.c...
linking...
Program Size: Code=2502 RO-data=38 RW-data=220 ZI-data=4620  
".\ece353_base_project.axf" - 0 Errors, 5 Warning(s).
Rebuild target 'base_project'
assembling Startup.s...
compiling main.c...
compiling initBoard.c...
compiling systick.c...
compiling hw4_adc.c...
compiling hw4_gpio.c...
hw4_gpio.c(113): warning:  #550-D: variable "delay" was set but never used
compiling led_chars.c...
compiling doublebuffer.c...
compiling renderer.c...
compiling screen.c...
linking...
Program Size: Code=2502 RO-data=38 RW-data=220 ZI-data=4620  
".\ece353_base_project.axf" - 0 Errors, 1 Warning(s).
Load "C:\\Users\\Martin Wickham\\KielProjects\\ECE 353\\Micro2048\\Dist\\p1\\ece353_base_project.axf" 
Connecting: Mode=JTAG, Speed=1000000Hz
Erase Done.
Programming Done.
Verify OK.
Rebuild target 'base_project'
assembling Startup.s...
compiling main.c...
main.c(36): warning:  #177-D: variable "drawBuffer" was declared but never referenced
compiling initBoard.c...
compiling systick.c...
compiling hw4_adc.c...
compiling hw4_gpio.c...
hw4_gpio.c(113): warning:  #550-D: variable "delay" was set but never used
compiling led_chars.c...
compiling doublebuffer.c...
compiling renderer.c...
compiling screen.c...
linking...
Program Size: Code=2486 RO-data=38 RW-data=220 ZI-data=4620  
".\ece353_base_project.axf" - 0 Errors, 2 Warning(s).
Load "C:\\Users\\Martin Wickham\\KielProjects\\ECE 353\\Micro2048\\Dist\\p1\\ece353_base_project.axf" 
Connecting: Mode=JTAG, Speed=1000000Hz
Erase Done.
Programming Done.
Verify OK.
Rebuild target 'base_project'
assembling Startup.s...
compiling main.c...
main.c(52): error:  #29: expected an expression
main.c(52): error:  #20: identifier "c" is undefined
main.c(53): error:  #29: expected an expression
main.c(53): error:  #20: identifier "d" is undefined
compiling initBoard.c...
compiling systick.c...
compiling hw4_adc.c...
compiling hw4_gpio.c...
hw4_gpio.c(113): warning:  #550-D: variable "delay" was set but never used
compiling led_chars.c...
compiling doublebuffer.c...
compiling renderer.c...
compiling screen.c...
".\ece353_base_project.axf" - 4 Errors, 1 Warning(s).
Target not created
Rebuild target 'base_project'
assembling Startup.s...
compiling main.c...
compiling initBoard.c...
compiling systick.c...
compiling hw4_adc.c...
compiling hw4_gpio.c...
hw4_gpio.c(113): warning:  #550-D: variable "delay" was set but never used
compiling led_chars.c...
compiling doublebuffer.c...
compiling renderer.c...
compiling screen.c...
linking...
Program Size: Code=2566 RO-data=38 RW-data=220 ZI-data=4620  
".\ece353_base_project.axf" - 0 Errors, 1 Warning(s).
Load "C:\\Users\\Martin Wickham\\KielProjects\\ECE 353\\Micro2048\\Dist\\p1\\ece353_base_project.axf" 
Connecting: Mode=JTAG, Speed=1000000Hz
Erase Done.
Programming Done.
Verify OK.
Rebuild target 'base_project'
assembling Startup.s...
compiling main.c...
compiling initBoard.c...
compiling systick.c...
compiling hw4_adc.c...
compiling hw4_gpio.c...
hw4_gpio.c(113): warning:  #550-D: variable "delay" was set but never used
compiling led_chars.c...
compiling doublebuffer.c...
compiling renderer.c...
compiling screen.c...
linking...
Program Size: Code=2566 RO-data=38 RW-data=220 ZI-data=4620  
".\ece353_base_project.axf" - 0 Errors, 1 Warning(s).
Load "C:\\Users\\Martin Wickham\\KielProjects\\ECE 353\\Micro2048\\Dist\\p1\\ece353_base_project.axf" 
Connecting: Mode=JTAG, Speed=1000000Hz
Erase Done.
Programming Done.
Verify OK.
Rebuild target 'base_project'
assembling Startup.s...
compiling main.c...
compiling initBoard.c...
compiling systick.c...
compiling hw4_adc.c...
compiling hw4_gpio.c...
hw4_gpio.c(113): warning:  #550-D: variable "delay" was set but never used
compiling led_chars.c...
compiling doublebuffer.c...
compiling renderer.c...
compiling screen.c...
linking...
Program Size: Code=2566 RO-data=38 RW-data=220 ZI-data=4620  
".\ece353_base_project.axf" - 0 Errors, 1 Warning(s).
Load "C:\\Users\\Martin Wickham\\KielProjects\\ECE 353\\Micro2048\\Dist\\p1\\ece353_base_project.axf" 
Connecting: Mode=JTAG, Speed=1000000Hz
Erase Done.
Programming Done.
Verify OK.
Rebuild target 'base_project'
assembling Startup.s...
compiling main.c...
compiling initBoard.c...
compiling systick.c...
compiling hw4_adc.c...
compiling hw4_gpio.c...
hw4_gpio.c(113): warning:  #550-D: variable "delay" was set but never used
compiling led_chars.c...
compiling doublebuffer.c...
compiling renderer.c...
compiling screen.c...
linking...
Program Size: Code=2562 RO-data=38 RW-data=220 ZI-data=4620  
".\ece353_base_project.axf" - 0 Errors, 1 Warning(s).
Load "C:\\Users\\Martin Wickham\\KielProjects\\ECE 353\\Micro2048\\Dist\\p1\\ece353_base_project.axf" 
Connecting: Mode=JTAG, Speed=1000000Hz
Erase Done.
Programming Done.
Verify OK.
Rebuild target 'base_project'
assembling Startup.s...
compiling main.c...
compiling initBoard.c...
compiling systick.c...
compiling hw4_adc.c...
compiling hw4_gpio.c...
hw4_gpio.c(113): warning:  #550-D: variable "delay" was set but never used
compiling led_chars.c...
compiling doublebuffer.c...
compiling renderer.c...
compiling screen.c...
linking...
Program Size: Code=2558 RO-data=38 RW-data=220 ZI-data=4620  
".\ece353_base_project.axf" - 0 Errors, 1 Warning(s).
Load "C:\\Users\\Martin Wickham\\KielProjects\\ECE 353\\Micro2048\\Dist\\p1\\ece353_base_project.axf" 
Connecting: Mode=JTAG, Speed=1000000Hz
Erase Done.
Programming Done.
Verify OK.
Rebuild target 'base_project'
assembling Startup.s...
compiling main.c...
compiling initBoard.c...
compiling systick.c...
compiling hw4_adc.c...
compiling hw4_gpio.c...
hw4_gpio.c(113): warning:  #550-D: variable "delay" was set but never used
compiling led_chars.c...
compiling doublebuffer.c...
compiling renderer.c...
compiling screen.c...
linking...
Program Size: Code=2566 RO-data=38 RW-data=220 ZI-data=4620  
".\ece353_base_project.axf" - 0 Errors, 1 Warning(s).
Load "C:\\Users\\Martin Wickham\\KielProjects\\ECE 353\\Micro2048\\Dist\\p1\\ece353_base_project.axf" 
Connecting: Mode=JTAG, Speed=1000000Hz
Erase Done.
Programming Done.
Verify OK.
Rebuild target 'base_project'
assembling Startup.s...
compiling main.c...
compiling initBoard.c...
compiling systick.c...
compiling hw4_adc.c...
compiling hw4_gpio.c...
hw4_gpio.c(113): warning:  #550-D: variable "delay" was set but never used
compiling led_chars.c...
compiling doublebuffer.c...
compiling renderer.c...
compiling screen.c...
linking...
Program Size: Code=2566 RO-data=38 RW-data=220 ZI-data=4620  
".\ece353_base_project.axf" - 0 Errors, 1 Warning(s).
Load "C:\\Users\\Martin Wickham\\KielProjects\\ECE 353\\Micro2048\\Dist\\p1\\ece353_base_project.axf" 
Connecting: Mode=JTAG, Speed=1000000Hz
Erase Done.
Programming Done.
Verify OK.
Rebuild target 'base_project'
assembling Startup.s...
compiling main.c...
compiling initBoard.c...
compiling systick.c...
compiling hw4_adc.c...
compiling hw4_gpio.c...
hw4_gpio.c(113): warning:  #550-D: variable "delay" was set but never used
compiling led_chars.c...
compiling doublebuffer.c...
compiling renderer.c...
renderer.c(45): warning:  #174-D: expression has no effect
compiling screen.c...
linking...
Program Size: Code=2578 RO-data=38 RW-data=220 ZI-data=4620  
".\ece353_base_project.axf" - 0 Errors, 2 Warning(s).
Load "C:\\Users\\Martin Wickham\\KielProjects\\ECE 353\\Micro2048\\Dist\\p1\\ece353_base_project.axf" 
Connecting: Mode=JTAG, Speed=1000000Hz
Erase Done.
Programming Done.
Verify OK.
Rebuild target 'base_project'
assembling Startup.s...
compiling main.c...
compiling initBoard.c...
compiling systick.c...
compiling hw4_adc.c...
compiling hw4_gpio.c...
hw4_gpio.c(113): warning:  #550-D: variable "delay" was set but never used
compiling led_chars.c...
compiling doublebuffer.c...
compiling renderer.c...
renderer.c(45): warning:  #174-D: expression has no effect
compiling screen.c...
linking...
Program Size: Code=2578 RO-data=38 RW-data=220 ZI-data=4620  
".\ece353_base_project.axf" - 0 Errors, 2 Warning(s).
Load "C:\\Users\\Martin Wickham\\KielProjects\\ECE 353\\Micro2048\\Dist\\p1\\ece353_base_project.axf" 
Connecting: Mode=JTAG, Speed=1000000Hz
Erase Done.
Programming Done.
Verify OK.
Rebuild target 'base_project'
assembling Startup.s...
compiling main.c...
compiling initBoard.c...
compiling systick.c...
compiling hw4_adc.c...
compiling hw4_gpio.c...
hw4_gpio.c(113): warning:  #550-D: variable "delay" was set but never used
compiling led_chars.c...
compiling doublebuffer.c...
compiling renderer.c...
renderer.c(45): warning:  #174-D: expression has no effect
compiling screen.c...
linking...
Program Size: Code=2574 RO-data=38 RW-data=220 ZI-data=4620  
".\ece353_base_project.axf" - 0 Errors, 2 Warning(s).
Load "C:\\Users\\Martin Wickham\\KielProjects\\ECE 353\\Micro2048\\Dist\\p1\\ece353_base_project.axf" 
Connecting: Mode=JTAG, Speed=1000000Hz
Erase Done.
Programming Done.
Verify OK.
Rebuild target 'base_project'
assembling Startup.s...
compiling main.c...
compiling initBoard.c...
compiling systick.c...
compiling hw4_adc.c...
compiling hw4_gpio.c...
hw4_gpio.c(113): warning:  #550-D: variable "delay" was set but never used
compiling led_chars.c...
compiling doublebuffer.c...
compiling renderer.c...
renderer.c(45): warning:  #174-D: expression has no effect
compiling screen.c...
linking...
Program Size: Code=2574 RO-data=38 RW-data=220 ZI-data=4620  
".\ece353_base_project.axf" - 0 Errors, 2 Warning(s).
Load "C:\\Users\\Martin Wickham\\KielProjects\\ECE 353\\Micro2048\\Dist\\p1\\ece353_base_project.axf" 
Connecting: Mode=JTAG, Speed=1000000Hz
Erase Done.
Programming Done.
Verify OK.
Rebuild target 'base_project'
assembling Startup.s...
compiling main.c...
compiling initBoard.c...
compiling systick.c...
compiling hw4_adc.c...
compiling hw4_gpio.c...
hw4_gpio.c(113): warning:  #550-D: variable "delay" was set but never used
compiling led_chars.c...
compiling doublebuffer.c...
compiling renderer.c...
renderer.c(45): warning:  #174-D: expression has no effect
compiling screen.c...
linking...
Program Size: Code=2574 RO-data=38 RW-data=220 ZI-data=4620  
".\ece353_base_project.axf" - 0 Errors, 2 Warning(s).
Load "C:\\Users\\Martin Wickham\\KielProjects\\ECE 353\\Micro2048\\Dist\\p1\\ece353_base_project.axf" 
Connecting: Mode=JTAG, Speed=1000000Hz
Erase Done.
Programming Done.
Verify OK.
Rebuild target 'base_project'
assembling Startup.s...
compiling main.c...
compiling initBoard.c...
compiling systick.c...
compiling hw4_adc.c...
compiling hw4_gpio.c...
hw4_gpio.c(113): warning:  #550-D: variable "delay" was set but never used
compiling led_chars.c...
compiling doublebuffer.c...
compiling renderer.c...
renderer.c(45): warning:  #174-D: expression has no effect
compiling screen.c...
linking...
Program Size: Code=2578 RO-data=38 RW-data=220 ZI-data=4620  
".\ece353_base_project.axf" - 0 Errors, 2 Warning(s).
Load "C:\\Users\\Martin Wickham\\KielProjects\\ECE 353\\Micro2048\\Dist\\p1\\ece353_base_project.axf" 
Connecting: Mode=JTAG, Speed=1000000Hz
Erase Done.
Programming Done.
Verify OK.
Rebuild target 'base_project'
assembling Startup.s...
compiling main.c...
main.c(67): error:  #20: identifier "RefreshRate" is undefined
compiling initBoard.c...
compiling systick.c...
compiling hw4_adc.c...
renderer.c(45): warning:  #174-D: expression has no effect
compiling hw4_gpio.c...
hw4_gpio.c(113): warning:  #550-D: variable "delay" was set but never used
compiling led_chars.c...
compiling doublebuffer.c...
compiling renderer.c...
renderer.c(45): warning:  #174-D: expression has no effect
compiling screen.c...
".\ece353_base_project.axf" - 1 Errors, 3 Warning(s).
Target not created
Rebuild target 'base_project'
assembling Startup.s...
compiling main.c...
compiling initBoard.c...
compiling systick.c...
compiling hw4_adc.c...
compiling hw4_gpio.c...
hw4_gpio.c(113): warning:  #550-D: variable "delay" was set but never used
compiling led_chars.c...
compiling doublebuffer.c...
compiling renderer.c...
compiling screen.c...
linking...
.\ece353_base_project.axf: Error: L6200E: Symbol brightness multiply defined (by renderer.o and hw4_adc.o).
.\ece353_base_project.axf: Error: L6200E: Symbol currentBuffer multiply defined (by renderer.o and hw4_adc.o).
.\ece353_base_project.axf: Error: L6200E: Symbol updateRow multiply defined (by renderer.o and hw4_adc.o).
.\ece353_base_project.axf: Error: L6200E: Symbol setCurrentBuffer multiply defined (by renderer.o and hw4_adc.o).
.\ece353_base_project.axf: Error: L6200E: Symbol getCurrentBuffer multiply defined (by renderer.o and hw4_adc.o).
.\ece353_base_project.axf: Error: L6200E: Symbol setBrightness multiply defined (by renderer.o and hw4_adc.o).
.\ece353_base_project.axf: Error: L6200E: Symbol getBrightness multiply defined (by renderer.o and hw4_adc.o).
".\ece353_base_project.axf" - 7 Errors, 1 Warning(s).
Target not created
Rebuild target 'base_project'
assembling Startup.s...
compiling main.c...
compiling initBoard.c...
compiling systick.c...
compiling hw4_adc.c...
compiling hw4_gpio.c...
hw4_gpio.c(113): warning:  #550-D: variable "delay" was set but never used
compiling led_chars.c...
compiling doublebuffer.c...
compiling renderer.c...
compiling screen.c...
linking...
.\ece353_base_project.axf: Error: L6200E: Symbol brightness multiply defined (by renderer.o and hw4_adc.o).
.\ece353_base_project.axf: Error: L6200E: Symbol currentBuffer multiply defined (by renderer.o and hw4_adc.o).
.\ece353_base_project.axf: Error: L6200E: Symbol updateRow multiply defined (by renderer.o and hw4_adc.o).
.\ece353_base_project.axf: Error: L6200E: Symbol setCurrentBuffer multiply defined (by renderer.o and hw4_adc.o).
.\ece353_base_project.axf: Error: L6200E: Symbol getCurrentBuffer multiply defined (by renderer.o and hw4_adc.o).
.\ece353_base_project.axf: Error: L6200E: Symbol setBrightness multiply defined (by renderer.o and hw4_adc.o).
.\ece353_base_project.axf: Error: L6200E: Symbol getBrightness multiply defined (by renderer.o and hw4_adc.o).
".\ece353_base_project.axf" - 7 Errors, 1 Warning(s).
Target not created
Rebuild target 'base_project'
assembling Startup.s...
compiling main.c...
compiling initBoard.c...
compiling systick.c...
compiling hw4_adc.c...
compiling hw4_gpio.c...
hw4_gpio.c(113): warning:  #550-D: variable "delay" was set but never used
compiling led_chars.c...
compiling doublebuffer.c...
compiling renderer.c...
compiling screen.c...
linking...
Program Size: Code=2554 RO-data=38 RW-data=220 ZI-data=4620  
".\ece353_base_project.axf" - 0 Errors, 1 Warning(s).
Load "C:\\Users\\Martin Wickham\\KielProjects\\ECE 353\\Micro2048\\Dist\\p1\\ece353_base_project.axf" 
Connecting: Mode=JTAG, Speed=1000000Hz
Erase Done.
Programming Done.
Verify OK.
Rebuild target 'base_project'
assembling Startup.s...
compiling main.c...
compiling initBoard.c...
compiling systick.c...
compiling hw4_adc.c...
compiling hw4_gpio.c...
hw4_gpio.c(113): warning:  #550-D: variable "delay" was set but never used
compiling led_chars.c...
compiling doublebuffer.c...
compiling renderer.c...
compiling screen.c...
linking...
Program Size: Code=2578 RO-data=38 RW-data=220 ZI-data=4620  
".\ece353_base_project.axf" - 0 Errors, 1 Warning(s).
Load "C:\\Users\\Martin Wickham\\KielProjects\\ECE 353\\Micro2048\\Dist\\p1\\ece353_base_project.axf" 
Connecting: Mode=JTAG, Speed=1000000Hz
Erase Done.
Programming Done.
Verify OK.
Rebuild target 'base_project'
assembling Startup.s...
compiling main.c...
compiling initBoard.c...
compiling systick.c...
compiling hw4_adc.c...
compiling hw4_gpio.c...
hw4_gpio.c(113): warning:  #550-D: variable "delay" was set but never used
compiling led_chars.c...
compiling doublebuffer.c...
compiling renderer.c...
compiling screen.c...
linking...
Program Size: Code=2578 RO-data=38 RW-data=220 ZI-data=4620  
".\ece353_base_project.axf" - 0 Errors, 1 Warning(s).
Load "C:\\Users\\Martin Wickham\\KielProjects\\ECE 353\\Micro2048\\Dist\\p1\\ece353_base_project.axf" 
Connecting: Mode=JTAG, Speed=1000000Hz
Erase Done.
Programming Done.
Verify OK.
Rebuild target 'base_project'
assembling Startup.s...
compiling main.c...
compiling initBoard.c...
compiling systick.c...
compiling hw4_adc.c...
compiling hw4_gpio.c...
hw4_gpio.c(113): warning:  #550-D: variable "delay" was set but never used
compiling led_chars.c...
compiling doublebuffer.c...
compiling renderer.c...
compiling screen.c...
linking...
Program Size: Code=2578 RO-data=38 RW-data=220 ZI-data=4620  
".\ece353_base_project.axf" - 0 Errors, 1 Warning(s).
Load "C:\\Users\\Martin Wickham\\KielProjects\\ECE 353\\Micro2048\\Dist\\p1\\ece353_base_project.axf" 
Connecting: Mode=JTAG, Speed=1000000Hz
Erase Done.
Programming Done.
Verify OK.
Rebuild target 'base_project'
assembling Startup.s...
compiling main.c...
compiling initBoard.c...
compiling systick.c...
compiling hw4_adc.c...
compiling hw4_gpio.c...
hw4_gpio.c(113): warning:  #550-D: variable "delay" was set but never used
compiling led_chars.c...
compiling doublebuffer.c...
compiling renderer.c...
compiling screen.c...
linking...
Program Size: Code=2578 RO-data=38 RW-data=220 ZI-data=4620  
".\ece353_base_project.axf" - 0 Errors, 1 Warning(s).
Load "C:\\Users\\Martin Wickham\\KielProjects\\ECE 353\\Micro2048\\Dist\\p1\\ece353_base_project.axf" 
Connecting: Mode=JTAG, Speed=1000000Hz
Erase Done.
Programming Done.
Verify OK.
Rebuild target 'base_project'
assembling Startup.s...
compiling main.c...
compiling initBoard.c...
compiling systick.c...
compiling hw4_adc.c...
compiling hw4_gpio.c...
hw4_gpio.c(113): warning:  #550-D: variable "delay" was set but never used
compiling led_chars.c...
compiling doublebuffer.c...
compiling renderer.c...
compiling screen.c...
linking...
Program Size: Code=2570 RO-data=38 RW-data=220 ZI-data=4620  
".\ece353_base_project.axf" - 0 Errors, 1 Warning(s).
Load "C:\\Users\\Martin Wickham\\KielProjects\\ECE 353\\Micro2048\\Dist\\p1\\ece353_base_project.axf" 
Connecting: Mode=JTAG, Speed=1000000Hz
Erase Done.
Programming Done.
Verify OK.
Rebuild target 'base_project'
assembling Startup.s...
compiling main.c...
compiling initBoard.c...
compiling systick.c...
compiling hw4_adc.c...
compiling hw4_gpio.c...
hw4_gpio.c(113): warning:  #550-D: variable "delay" was set but never used
compiling led_chars.c...
compiling doublebuffer.c...
compiling renderer.c...
compiling screen.c...
linking...
Program Size: Code=2574 RO-data=38 RW-data=220 ZI-data=4620  
".\ece353_base_project.axf" - 0 Errors, 1 Warning(s).
Load "C:\\Users\\Martin Wickham\\KielProjects\\ECE 353\\Micro2048\\Dist\\p1\\ece353_base_project.axf" 
Connecting: Mode=JTAG, Speed=1000000Hz
Erase Done.
Programming Done.
Verify OK.
Load "C:\\Users\\Martin Wickham\\KielProjects\\ECE 353\\Micro2048\\Dist\\p1\\ece353_base_project.axf" 
Connecting: Mode=JTAG, Speed=1000000Hz
Erase Done.
Programming Failed!
Load "C:\\Users\\Martin Wickham\\KielProjects\\ECE 353\\Micro2048\\Dist\\p1\\ece353_base_project.axf" 
Connecting: Mode=JTAG, Speed=1000000Hz
Connection failed!, error code=&d
Load "C:\\Users\\Martin Wickham\\KielProjects\\ECE 353\\Micro2048\\Dist\\p1\\ece353_base_project.axf" 
Connecting: Mode=JTAG, Speed=1000000Hz
Connection failed!, error code=&d
Rebuild target 'base_project'
assembling Startup.s...
compiling main.c...
compiling initBoard.c...
compiling systick.c...
compiling hw4_adc.c...
compiling hw4_gpio.c...
hw4_gpio.c(113): warning:  #550-D: variable "delay" was set but never used
compiling led_chars.c...
compiling doublebuffer.c...
compiling renderer.c...
compiling screen.c...
linking...
Program Size: Code=2574 RO-data=38 RW-data=220 ZI-data=4620  
".\ece353_base_project.axf" - 0 Errors, 1 Warning(s).
Load "C:\\Users\\Martin Wickham\\KielProjects\\ECE 353\\Micro2048\\Dist\\p1\\ece353_base_project.axf" 
Connecting: Mode=JTAG, Speed=1000000Hz
Erase Done.
Programming Done.
Verify OK.
Load "C:\\Users\\Martin Wickham\\KielProjects\\ECE 353\\Micro2048\\Dist\\p1\\ece353_base_project.axf" 
Connecting: Mode=JTAG, Speed=1000000Hz
Erase Done.
Programming Done.
Verify OK.
Rebuild target 'base_project'
assembling Startup.s...
compiling main.c...
compiling initBoard.c...
compiling systick.c...
compiling hw4_adc.c...
compiling hw4_gpio.c...
hw4_gpio.c(113): warning:  #550-D: variable "delay" was set but never used
compiling led_chars.c...
compiling doublebuffer.c...
compiling renderer.c...
compiling screen.c...
linking...
Program Size: Code=2630 RO-data=38 RW-data=220 ZI-data=4620  
".\ece353_base_project.axf" - 0 Errors, 1 Warning(s).
Load "C:\\Users\\Martin Wickham\\KielProjects\\ECE 353\\Micro2048\\Dist\\p1\\ece353_base_project.axf" 
Connecting: Mode=JTAG, Speed=1000000Hz
Erase Done.
Programming Done.
Verify OK.
Rebuild target 'base_project'
assembling Startup.s...
compiling main.c...
compiling initBoard.c...
compiling systick.c...
compiling hw4_adc.c...
compiling hw4_gpio.c...
hw4_gpio.c(113): warning:  #550-D: variable "delay" was set but never used
compiling led_chars.c...
compiling doublebuffer.c...
compiling renderer.c...
compiling screen.c...
linking...
Program Size: Code=2666 RO-data=38 RW-data=220 ZI-data=4620  
".\ece353_base_project.axf" - 0 Errors, 1 Warning(s).
Load "C:\\Users\\Martin Wickham\\KielProjects\\ECE 353\\Micro2048\\Dist\\p1\\ece353_base_project.axf" 
Connecting: Mode=JTAG, Speed=1000000Hz
Erase Done.
Programming Done.
Verify OK.
Rebuild target 'base_project'
assembling Startup.s...
compiling main.c...
compiling initBoard.c...
compiling systick.c...
compiling hw4_adc.c...
compiling hw4_gpio.c...
hw4_gpio.c(113): warning:  #550-D: variable "delay" was set but never used
compiling led_chars.c...
compiling doublebuffer.c...
compiling renderer.c...
compiling screen.c...
linking...
Program Size: Code=2666 RO-data=38 RW-data=220 ZI-data=4620  
".\ece353_base_project.axf" - 0 Errors, 1 Warning(s).
Load "C:\\Users\\Martin Wickham\\KielProjects\\ECE 353\\Micro2048\\Dist\\p1\\ece353_base_project.axf" 
Connecting: Mode=JTAG, Speed=1000000Hz
Erase Done.
Programming Done.
Verify OK.
Rebuild target 'base_project'
assembling Startup.s...
compiling main.c...
compiling initBoard.c...
compiling systick.c...
compiling hw4_adc.c...
compiling hw4_gpio.c...
hw4_gpio.c(113): warning:  #550-D: variable "delay" was set but never used
compiling led_chars.c...
compiling doublebuffer.c...
compiling renderer.c...
compiling screen.c...
linking...
Program Size: Code=2710 RO-data=38 RW-data=220 ZI-data=4620  
".\ece353_base_project.axf" - 0 Errors, 1 Warning(s).
Load "C:\\Users\\Martin Wickham\\KielProjects\\ECE 353\\Micro2048\\Dist\\p1\\ece353_base_project.axf" 
Connecting: Mode=JTAG, Speed=1000000Hz
Erase Done.
Programming Done.
Verify OK.
Rebuild target 'base_project'
assembling Startup.s...
compiling main.c...
compiling initBoard.c...
compiling systick.c...
compiling hw4_adc.c...
compiling hw4_gpio.c...
hw4_gpio.c(113): warning:  #550-D: variable "delay" was set but never used
compiling led_chars.c...
compiling doublebuffer.c...
compiling renderer.c...
compiling screen.c...
linking...
Program Size: Code=2762 RO-data=38 RW-data=220 ZI-data=4620  
".\ece353_base_project.axf" - 0 Errors, 1 Warning(s).
Load "C:\\Users\\Martin Wickham\\KielProjects\\ECE 353\\Micro2048\\Dist\\p1\\ece353_base_project.axf" 
Connecting: Mode=JTAG, Speed=1000000Hz
Erase Done.
Programming Done.
Verify OK.
Rebuild target 'base_project'
assembling Startup.s...
compiling main.c...
compiling initBoard.c...
compiling systick.c...
compiling hw4_adc.c...
compiling hw4_gpio.c...
hw4_gpio.c(113): warning:  #550-D: variable "delay" was set but never used
compiling led_chars.c...
compiling doublebuffer.c...
compiling renderer.c...
compiling screen.c...
linking...
Program Size: Code=2770 RO-data=38 RW-data=220 ZI-data=4620  
".\ece353_base_project.axf" - 0 Errors, 1 Warning(s).
Load "C:\\Users\\Martin Wickham\\KielProjects\\ECE 353\\Micro2048\\Dist\\p1\\ece353_base_project.axf" 
Connecting: Mode=JTAG, Speed=1000000Hz
Erase Done.
Programming Done.
Verify OK.
Rebuild target 'base_project'
assembling Startup.s...
compiling main.c...
compiling initBoard.c...
compiling systick.c...
compiling hw4_adc.c...
compiling hw4_gpio.c...
hw4_gpio.c(113): warning:  #550-D: variable "delay" was set but never used
compiling led_chars.c...
compiling doublebuffer.c...
compiling renderer.c...
compiling screen.c...
linking...
Program Size: Code=2770 RO-data=38 RW-data=220 ZI-data=4620  
".\ece353_base_project.axf" - 0 Errors, 1 Warning(s).
Load "C:\\Users\\Martin Wickham\\KielProjects\\ECE 353\\Micro2048\\Dist\\p1\\ece353_base_project.axf" 
Connecting: Mode=JTAG, Speed=1000000Hz
Erase Done.
Programming Done.
Verify OK.
Rebuild target 'base_project'
assembling Startup.s...
compiling main.c...
compiling initBoard.c...
compiling systick.c...
compiling hw4_adc.c...
compiling hw4_gpio.c...
hw4_gpio.c(113): warning:  #550-D: variable "delay" was set but never used
compiling led_chars.c...
compiling doublebuffer.c...
compiling renderer.c...
compiling screen.c...
linking...
Program Size: Code=2766 RO-data=38 RW-data=220 ZI-data=4620  
".\ece353_base_project.axf" - 0 Errors, 1 Warning(s).
Load "C:\\Users\\Martin Wickham\\KielProjects\\ECE 353\\Micro2048\\Dist\\p1\\ece353_base_project.axf" 
Connecting: Mode=JTAG, Speed=1000000Hz
Erase Done.
Programming Done.
Verify OK.
Rebuild target 'base_project'
assembling Startup.s...
compiling main.c...
compiling initBoard.c...
compiling systick.c...
compiling hw4_adc.c...
compiling hw4_gpio.c...
hw4_gpio.c(113): warning:  #550-D: variable "delay" was set but never used
compiling led_chars.c...
compiling doublebuffer.c...
compiling renderer.c...
compiling screen.c...
linking...
Program Size: Code=2770 RO-data=38 RW-data=220 ZI-data=4620  
".\ece353_base_project.axf" - 0 Errors, 1 Warning(s).
Load "C:\\Users\\Martin Wickham\\KielProjects\\ECE 353\\Micro2048\\Dist\\p1\\ece353_base_project.axf" 
Connecting: Mode=JTAG, Speed=1000000Hz
Erase Done.
Programming Done.
Verify OK.
Rebuild target 'base_project'
assembling Startup.s...
compiling main.c...
compiling initBoard.c...
compiling systick.c...
compiling hw4_adc.c...
compiling hw4_gpio.c...
hw4_gpio.c(113): warning:  #550-D: variable "delay" was set but never used
compiling led_chars.c...
compiling doublebuffer.c...
compiling renderer.c...
compiling screen.c...
linking...
Program Size: Code=2770 RO-data=38 RW-data=220 ZI-data=4620  
".\ece353_base_project.axf" - 0 Errors, 1 Warning(s).
Load "C:\\Users\\Martin Wickham\\KielProjects\\ECE 353\\Micro2048\\Dist\\p1\\ece353_base_project.axf" 
Connecting: Mode=JTAG, Speed=1000000Hz
Erase Done.
Programming Done.
Verify OK.
Rebuild target 'base_project'
assembling Startup.s...
compiling main.c...
compiling initBoard.c...
compiling systick.c...
compiling hw4_adc.c...
compiling hw4_gpio.c...
hw4_gpio.c(113): warning:  #550-D: variable "delay" was set but never used
compiling led_chars.c...
compiling doublebuffer.c...
compiling renderer.c...
compiling screen.c...
linking...
Program Size: Code=2770 RO-data=38 RW-data=220 ZI-data=4620  
".\ece353_base_project.axf" - 0 Errors, 1 Warning(s).
Load "C:\\Users\\Martin Wickham\\KielProjects\\ECE 353\\Micro2048\\Dist\\p1\\ece353_base_project.axf" 
Connecting: Mode=JTAG, Speed=1000000Hz
Erase Done.
Programming Done.
Verify OK.
Rebuild target 'base_project'
assembling Startup.s...
compiling main.c...
compiling initBoard.c...
compiling systick.c...
compiling hw4_adc.c...
compiling hw4_gpio.c...
hw4_gpio.c(113): warning:  #550-D: variable "delay" was set but never used
compiling led_chars.c...
compiling doublebuffer.c...
compiling renderer.c...
compiling screen.c...
linking...
Program Size: Code=2774 RO-data=38 RW-data=220 ZI-data=4620  
".\ece353_base_project.axf" - 0 Errors, 1 Warning(s).
Load "C:\\Users\\Martin Wickham\\KielProjects\\ECE 353\\Micro2048\\Dist\\p1\\ece353_base_project.axf" 
Connecting: Mode=JTAG, Speed=1000000Hz
Erase Done.
Programming Done.
Verify OK.
