<html>
<body>
<pre>
<h1>µVision Build Log</h1>
<h2>Project:</h2>
C:\Users\Martin Wickham\KielProjects\ECE 353\Micro2048\Dist\p1\ece353_base_project.uvproj
Project File Date:  05/02/2014

<h2>Output:</h2>
Rebuild target 'base_project'
assembling Startup.s...
compiling main.c...
2048.h(21): warning:  #65-D: expected a ";"
main.c(100): warning:  #550-D: variable "px" was set but never used
main.c(100): warning:  #550-D: variable "px2" was set but never used
main.c(101): warning:  #177-D: variable "offset" was declared but never referenced
compiling initBoard.c...
compiling systick.c...
compiling hw4_adc.c...
compiling hw4_gpio.c...
hw4_gpio.c(88): warning:  #550-D: variable "delay" was set but never used
compiling led_chars.c...
compiling doublebuffer.c...
compiling screen.c...
compiling pixel.c...
compiling renderer.c...
compiling animation.c...
compiling 2048.c...
2048.h(21): warning:  #65-D: expected a ";"
linking...
Program Size: Code=6776 RO-data=44 RW-data=316 ZI-data=8828  
".\ece353_base_project.axf" - 0 Errors, 6 Warning(s).
Rebuild target 'base_project'
assembling Startup.s...
compiling main.c...
2048.h(21): warning:  #65-D: expected a ";"
main.c(100): warning:  #550-D: variable "px" was set but never used
main.c(100): warning:  #550-D: variable "px2" was set but never used
main.c(101): warning:  #177-D: variable "offset" was declared but never referenced
compiling initBoard.c...
compiling systick.c...
compiling hw4_adc.c...
compiling hw4_gpio.c...
hw4_gpio.c(88): warning:  #550-D: variable "delay" was set but never used
compiling led_chars.c...
compiling doublebuffer.c...
compiling screen.c...
compiling pixel.c...
compiling renderer.c...
compiling animation.c...
compiling 2048.c...
2048.h(21): warning:  #65-D: expected a ";"
linking...
Program Size: Code=6776 RO-data=44 RW-data=316 ZI-data=8828  
".\ece353_base_project.axf" - 0 Errors, 6 Warning(s).
Load "C:\\Users\\Martin Wickham\\KielProjects\\ECE 353\\Micro2048\\Dist\\p1\\ece353_base_project.axf" 
Connecting: Mode=JTAG, Speed=1000000Hz
Erase Done.
Programming Done.
Verify OK.
Rebuild target 'base_project'
assembling Startup.s...
compiling main.c...
2048.h(21): warning:  #65-D: expected a ";"
main.c(100): warning:  #550-D: variable "px" was set but never used
main.c(100): warning:  #550-D: variable "px2" was set but never used
main.c(101): warning:  #177-D: variable "offset" was declared but never referenced
compiling initBoard.c...
compiling systick.c...
compiling hw4_adc.c...
compiling hw4_gpio.c...
hw4_gpio.c(88): warning:  #550-D: variable "delay" was set but never used
compiling led_chars.c...
compiling doublebuffer.c...
compiling screen.c...
compiling pixel.c...
compiling renderer.c...
compiling animation.c...
compiling 2048.c...
2048.h(21): warning:  #65-D: expected a ";"
linking...
Program Size: Code=6776 RO-data=44 RW-data=316 ZI-data=8828  
".\ece353_base_project.axf" - 0 Errors, 6 Warning(s).
Load "C:\\Users\\Martin Wickham\\KielProjects\\ECE 353\\Micro2048\\Dist\\p1\\ece353_base_project.axf" 
Connecting: Mode=JTAG, Speed=1000000Hz
Erase Done.
Programming Done.
Verify OK.
Rebuild target 'base_project'
assembling Startup.s...
compiling main.c...
2048.h(21): warning:  #65-D: expected a ";"
main.c(100): warning:  #550-D: variable "px" was set but never used
main.c(100): warning:  #550-D: variable "px2" was set but never used
main.c(101): warning:  #177-D: variable "offset" was declared but never referenced
compiling initBoard.c...
compiling systick.c...
compiling hw4_adc.c...
compiling hw4_gpio.c...
hw4_gpio.c(88): warning:  #550-D: variable "delay" was set but never used
compiling led_chars.c...
compiling doublebuffer.c...
compiling screen.c...
compiling pixel.c...
compiling renderer.c...
compiling animation.c...
compiling 2048.c...
2048.h(21): warning:  #65-D: expected a ";"
linking...
Program Size: Code=6776 RO-data=44 RW-data=316 ZI-data=8828  
".\ece353_base_project.axf" - 0 Errors, 6 Warning(s).
Load "C:\\Users\\Martin Wickham\\KielProjects\\ECE 353\\Micro2048\\Dist\\p1\\ece353_base_project.axf" 
Connecting: Mode=JTAG, Speed=1000000Hz
Erase Done.
Programming Done.
Verify OK.
Rebuild target 'base_project'
assembling Startup.s...
compiling main.c...
2048.h(21): warning:  #65-D: expected a ";"
main.c(100): warning:  #550-D: variable "px" was set but never used
main.c(100): warning:  #550-D: variable "px2" was set but never used
main.c(101): warning:  #177-D: variable "offset" was declared but never referenced
compiling initBoard.c...
compiling systick.c...
compiling hw4_adc.c...
compiling hw4_gpio.c...
hw4_gpio.c(88): warning:  #550-D: variable "delay" was set but never used
compiling led_chars.c...
compiling doublebuffer.c...
compiling screen.c...
compiling pixel.c...
compiling renderer.c...
compiling animation.c...
compiling 2048.c...
2048.h(21): warning:  #65-D: expected a ";"
linking...
Program Size: Code=6776 RO-data=44 RW-data=316 ZI-data=8828  
".\ece353_base_project.axf" - 0 Errors, 6 Warning(s).
Load "C:\\Users\\Martin Wickham\\KielProjects\\ECE 353\\Micro2048\\Dist\\p1\\ece353_base_project.axf" 
Connecting: Mode=JTAG, Speed=1000000Hz
Erase Done.
Programming Done.
Verify OK.
Rebuild target 'base_project'
assembling Startup.s...
compiling main.c...
2048.h(21): warning:  #65-D: expected a ";"
main.c(100): warning:  #550-D: variable "px" was set but never used
main.c(100): warning:  #550-D: variable "px2" was set but never used
main.c(101): warning:  #177-D: variable "offset" was declared but never referenced
compiling initBoard.c...
compiling systick.c...
compiling hw4_adc.c...
compiling hw4_gpio.c...
hw4_gpio.c(88): warning:  #550-D: variable "delay" was set but never used
compiling led_chars.c...
compiling doublebuffer.c...
compiling screen.c...
compiling pixel.c...
compiling renderer.c...
compiling animation.c...
compiling 2048.c...
2048.h(21): warning:  #65-D: expected a ";"
linking...
Program Size: Code=6776 RO-data=44 RW-data=316 ZI-data=8828  
".\ece353_base_project.axf" - 0 Errors, 6 Warning(s).
Load "C:\\Users\\Martin Wickham\\KielProjects\\ECE 353\\Micro2048\\Dist\\p1\\ece353_base_project.axf" 
Connecting: Mode=JTAG, Speed=1000000Hz
Erase Done.
Programming Done.
Verify OK.
Rebuild target 'base_project'
assembling Startup.s...
compiling main.c...
2048.h(21): warning:  #65-D: expected a ";"
main.c(100): warning:  #550-D: variable "px" was set but never used
main.c(100): warning:  #550-D: variable "px2" was set but never used
main.c(101): warning:  #177-D: variable "offset" was declared but never referenced
compiling initBoard.c...
compiling systick.c...
compiling hw4_adc.c...
compiling hw4_gpio.c...
hw4_gpio.c(88): warning:  #550-D: variable "delay" was set but never used
compiling led_chars.c...
compiling doublebuffer.c...
compiling screen.c...
compiling pixel.c...
compiling renderer.c...
compiling animation.c...
compiling 2048.c...
2048.h(21): warning:  #65-D: expected a ";"
linking...
Program Size: Code=6776 RO-data=44 RW-data=316 ZI-data=8828  
".\ece353_base_project.axf" - 0 Errors, 6 Warning(s).
Load "C:\\Users\\Martin Wickham\\KielProjects\\ECE 353\\Micro2048\\Dist\\p1\\ece353_base_project.axf" 
Connecting: Mode=JTAG, Speed=1000000Hz
Erase Done.
Programming Done.
Verify OK.
Rebuild target 'base_project'
assembling Startup.s...
compiling main.c...
2048.h(21): warning:  #65-D: expected a ";"
main.c(100): warning:  #550-D: variable "px" was set but never used
main.c(100): warning:  #550-D: variable "px2" was set but never used
main.c(101): warning:  #177-D: variable "offset" was declared but never referenced
compiling initBoard.c...
compiling systick.c...
compiling hw4_adc.c...
compiling hw4_gpio.c...
hw4_gpio.c(88): warning:  #550-D: variable "delay" was set but never used
compiling led_chars.c...
compiling doublebuffer.c...
compiling screen.c...
compiling pixel.c...
compiling renderer.c...
compiling animation.c...
compiling 2048.c...
2048.h(21): warning:  #65-D: expected a ";"
linking...
Program Size: Code=6776 RO-data=44 RW-data=324 ZI-data=8828  
".\ece353_base_project.axf" - 0 Errors, 6 Warning(s).
Load "C:\\Users\\Martin Wickham\\KielProjects\\ECE 353\\Micro2048\\Dist\\p1\\ece353_base_project.axf" 
Connecting: Mode=JTAG, Speed=1000000Hz
Erase Done.
Programming Done.
Verify OK.
Rebuild target 'base_project'
assembling Startup.s...
compiling main.c...
2048.h(21): warning:  #65-D: expected a ";"
main.c(100): warning:  #550-D: variable "px" was set but never used
main.c(100): warning:  #550-D: variable "px2" was set but never used
main.c(101): warning:  #177-D: variable "offset" was declared but never referenced
compiling initBoard.c...
compiling systick.c...
compiling hw4_adc.c...
compiling hw4_gpio.c...
hw4_gpio.c(88): warning:  #550-D: variable "delay" was set but never used
compiling led_chars.c...
compiling doublebuffer.c...
compiling screen.c...
compiling pixel.c...
compiling renderer.c...
compiling animation.c...
compiling 2048.c...
2048.h(21): warning:  #65-D: expected a ";"
linking...
Program Size: Code=6776 RO-data=44 RW-data=324 ZI-data=8828  
".\ece353_base_project.axf" - 0 Errors, 6 Warning(s).
Load "C:\\Users\\Martin Wickham\\KielProjects\\ECE 353\\Micro2048\\Dist\\p1\\ece353_base_project.axf" 
Connecting: Mode=JTAG, Speed=1000000Hz
Erase Done.
Programming Done.
Verify OK.
Rebuild target 'base_project'
assembling Startup.s...
compiling main.c...
2048.h(21): warning:  #65-D: expected a ";"
main.c(100): warning:  #550-D: variable "px" was set but never used
main.c(100): warning:  #550-D: variable "px2" was set but never used
main.c(101): warning:  #177-D: variable "offset" was declared but never referenced
compiling initBoard.c...
compiling systick.c...
compiling hw4_adc.c...
compiling hw4_gpio.c...
hw4_gpio.c(88): warning:  #550-D: variable "delay" was set but never used
compiling led_chars.c...
compiling doublebuffer.c...
compiling screen.c...
compiling pixel.c...
compiling renderer.c...
compiling animation.c...
compiling 2048.c...
2048.h(21): warning:  #65-D: expected a ";"
linking...
Program Size: Code=6776 RO-data=44 RW-data=324 ZI-data=8828  
".\ece353_base_project.axf" - 0 Errors, 6 Warning(s).
Load "C:\\Users\\Martin Wickham\\KielProjects\\ECE 353\\Micro2048\\Dist\\p1\\ece353_base_project.axf" 
Connecting: Mode=JTAG, Speed=1000000Hz
Erase Done.
Programming Done.
Verify OK.
Rebuild target 'base_project'
assembling Startup.s...
compiling main.c...
2048.h(21): warning:  #65-D: expected a ";"
main.c(100): warning:  #550-D: variable "px" was set but never used
main.c(100): warning:  #550-D: variable "px2" was set but never used
main.c(101): warning:  #177-D: variable "offset" was declared but never referenced
compiling initBoard.c...
compiling systick.c...
compiling hw4_adc.c...
compiling hw4_gpio.c...
hw4_gpio.c(88): warning:  #550-D: variable "delay" was set but never used
compiling led_chars.c...
compiling doublebuffer.c...
compiling screen.c...
compiling pixel.c...
compiling renderer.c...
compiling animation.c...
compiling 2048.c...
2048.h(21): warning:  #65-D: expected a ";"
linking...
Program Size: Code=6776 RO-data=44 RW-data=332 ZI-data=8828  
".\ece353_base_project.axf" - 0 Errors, 6 Warning(s).
Load "C:\\Users\\Martin Wickham\\KielProjects\\ECE 353\\Micro2048\\Dist\\p1\\ece353_base_project.axf" 
Connecting: Mode=JTAG, Speed=1000000Hz
Erase Done.
Programming Done.
Verify OK.
Rebuild target 'base_project'
assembling Startup.s...
compiling main.c...
2048.h(21): warning:  #65-D: expected a ";"
main.c(100): warning:  #550-D: variable "px" was set but never used
main.c(100): warning:  #550-D: variable "px2" was set but never used
main.c(101): warning:  #177-D: variable "offset" was declared but never referenced
compiling initBoard.c...
compiling systick.c...
compiling hw4_adc.c...
compiling hw4_gpio.c...
hw4_gpio.c(88): warning:  #550-D: variable "delay" was set but never used
compiling led_chars.c...
compiling doublebuffer.c...
compiling screen.c...
compiling pixel.c...
compiling renderer.c...
compiling animation.c...
compiling 2048.c...
2048.h(21): warning:  #65-D: expected a ";"
linking...
Program Size: Code=6776 RO-data=44 RW-data=332 ZI-data=8828  
".\ece353_base_project.axf" - 0 Errors, 6 Warning(s).
Load "C:\\Users\\Martin Wickham\\KielProjects\\ECE 353\\Micro2048\\Dist\\p1\\ece353_base_project.axf" 
Connecting: Mode=JTAG, Speed=1000000Hz
Erase Done.
Programming Done.
Verify OK.
Rebuild target 'base_project'
assembling Startup.s...
compiling main.c...
2048.h(21): warning:  #65-D: expected a ";"
main.c(100): warning:  #550-D: variable "px" was set but never used
main.c(100): warning:  #550-D: variable "px2" was set but never used
main.c(101): warning:  #177-D: variable "offset" was declared but never referenced
compiling initBoard.c...
compiling systick.c...
compiling hw4_adc.c...
compiling hw4_gpio.c...
hw4_gpio.c(88): warning:  #550-D: variable "delay" was set but never used
compiling led_chars.c...
compiling doublebuffer.c...
compiling screen.c...
compiling pixel.c...
compiling renderer.c...
compiling animation.c...
compiling 2048.c...
2048.h(21): warning:  #65-D: expected a ";"
linking...
Program Size: Code=6776 RO-data=44 RW-data=332 ZI-data=8828  
".\ece353_base_project.axf" - 0 Errors, 6 Warning(s).
Load "C:\\Users\\Martin Wickham\\KielProjects\\ECE 353\\Micro2048\\Dist\\p1\\ece353_base_project.axf" 
Connecting: Mode=JTAG, Speed=1000000Hz
Erase Done.
Programming Done.
Verify OK.
Rebuild target 'base_project'
assembling Startup.s...
compiling main.c...
2048.h(21): warning:  #65-D: expected a ";"
main.c(100): warning:  #550-D: variable "px" was set but never used
main.c(100): warning:  #550-D: variable "px2" was set but never used
main.c(101): warning:  #177-D: variable "offset" was declared but never referenced
compiling initBoard.c...
compiling systick.c...
compiling hw4_adc.c...
compiling hw4_gpio.c...
hw4_gpio.c(88): warning:  #550-D: variable "delay" was set but never used
compiling led_chars.c...
compiling doublebuffer.c...
compiling screen.c...
compiling pixel.c...
compiling renderer.c...
compiling animation.c...
compiling 2048.c...
2048.h(21): warning:  #65-D: expected a ";"
linking...
Program Size: Code=6776 RO-data=44 RW-data=336 ZI-data=8824  
".\ece353_base_project.axf" - 0 Errors, 6 Warning(s).
Load "C:\\Users\\Martin Wickham\\KielProjects\\ECE 353\\Micro2048\\Dist\\p1\\ece353_base_project.axf" 
Connecting: Mode=JTAG, Speed=1000000Hz
Erase Done.
Programming Done.
Verify OK.
Rebuild target 'base_project'
assembling Startup.s...
compiling main.c...
2048.h(21): warning:  #65-D: expected a ";"
main.c(100): warning:  #550-D: variable "px" was set but never used
main.c(100): warning:  #550-D: variable "px2" was set but never used
main.c(101): warning:  #177-D: variable "offset" was declared but never referenced
compiling initBoard.c...
compiling systick.c...
compiling hw4_adc.c...
compiling hw4_gpio.c...
hw4_gpio.c(88): warning:  #550-D: variable "delay" was set but never used
compiling led_chars.c...
compiling doublebuffer.c...
compiling screen.c...
compiling pixel.c...
compiling renderer.c...
compiling animation.c...
compiling 2048.c...
2048.h(21): warning:  #65-D: expected a ";"
linking...
Program Size: Code=6776 RO-data=44 RW-data=336 ZI-data=8824  
".\ece353_base_project.axf" - 0 Errors, 6 Warning(s).
Load "C:\\Users\\Martin Wickham\\KielProjects\\ECE 353\\Micro2048\\Dist\\p1\\ece353_base_project.axf" 
Connecting: Mode=JTAG, Speed=1000000Hz
Erase Done.
Programming Done.
Verify OK.
Rebuild target 'base_project'
assembling Startup.s...
compiling main.c...
2048.h(21): warning:  #65-D: expected a ";"
main.c(100): warning:  #550-D: variable "px" was set but never used
main.c(100): warning:  #550-D: variable "px2" was set but never used
main.c(101): warning:  #177-D: variable "offset" was declared but never referenced
compiling initBoard.c...
compiling systick.c...
compiling hw4_adc.c...
compiling hw4_gpio.c...
hw4_gpio.c(88): warning:  #550-D: variable "delay" was set but never used
compiling led_chars.c...
compiling doublebuffer.c...
compiling screen.c...
compiling pixel.c...
compiling renderer.c...
compiling animation.c...
compiling 2048.c...
2048.h(21): warning:  #65-D: expected a ";"
linking...
Program Size: Code=6776 RO-data=44 RW-data=332 ZI-data=8828  
".\ece353_base_project.axf" - 0 Errors, 6 Warning(s).
Load "C:\\Users\\Martin Wickham\\KielProjects\\ECE 353\\Micro2048\\Dist\\p1\\ece353_base_project.axf" 
Connecting: Mode=JTAG, Speed=1000000Hz
Erase Done.
Programming Done.
Verify OK.
Rebuild target 'base_project'
assembling Startup.s...
compiling main.c...
2048.h(21): warning:  #65-D: expected a ";"
main.c(100): warning:  #550-D: variable "px" was set but never used
main.c(100): warning:  #550-D: variable "px2" was set but never used
main.c(101): warning:  #177-D: variable "offset" was declared but never referenced
compiling initBoard.c...
compiling systick.c...
compiling hw4_adc.c...
compiling hw4_gpio.c...
hw4_gpio.c(88): warning:  #550-D: variable "delay" was set but never used
compiling led_chars.c...
compiling doublebuffer.c...
compiling screen.c...
compiling pixel.c...
compiling renderer.c...
compiling animation.c...
compiling 2048.c...
2048.h(21): warning:  #65-D: expected a ";"
linking...
Program Size: Code=6776 RO-data=44 RW-data=332 ZI-data=8828  
".\ece353_base_project.axf" - 0 Errors, 6 Warning(s).
Load "C:\\Users\\Martin Wickham\\KielProjects\\ECE 353\\Micro2048\\Dist\\p1\\ece353_base_project.axf" 
Connecting: Mode=JTAG, Speed=1000000Hz
Erase Done.
Programming Done.
Verify OK.
Rebuild target 'base_project'
assembling Startup.s...
compiling main.c...
2048.h(21): warning:  #65-D: expected a ";"
main.c(100): warning:  #550-D: variable "px" was set but never used
main.c(100): warning:  #550-D: variable "px2" was set but never used
main.c(101): warning:  #177-D: variable "offset" was declared but never referenced
compiling initBoard.c...
compiling systick.c...
compiling hw4_adc.c...
compiling hw4_gpio.c...
hw4_gpio.c(88): warning:  #550-D: variable "delay" was set but never used
compiling led_chars.c...
compiling doublebuffer.c...
compiling screen.c...
compiling pixel.c...
compiling renderer.c...
compiling animation.c...
compiling 2048.c...
2048.h(21): warning:  #65-D: expected a ";"
linking...
Program Size: Code=6776 RO-data=44 RW-data=332 ZI-data=8828  
".\ece353_base_project.axf" - 0 Errors, 6 Warning(s).
Load "C:\\Users\\Martin Wickham\\KielProjects\\ECE 353\\Micro2048\\Dist\\p1\\ece353_base_project.axf" 
Connecting: Mode=JTAG, Speed=1000000Hz
Erase Done.
Programming Done.
Verify OK.
Rebuild target 'base_project'
assembling Startup.s...
compiling main.c...
2048.h(21): warning:  #65-D: expected a ";"
main.c(100): warning:  #550-D: variable "px" was set but never used
main.c(100): warning:  #550-D: variable "px2" was set but never used
main.c(101): warning:  #177-D: variable "offset" was declared but never referenced
compiling initBoard.c...
compiling systick.c...
compiling hw4_adc.c...
compiling hw4_gpio.c...
hw4_gpio.c(88): warning:  #550-D: variable "delay" was set but never used
compiling led_chars.c...
compiling doublebuffer.c...
compiling screen.c...
compiling pixel.c...
compiling renderer.c...
compiling animation.c...
compiling 2048.c...
2048.h(21): warning:  #65-D: expected a ";"
linking...
Program Size: Code=6784 RO-data=44 RW-data=332 ZI-data=8828  
".\ece353_base_project.axf" - 0 Errors, 6 Warning(s).
Load "C:\\Users\\Martin Wickham\\KielProjects\\ECE 353\\Micro2048\\Dist\\p1\\ece353_base_project.axf" 
Connecting: Mode=JTAG, Speed=1000000Hz
Erase Done.
Programming Done.
Verify OK.
Rebuild target 'base_project'
assembling Startup.s...
compiling main.c...
2048.h(21): warning:  #65-D: expected a ";"
main.c(100): warning:  #550-D: variable "px" was set but never used
main.c(100): warning:  #550-D: variable "px2" was set but never used
main.c(101): warning:  #177-D: variable "offset" was declared but never referenced
compiling initBoard.c...
compiling systick.c...
compiling hw4_adc.c...
compiling hw4_gpio.c...
hw4_gpio.c(88): warning:  #550-D: variable "delay" was set but never used
compiling led_chars.c...
compiling doublebuffer.c...
compiling screen.c...
compiling pixel.c...
compiling renderer.c...
compiling animation.c...
compiling 2048.c...
2048.h(21): warning:  #65-D: expected a ";"
linking...
Program Size: Code=6784 RO-data=44 RW-data=332 ZI-data=8828  
".\ece353_base_project.axf" - 0 Errors, 6 Warning(s).
Load "C:\\Users\\Martin Wickham\\KielProjects\\ECE 353\\Micro2048\\Dist\\p1\\ece353_base_project.axf" 
Connecting: Mode=JTAG, Speed=1000000Hz
Erase Done.
Programming Done.
Verify OK.
Rebuild target 'base_project'
assembling Startup.s...
compiling main.c...
2048.h(21): warning:  #65-D: expected a ";"
main.c(43): warning:  #223-D: function "schedule" declared implicitly
main.c(54): warning:  #223-D: function "schedule" declared implicitly
main.c(100): warning:  #550-D: variable "px" was set but never used
main.c(100): warning:  #550-D: variable "px2" was set but never used
main.c(101): warning:  #177-D: variable "offset" was declared but never referenced
compiling initBoard.c...
compiling systick.c...
compiling hw4_adc.c...
compiling hw4_gpio.c...
hw4_gpio.c(88): warning:  #550-D: variable "delay" was set but never used
compiling led_chars.c...
compiling doublebuffer.c...
compiling screen.c...
compiling pixel.c...
compiling renderer.c...
compiling animation.c...
compiling 2048.c...
2048.h(21): warning:  #65-D: expected a ";"
2048.c(71): warning:  #223-D: function "schedule" declared implicitly
2048.c(80): warning:  #223-D: function "schedule" declared implicitly
2048.c(91): warning:  #223-D: function "schedule" declared implicitly
linking...
.\ece353_base_project.axf: Error: L6218E: Undefined symbol schedule (referred from main.o).
".\ece353_base_project.axf" - 1 Errors, 11 Warning(s).
Target not created
Rebuild target 'base_project'
assembling Startup.s...
compiling main.c...
2048.h(21): warning:  #65-D: expected a ";"
main.c(100): warning:  #550-D: variable "px" was set but never used
main.c(100): warning:  #550-D: variable "px2" was set but never used
main.c(101): warning:  #177-D: variable "offset" was declared but never referenced
compiling initBoard.c...
compiling systick.c...
compiling hw4_adc.c...
compiling hw4_gpio.c...
hw4_gpio.c(88): warning:  #550-D: variable "delay" was set but never used
compiling led_chars.c...
compiling doublebuffer.c...
compiling screen.c...
compiling pixel.c...
compiling renderer.c...
compiling animation.c...
compiling 2048.c...
2048.h(21): warning:  #65-D: expected a ";"
linking...
Program Size: Code=6784 RO-data=44 RW-data=332 ZI-data=8828  
".\ece353_base_project.axf" - 0 Errors, 6 Warning(s).
Rebuild target 'base_project'
assembling Startup.s...
compiling main.c...
compiling initBoard.c...
compiling systick.c...
compiling hw4_adc.c...
compiling hw4_gpio.c...
hw4_gpio.c(88): warning:  #550-D: variable "delay" was set but never used
compiling led_chars.c...
compiling doublebuffer.c...
compiling screen.c...
compiling pixel.c...
compiling renderer.c...
compiling animation.c...
compiling 2048.c...
linking...
Program Size: Code=6776 RO-data=44 RW-data=332 ZI-data=8828  
".\ece353_base_project.axf" - 0 Errors, 1 Warning(s).
Rebuild target 'base_project'
assembling Startup.s...
compiling main.c...
compiling initBoard.c...
compiling systick.c...
compiling hw4_adc.c...
compiling hw4_gpio.c...
compiling led_chars.c...
compiling doublebuffer.c...
compiling screen.c...
compiling pixel.c...
compiling renderer.c...
compiling animation.c...
compiling 2048.c...
linking...
Program Size: Code=6780 RO-data=44 RW-data=332 ZI-data=8828  
".\ece353_base_project.axf" - 0 Errors, 0 Warning(s).
Load "C:\\Users\\Martin Wickham\\KielProjects\\ECE 353\\Micro2048\\Dist\\p1\\ece353_base_project.axf" 
Connecting: Mode=JTAG, Speed=1000000Hz
Erase Done.
Programming Done.
Verify OK.
Rebuild target 'base_project'
assembling Startup.s...
compiling main.c...
compiling initBoard.c...
compiling systick.c...
compiling hw4_adc.c...
compiling hw4_gpio.c...
compiling led_chars.c...
compiling doublebuffer.c...
compiling screen.c...
compiling pixel.c...
compiling renderer.c...
compiling animation.c...
compiling 2048.c...
linking...
Program Size: Code=6780 RO-data=44 RW-data=332 ZI-data=8828  
".\ece353_base_project.axf" - 0 Errors, 0 Warning(s).
Load "C:\\Users\\Martin Wickham\\KielProjects\\ECE 353\\Micro2048\\Dist\\p1\\ece353_base_project.axf" 
Connecting: Mode=JTAG, Speed=1000000Hz
Erase Done.
Programming Done.
Verify OK.
Rebuild target 'base_project'
assembling Startup.s...
compiling main.c...
compiling initBoard.c...
compiling systick.c...
compiling hw4_adc.c...
compiling hw4_gpio.c...
compiling led_chars.c...
compiling doublebuffer.c...
compiling screen.c...
compiling pixel.c...
compiling renderer.c...
compiling animation.c...
compiling 2048.c...
2048.c(62): warning:  #68-D: integer conversion resulted in a change of sign
2048.c(63): warning:  #68-D: integer conversion resulted in a change of sign
2048.c(255): error:  #268: declaration may not appear after executable statement in block
".\ece353_base_project.axf" - 1 Errors, 2 Warning(s).
Target not created
Rebuild target 'base_project'
assembling Startup.s...
compiling main.c...
compiling initBoard.c...
compiling systick.c...
compiling hw4_adc.c...
compiling hw4_gpio.c...
compiling led_chars.c...
compiling doublebuffer.c...
compiling screen.c...
compiling pixel.c...
compiling renderer.c...
compiling animation.c...
compiling 2048.c...
linking...
Program Size: Code=7096 RO-data=44 RW-data=340 ZI-data=8828  
".\ece353_base_project.axf" - 0 Errors, 0 Warning(s).
Load "C:\\Users\\Martin Wickham\\KielProjects\\ECE 353\\Micro2048\\Dist\\p1\\ece353_base_project.axf" 
Connecting: Mode=JTAG, Speed=1000000Hz
Erase Done.
Programming Done.
Verify OK.
Rebuild target 'base_project'
assembling Startup.s...
compiling main.c...
compiling initBoard.c...
compiling systick.c...
compiling hw4_adc.c...
compiling hw4_gpio.c...
compiling led_chars.c...
compiling doublebuffer.c...
compiling screen.c...
compiling pixel.c...
compiling renderer.c...
compiling animation.c...
compiling 2048.c...
linking...
Program Size: Code=6996 RO-data=44 RW-data=340 ZI-data=8828  
".\ece353_base_project.axf" - 0 Errors, 0 Warning(s).
Load "C:\\Users\\Martin Wickham\\KielProjects\\ECE 353\\Micro2048\\Dist\\p1\\ece353_base_project.axf" 
Connecting: Mode=JTAG, Speed=1000000Hz
Erase Done.
Programming Done.
Verify OK.
Rebuild target 'base_project'
assembling Startup.s...
compiling main.c...
compiling initBoard.c...
compiling systick.c...
compiling hw4_adc.c...
compiling hw4_gpio.c...
compiling led_chars.c...
compiling doublebuffer.c...
compiling screen.c...
compiling pixel.c...
compiling renderer.c...
compiling animation.c...
compiling 2048.c...
linking...
Program Size: Code=7004 RO-data=44 RW-data=340 ZI-data=8828  
".\ece353_base_project.axf" - 0 Errors, 0 Warning(s).
Load "C:\\Users\\Martin Wickham\\KielProjects\\ECE 353\\Micro2048\\Dist\\p1\\ece353_base_project.axf" 
Connecting: Mode=JTAG, Speed=1000000Hz
Erase Done.
Programming Done.
Verify OK.
Rebuild target 'base_project'
assembling Startup.s...
compiling main.c...
compiling initBoard.c...
compiling systick.c...
compiling hw4_adc.c...
compiling hw4_gpio.c...
compiling led_chars.c...
compiling doublebuffer.c...
compiling screen.c...
compiling pixel.c...
compiling renderer.c...
compiling animation.c...
compiling 2048.c...
linking...
Program Size: Code=7020 RO-data=44 RW-data=340 ZI-data=8828  
".\ece353_base_project.axf" - 0 Errors, 0 Warning(s).
Load "C:\\Users\\Martin Wickham\\KielProjects\\ECE 353\\Micro2048\\Dist\\p1\\ece353_base_project.axf" 
Connecting: Mode=JTAG, Speed=1000000Hz
Erase Done.
Programming Done.
Verify OK.
Rebuild target 'base_project'
assembling Startup.s...
compiling main.c...
compiling initBoard.c...
compiling systick.c...
compiling hw4_adc.c...
compiling hw4_gpio.c...
compiling led_chars.c...
compiling doublebuffer.c...
compiling screen.c...
compiling pixel.c...
compiling renderer.c...
compiling animation.c...
compiling 2048.c...
2048.c(81): error:  #20: identifier "endMergeTranslate" is undefined
".\ece353_base_project.axf" - 1 Errors, 0 Warning(s).
Target not created
Load "C:\\Users\\Martin Wickham\\KielProjects\\ECE 353\\Micro2048\\Dist\\p1\\ece353_base_project.axf" 
Connecting: Mode=JTAG, Speed=1000000Hz
Erase Done.
Programming Done.
Verify OK.
Rebuild target 'base_project'
assembling Startup.s...
compiling main.c...
compiling initBoard.c...
compiling systick.c...
compiling hw4_adc.c...
compiling hw4_gpio.c...
compiling led_chars.c...
compiling doublebuffer.c...
compiling screen.c...
compiling pixel.c...
compiling renderer.c...
compiling animation.c...
compiling 2048.c...
2048.c(81): error:  #20: identifier "endMergeTranslate" is undefined
".\ece353_base_project.axf" - 1 Errors, 0 Warning(s).
Target not created
Load "C:\\Users\\Martin Wickham\\KielProjects\\ECE 353\\Micro2048\\Dist\\p1\\ece353_base_project.axf" 
Connecting: Mode=JTAG, Speed=1000000Hz
Erase Done.
Programming Done.
Verify OK.
Rebuild target 'base_project'
assembling Startup.s...
compiling main.c...
compiling initBoard.c...
compiling systick.c...
compiling hw4_adc.c...
compiling hw4_gpio.c...
compiling led_chars.c...
compiling doublebuffer.c...
compiling screen.c...
compiling pixel.c...
compiling renderer.c...
compiling animation.c...
compiling 2048.c...
linking...
Program Size: Code=7052 RO-data=44 RW-data=344 ZI-data=8824  
".\ece353_base_project.axf" - 0 Errors, 0 Warning(s).
Load "C:\\Users\\Martin Wickham\\KielProjects\\ECE 353\\Micro2048\\Dist\\p1\\ece353_base_project.axf" 
Connecting: Mode=JTAG, Speed=1000000Hz
Erase Done.
Programming Done.
Verify OK.
Rebuild target 'base_project'
assembling Startup.s...
compiling main.c...
compiling initBoard.c...
compiling systick.c...
compiling hw4_adc.c...
compiling hw4_gpio.c...
compiling led_chars.c...
compiling doublebuffer.c...
compiling screen.c...
compiling pixel.c...
compiling renderer.c...
compiling animation.c...
compiling 2048.c...
linking...
Program Size: Code=7056 RO-data=44 RW-data=344 ZI-data=8824  
".\ece353_base_project.axf" - 0 Errors, 0 Warning(s).
Load "C:\\Users\\Martin Wickham\\KielProjects\\ECE 353\\Micro2048\\Dist\\p1\\ece353_base_project.axf" 
Connecting: Mode=JTAG, Speed=1000000Hz
Erase Done.
Programming Done.
Verify OK.
Rebuild target 'base_project'
assembling Startup.s...
compiling main.c...
compiling initBoard.c...
compiling systick.c...
compiling hw4_adc.c...
compiling hw4_gpio.c...
compiling led_chars.c...
compiling doublebuffer.c...
compiling screen.c...
compiling pixel.c...
compiling renderer.c...
compiling animation.c...
compiling 2048.c...
linking...
Program Size: Code=7056 RO-data=44 RW-data=344 ZI-data=8824  
".\ece353_base_project.axf" - 0 Errors, 0 Warning(s).
Load "C:\\Users\\Martin Wickham\\KielProjects\\ECE 353\\Micro2048\\Dist\\p1\\ece353_base_project.axf" 
Connecting: Mode=JTAG, Speed=1000000Hz
Erase Done.
Programming Done.
Verify OK.
Rebuild target 'base_project'
assembling Startup.s...
compiling main.c...
compiling initBoard.c...
compiling systick.c...
compiling hw4_adc.c...
compiling hw4_gpio.c...
compiling led_chars.c...
compiling doublebuffer.c...
compiling screen.c...
compiling pixel.c...
compiling renderer.c...
compiling animation.c...
compiling 2048.c...
linking...
Program Size: Code=7056 RO-data=44 RW-data=344 ZI-data=8824  
".\ece353_base_project.axf" - 0 Errors, 0 Warning(s).
Load "C:\\Users\\Martin Wickham\\KielProjects\\ECE 353\\Micro2048\\Dist\\p1\\ece353_base_project.axf" 
Connecting: Mode=JTAG, Speed=1000000Hz
Erase Done.
Programming Done.
Verify OK.
Rebuild target 'base_project'
assembling Startup.s...
compiling main.c...
compiling initBoard.c...
compiling systick.c...
compiling hw4_adc.c...
compiling hw4_gpio.c...
compiling led_chars.c...
compiling doublebuffer.c...
compiling screen.c...
compiling pixel.c...
compiling renderer.c...
compiling animation.c...
compiling 2048.c...
linking...
Program Size: Code=7064 RO-data=44 RW-data=344 ZI-data=8824  
".\ece353_base_project.axf" - 0 Errors, 0 Warning(s).
Load "C:\\Users\\Martin Wickham\\KielProjects\\ECE 353\\Micro2048\\Dist\\p1\\ece353_base_project.axf" 
Connecting: Mode=JTAG, Speed=1000000Hz
Erase Done.
Programming Done.
Verify OK.
Rebuild target 'base_project'
assembling Startup.s...
compiling main.c...
compiling initBoard.c...
compiling systick.c...
compiling hw4_adc.c...
compiling hw4_gpio.c...
compiling led_chars.c...
compiling doublebuffer.c...
compiling screen.c...
compiling pixel.c...
compiling renderer.c...
compiling animation.c...
compiling 2048.c...
linking...
Program Size: Code=7064 RO-data=44 RW-data=344 ZI-data=8824  
".\ece353_base_project.axf" - 0 Errors, 0 Warning(s).
Load "C:\\Users\\Martin Wickham\\KielProjects\\ECE 353\\Micro2048\\Dist\\p1\\ece353_base_project.axf" 
Connecting: Mode=JTAG, Speed=1000000Hz
Erase Done.
Programming Done.
Verify OK.
