<html>
<body>
<pre>
<h1>µVision Build Log</h1>
<h2>Project:</h2>
C:\Users\Martin Wickham\KielProjects\ECE 353\Micro2048\Dist\p1\ece353_base_project.uvproj
Project File Date:  05/07/2014

<h2>Output:</h2>
Rebuild target 'base_project'
assembling Startup.s...
compiling main.c...
compiling initBoard.c...
compiling systick.c...
systick.c(26): warning:  #223-D: function "uartTxPoll" declared implicitly
systick.c(18): warning:  #177-D: variable "debounceCount" was declared but never referenced
compiling hw4_adc.c...
compiling hw4_gpio.c...
compiling led_chars.c...
compiling doublebuffer.c...
compiling screen.c...
compiling pixel.c...
compiling renderer.c...
compiling animation.c...
compiling 2048.c...
compiling AI2048.c...
compiling spi.c...
compiling eeprom.c...
compiling timer.c...
timer.c(30): warning:  #223-D: function "uartTxPoll" declared implicitly
timer.c(31): warning:  #223-D: function "updateButtons" declared implicitly
linking...
Program Size: Code=9596 RO-data=44 RW-data=348 ZI-data=8828  
".\ece353_base_project.axf" - 0 Errors, 4 Warning(s).
Load "C:\\Users\\Martin Wickham\\KielProjects\\ECE 353\\Micro2048\\Dist\\p1\\ece353_base_project.axf" 
Connecting: Mode=JTAG, Speed=1000000Hz
Erase Done.
Programming Done.
Verify OK.
Rebuild target 'base_project'
assembling Startup.s...
compiling main.c...
compiling initBoard.c...
compiling systick.c...
systick.c(26): warning:  #223-D: function "uartTxPoll" declared implicitly
systick.c(18): warning:  #177-D: variable "debounceCount" was declared but never referenced
compiling hw4_adc.c...
compiling hw4_gpio.c...
compiling led_chars.c...
compiling doublebuffer.c...
compiling screen.c...
compiling pixel.c...
compiling renderer.c...
compiling animation.c...
compiling 2048.c...
compiling AI2048.c...
compiling spi.c...
compiling eeprom.c...
compiling timer.c...
timer.c(30): warning:  #223-D: function "uartTxPoll" declared implicitly
timer.c(31): warning:  #223-D: function "updateButtons" declared implicitly
linking...
Program Size: Code=9596 RO-data=44 RW-data=348 ZI-data=8828  
".\ece353_base_project.axf" - 0 Errors, 4 Warning(s).
Load "C:\\Users\\Martin Wickham\\KielProjects\\ECE 353\\Micro2048\\Dist\\p1\\ece353_base_project.axf" 
Connecting: Mode=JTAG, Speed=1000000Hz
Erase Done.
Programming Done.
Verify OK.
Rebuild target 'base_project'
assembling Startup.s...
compiling main.c...
compiling initBoard.c...
compiling systick.c...
systick.c(26): warning:  #223-D: function "uartTxPoll" declared implicitly
systick.c(18): warning:  #177-D: variable "debounceCount" was declared but never referenced
compiling hw4_adc.c...
compiling hw4_gpio.c...
compiling led_chars.c...
compiling doublebuffer.c...
compiling screen.c...
compiling pixel.c...
compiling renderer.c...
compiling animation.c...
compiling 2048.c...
compiling AI2048.c...
compiling spi.c...
compiling eeprom.c...
compiling timer.c...
timer.c(30): warning:  #223-D: function "uartTxPoll" declared implicitly
timer.c(31): warning:  #223-D: function "updateButtons" declared implicitly
linking...
Program Size: Code=9656 RO-data=44 RW-data=348 ZI-data=8828  
".\ece353_base_project.axf" - 0 Errors, 4 Warning(s).
Load "C:\\Users\\Martin Wickham\\KielProjects\\ECE 353\\Micro2048\\Dist\\p1\\ece353_base_project.axf" 
Connecting: Mode=JTAG, Speed=1000000Hz
Erase Done.
Programming Done.
Verify OK.
Rebuild target 'base_project'
assembling Startup.s...
compiling main.c...
compiling initBoard.c...
compiling systick.c...
systick.c(26): warning:  #223-D: function "uartTxPoll" declared implicitly
systick.c(18): warning:  #177-D: variable "debounceCount" was declared but never referenced
compiling hw4_adc.c...
compiling hw4_gpio.c...
compiling led_chars.c...
compiling doublebuffer.c...
compiling screen.c...
compiling pixel.c...
compiling renderer.c...
compiling animation.c...
compiling 2048.c...
compiling AI2048.c...
compiling spi.c...
compiling eeprom.c...
compiling timer.c...
timer.c(30): warning:  #223-D: function "uartTxPoll" declared implicitly
timer.c(31): warning:  #223-D: function "updateButtons" declared implicitly
linking...
Program Size: Code=9708 RO-data=44 RW-data=348 ZI-data=8828  
".\ece353_base_project.axf" - 0 Errors, 4 Warning(s).
Load "C:\\Users\\Martin Wickham\\KielProjects\\ECE 353\\Micro2048\\Dist\\p1\\ece353_base_project.axf" 
Connecting: Mode=JTAG, Speed=1000000Hz
Erase Done.
Programming Done.
Verify OK.
Rebuild target 'base_project'
assembling Startup.s...
compiling main.c...
compiling initBoard.c...
compiling systick.c...
systick.c(26): warning:  #223-D: function "uartTxPoll" declared implicitly
systick.c(18): warning:  #177-D: variable "debounceCount" was declared but never referenced
compiling hw4_adc.c...
compiling hw4_gpio.c...
compiling led_chars.c...
compiling doublebuffer.c...
compiling screen.c...
compiling pixel.c...
compiling renderer.c...
compiling animation.c...
compiling 2048.c...
compiling AI2048.c...
compiling spi.c...
compiling eeprom.c...
compiling timer.c...
timer.c(30): warning:  #223-D: function "uartTxPoll" declared implicitly
timer.c(31): warning:  #223-D: function "updateButtons" declared implicitly
linking...
Program Size: Code=9812 RO-data=44 RW-data=348 ZI-data=8828  
".\ece353_base_project.axf" - 0 Errors, 4 Warning(s).
Load "C:\\Users\\Martin Wickham\\KielProjects\\ECE 353\\Micro2048\\Dist\\p1\\ece353_base_project.axf" 
Connecting: Mode=JTAG, Speed=1000000Hz
Erase Done.
Programming Done.
Verify OK.
Rebuild target 'base_project'
assembling Startup.s...
compiling main.c...
compiling initBoard.c...
compiling systick.c...
systick.c(26): warning:  #223-D: function "uartTxPoll" declared implicitly
systick.c(18): warning:  #177-D: variable "debounceCount" was declared but never referenced
compiling hw4_adc.c...
compiling hw4_gpio.c...
compiling led_chars.c...
compiling doublebuffer.c...
compiling screen.c...
compiling pixel.c...
compiling renderer.c...
compiling animation.c...
compiling 2048.c...
compiling AI2048.c...
compiling spi.c...
compiling eeprom.c...
compiling timer.c...
timer.c(30): warning:  #223-D: function "uartTxPoll" declared implicitly
timer.c(31): warning:  #223-D: function "updateButtons" declared implicitly
linking...
Program Size: Code=9868 RO-data=44 RW-data=348 ZI-data=8828  
".\ece353_base_project.axf" - 0 Errors, 4 Warning(s).
Load "C:\\Users\\Martin Wickham\\KielProjects\\ECE 353\\Micro2048\\Dist\\p1\\ece353_base_project.axf" 
Connecting: Mode=JTAG, Speed=1000000Hz
Erase Done.
Programming Done.
Verify OK.
Rebuild target 'base_project'
assembling Startup.s...
compiling main.c...
compiling initBoard.c...
compiling systick.c...
systick.c(26): warning:  #223-D: function "uartTxPoll" declared implicitly
systick.c(18): warning:  #177-D: variable "debounceCount" was declared but never referenced
compiling hw4_adc.c...
compiling hw4_gpio.c...
compiling led_chars.c...
compiling doublebuffer.c...
compiling screen.c...
compiling pixel.c...
compiling renderer.c...
compiling animation.c...
compiling 2048.c...
compiling AI2048.c...
compiling spi.c...
compiling eeprom.c...
compiling timer.c...
timer.c(30): warning:  #223-D: function "uartTxPoll" declared implicitly
timer.c(31): warning:  #223-D: function "updateButtons" declared implicitly
linking...
Program Size: Code=9856 RO-data=44 RW-data=348 ZI-data=8828  
".\ece353_base_project.axf" - 0 Errors, 4 Warning(s).
Load "C:\\Users\\Martin Wickham\\KielProjects\\ECE 353\\Micro2048\\Dist\\p1\\ece353_base_project.axf" 
Connecting: Mode=JTAG, Speed=1000000Hz
Erase Done.
Programming Done.
Verify OK.
Rebuild target 'base_project'
assembling Startup.s...
compiling main.c...
compiling initBoard.c...
compiling systick.c...
systick.c(26): warning:  #223-D: function "uartTxPoll" declared implicitly
systick.c(18): warning:  #177-D: variable "debounceCount" was declared but never referenced
compiling hw4_adc.c...
compiling hw4_gpio.c...
compiling led_chars.c...
compiling doublebuffer.c...
compiling screen.c...
compiling pixel.c...
compiling renderer.c...
compiling animation.c...
compiling 2048.c...
compiling AI2048.c...
compiling spi.c...
compiling eeprom.c...
compiling timer.c...
timer.c(30): warning:  #223-D: function "uartTxPoll" declared implicitly
timer.c(31): warning:  #223-D: function "updateButtons" declared implicitly
linking...
Program Size: Code=9840 RO-data=44 RW-data=348 ZI-data=8828  
".\ece353_base_project.axf" - 0 Errors, 4 Warning(s).
Load "C:\\Users\\Martin Wickham\\KielProjects\\ECE 353\\Micro2048\\Dist\\p1\\ece353_base_project.axf" 
Connecting: Mode=JTAG, Speed=1000000Hz
Erase Done.
Programming Done.
Verify OK.
Rebuild target 'base_project'
assembling Startup.s...
compiling main.c...
compiling initBoard.c...
compiling systick.c...
systick.c(26): warning:  #223-D: function "uartTxPoll" declared implicitly
systick.c(18): warning:  #177-D: variable "debounceCount" was declared but never referenced
compiling hw4_adc.c...
compiling hw4_gpio.c...
compiling led_chars.c...
compiling doublebuffer.c...
compiling screen.c...
compiling pixel.c...
compiling renderer.c...
compiling animation.c...
compiling 2048.c...
compiling AI2048.c...
compiling spi.c...
compiling eeprom.c...
compiling timer.c...
timer.c(30): warning:  #223-D: function "uartTxPoll" declared implicitly
timer.c(31): warning:  #223-D: function "updateButtons" declared implicitly
compiling lock.c...
lock.c(3): error:  #20: identifier "uint8_t" is undefined
lock.c(6): warning:  #223-D: function "DisableInterrupts" declared implicitly
lock.c(13): warning:  #223-D: function "EnableInterrupts" declared implicitly
".\ece353_base_project.axf" - 1 Errors, 6 Warning(s).
Target not created
Rebuild target 'base_project'
assembling Startup.s...
compiling main.c...
compiling initBoard.c...
compiling systick.c...
systick.c(26): warning:  #223-D: function "uartTxPoll" declared implicitly
systick.c(18): warning:  #177-D: variable "debounceCount" was declared but never referenced
compiling hw4_adc.c...
compiling hw4_gpio.c...
compiling led_chars.c...
compiling doublebuffer.c...
compiling screen.c...
compiling pixel.c...
compiling renderer.c...
compiling animation.c...
compiling 2048.c...
compiling AI2048.c...
compiling spi.c...
compiling eeprom.c...
compiling timer.c...
timer.c(30): warning:  #223-D: function "uartTxPoll" declared implicitly
timer.c(31): warning:  #223-D: function "updateButtons" declared implicitly
compiling lock.c...
linking...
Program Size: Code=9876 RO-data=44 RW-data=352 ZI-data=8824  
".\ece353_base_project.axf" - 0 Errors, 4 Warning(s).
Load "C:\\Users\\Martin Wickham\\KielProjects\\ECE 353\\Micro2048\\Dist\\p1\\ece353_base_project.axf" 
Connecting: Mode=JTAG, Speed=1000000Hz
Erase Done.
Programming Done.
Verify OK.
Rebuild target 'base_project'
assembling Startup.s...
compiling main.c...
compiling initBoard.c...
compiling systick.c...
systick.c(26): warning:  #223-D: function "uartTxPoll" declared implicitly
systick.c(18): warning:  #177-D: variable "debounceCount" was declared but never referenced
compiling hw4_adc.c...
compiling hw4_gpio.c...
compiling led_chars.c...
compiling doublebuffer.c...
compiling screen.c...
compiling pixel.c...
compiling renderer.c...
compiling animation.c...
compiling 2048.c...
compiling AI2048.c...
compiling spi.c...
compiling eeprom.c...
compiling timer.c...
timer.c(30): warning:  #223-D: function "uartTxPoll" declared implicitly
timer.c(31): warning:  #223-D: function "updateButtons" declared implicitly
compiling lock.c...
lock.c(18): warning:  #223-D: function "uartTxPoll" declared implicitly
linking...
Program Size: Code=9928 RO-data=44 RW-data=352 ZI-data=8824  
".\ece353_base_project.axf" - 0 Errors, 5 Warning(s).
Load "C:\\Users\\Martin Wickham\\KielProjects\\ECE 353\\Micro2048\\Dist\\p1\\ece353_base_project.axf" 
Connecting: Mode=JTAG, Speed=1000000Hz
Erase Done.
Programming Done.
Verify OK.
Rebuild target 'base_project'
assembling Startup.s...
compiling main.c...
compiling initBoard.c...
compiling systick.c...
systick.c(26): warning:  #223-D: function "uartTxPoll" declared implicitly
systick.c(18): warning:  #177-D: variable "debounceCount" was declared but never referenced
compiling hw4_adc.c...
compiling hw4_gpio.c...
compiling led_chars.c...
compiling doublebuffer.c...
compiling screen.c...
compiling pixel.c...
compiling renderer.c...
compiling animation.c...
compiling 2048.c...
compiling AI2048.c...
compiling spi.c...
compiling eeprom.c...
compiling timer.c...
timer.c(30): warning:  #223-D: function "uartTxPoll" declared implicitly
timer.c(31): warning:  #223-D: function "updateButtons" declared implicitly
compiling lock.c...
lock.c(18): warning:  #223-D: function "uartTxPoll" declared implicitly
linking...
Program Size: Code=9984 RO-data=44 RW-data=352 ZI-data=8824  
".\ece353_base_project.axf" - 0 Errors, 5 Warning(s).
Load "C:\\Users\\Martin Wickham\\KielProjects\\ECE 353\\Micro2048\\Dist\\p1\\ece353_base_project.axf" 
Connecting: Mode=JTAG, Speed=1000000Hz
Erase Done.
Programming Done.
Verify OK.
Rebuild target 'base_project'
assembling Startup.s...
compiling main.c...
compiling initBoard.c...
compiling systick.c...
systick.c(26): warning:  #223-D: function "uartTxPoll" declared implicitly
systick.c(18): warning:  #177-D: variable "debounceCount" was declared but never referenced
compiling hw4_adc.c...
compiling hw4_gpio.c...
compiling led_chars.c...
compiling doublebuffer.c...
compiling screen.c...
compiling pixel.c...
compiling renderer.c...
compiling animation.c...
compiling 2048.c...
compiling AI2048.c...
compiling spi.c...
compiling eeprom.c...
compiling timer.c...
timer.c(30): warning:  #223-D: function "uartTxPoll" declared implicitly
timer.c(31): warning:  #223-D: function "updateButtons" declared implicitly
compiling lock.c...
lock.c(18): warning:  #223-D: function "uartTxPoll" declared implicitly
linking...
Program Size: Code=9984 RO-data=44 RW-data=352 ZI-data=8824  
".\ece353_base_project.axf" - 0 Errors, 5 Warning(s).
Load "C:\\Users\\Martin Wickham\\KielProjects\\ECE 353\\Micro2048\\Dist\\p1\\ece353_base_project.axf" 
Connecting: Mode=JTAG, Speed=1000000Hz
Erase Done.
Programming Done.
Verify OK.
Rebuild target 'base_project'
assembling Startup.s...
compiling main.c...
compiling initBoard.c...
compiling systick.c...
systick.c(26): warning:  #223-D: function "uartTxPoll" declared implicitly
systick.c(18): warning:  #177-D: variable "debounceCount" was declared but never referenced
compiling hw4_adc.c...
compiling hw4_gpio.c...
compiling led_chars.c...
compiling doublebuffer.c...
compiling screen.c...
compiling pixel.c...
compiling renderer.c...
compiling animation.c...
compiling 2048.c...
compiling AI2048.c...
compiling spi.c...
compiling eeprom.c...
compiling timer.c...
timer.c(30): warning:  #223-D: function "uartTxPoll" declared implicitly
timer.c(31): warning:  #223-D: function "updateButtons" declared implicitly
compiling lock.c...
lock.c(18): warning:  #223-D: function "uartTxPoll" declared implicitly
linking...
Program Size: Code=9984 RO-data=44 RW-data=352 ZI-data=8824  
".\ece353_base_project.axf" - 0 Errors, 5 Warning(s).
Load "C:\\Users\\Martin Wickham\\KielProjects\\ECE 353\\Micro2048\\Dist\\p1\\ece353_base_project.axf" 
Connecting: Mode=JTAG, Speed=1000000Hz
Erase Done.
Programming Done.
Verify OK.
Rebuild target 'base_project'
assembling Startup.s...
compiling main.c...
compiling initBoard.c...
compiling systick.c...
systick.c(26): warning:  #223-D: function "uartTxPoll" declared implicitly
systick.c(18): warning:  #177-D: variable "debounceCount" was declared but never referenced
compiling hw4_adc.c...
compiling hw4_gpio.c...
compiling led_chars.c...
compiling doublebuffer.c...
compiling screen.c...
compiling pixel.c...
compiling renderer.c...
compiling animation.c...
compiling 2048.c...
compiling AI2048.c...
compiling spi.c...
compiling eeprom.c...
compiling timer.c...
timer.c(30): warning:  #223-D: function "uartTxPoll" declared implicitly
timer.c(31): warning:  #223-D: function "updateButtons" declared implicitly
compiling lock.c...
lock.c(18): warning:  #223-D: function "uartTxPoll" declared implicitly
linking...
Program Size: Code=9984 RO-data=44 RW-data=352 ZI-data=8824  
".\ece353_base_project.axf" - 0 Errors, 5 Warning(s).
Load "C:\\Users\\Martin Wickham\\KielProjects\\ECE 353\\Micro2048\\Dist\\p1\\ece353_base_project.axf" 
Connecting: Mode=JTAG, Speed=1000000Hz
Erase Done.
Programming Done.
Verify OK.
Rebuild target 'base_project'
assembling Startup.s...
compiling main.c...
compiling initBoard.c...
compiling systick.c...
systick.c(26): warning:  #223-D: function "uartTxPoll" declared implicitly
systick.c(18): warning:  #177-D: variable "debounceCount" was declared but never referenced
compiling hw4_adc.c...
compiling hw4_gpio.c...
compiling led_chars.c...
compiling doublebuffer.c...
compiling screen.c...
compiling pixel.c...
compiling renderer.c...
compiling animation.c...
compiling 2048.c...
compiling AI2048.c...
compiling spi.c...
compiling eeprom.c...
compiling timer.c...
timer.c(30): warning:  #223-D: function "uartTxPoll" declared implicitly
timer.c(31): warning:  #223-D: function "updateButtons" declared implicitly
compiling lock.c...
lock.c(18): warning:  #223-D: function "uartTxPoll" declared implicitly
linking...
Program Size: Code=9984 RO-data=44 RW-data=352 ZI-data=8824  
".\ece353_base_project.axf" - 0 Errors, 5 Warning(s).
Load "C:\\Users\\Martin Wickham\\KielProjects\\ECE 353\\Micro2048\\Dist\\p1\\ece353_base_project.axf" 
Connecting: Mode=JTAG, Speed=1000000Hz
Erase Done.
Programming Done.
Verify OK.
Rebuild target 'base_project'
assembling Startup.s...
compiling main.c...
compiling initBoard.c...
compiling systick.c...
systick.c(26): warning:  #223-D: function "uartTxPoll" declared implicitly
systick.c(18): warning:  #177-D: variable "debounceCount" was declared but never referenced
compiling hw4_adc.c...
compiling hw4_gpio.c...
compiling led_chars.c...
compiling doublebuffer.c...
compiling screen.c...
compiling pixel.c...
compiling renderer.c...
compiling animation.c...
compiling 2048.c...
compiling AI2048.c...
compiling spi.c...
compiling eeprom.c...
compiling timer.c...
timer.c(30): warning:  #223-D: function "uartTxPoll" declared implicitly
timer.c(31): warning:  #223-D: function "updateButtons" declared implicitly
compiling lock.c...
lock.c(18): warning:  #223-D: function "uartTxPoll" declared implicitly
linking...
Program Size: Code=9984 RO-data=44 RW-data=352 ZI-data=8824  
".\ece353_base_project.axf" - 0 Errors, 5 Warning(s).
Load "C:\\Users\\Martin Wickham\\KielProjects\\ECE 353\\Micro2048\\Dist\\p1\\ece353_base_project.axf" 
Connecting: Mode=JTAG, Speed=1000000Hz
Erase Done.
Programming Done.
Verify OK.
