<html>
<body>
<pre>
<h1>µVision Build Log</h1>
<h2>Project:</h2>
C:\Users\Martin Wickham\KielProjects\ECE 353\Micro2048\Dist\p1\ece353_base_project.uvproj
Project File Date:  05/06/2014

<h2>Output:</h2>
Rebuild target 'base_project'
assembling Startup.s...
compiling main.c...
compiling initBoard.c...
compiling systick.c...
compiling hw4_adc.c...
compiling hw4_gpio.c...
compiling led_chars.c...
compiling doublebuffer.c...
compiling screen.c...
compiling pixel.c...
compiling renderer.c...
compiling animation.c...
compiling 2048.c...
compiling AI2048.c...
compiling spi.c...
compiling eeprom.c...
linking...
Program Size: Code=8916 RO-data=44 RW-data=348 ZI-data=8828  
".\ece353_base_project.axf" - 0 Errors, 0 Warning(s).
Load "C:\\Users\\Martin Wickham\\KielProjects\\ECE 353\\Micro2048\\Dist\\p1\\ece353_base_project.axf" 
Connecting: Mode=JTAG, Speed=1000000Hz
Erase Done.
Programming Done.
Verify OK.
Rebuild target 'base_project'
assembling Startup.s...
compiling main.c...
compiling initBoard.c...
compiling systick.c...
compiling hw4_adc.c...
compiling hw4_gpio.c...
compiling led_chars.c...
compiling doublebuffer.c...
compiling screen.c...
compiling pixel.c...
compiling renderer.c...
compiling animation.c...
compiling 2048.c...
compiling AI2048.c...
compiling spi.c...
compiling eeprom.c...
linking...
Program Size: Code=8832 RO-data=44 RW-data=348 ZI-data=8828  
".\ece353_base_project.axf" - 0 Errors, 0 Warning(s).
Load "C:\\Users\\Martin Wickham\\KielProjects\\ECE 353\\Micro2048\\Dist\\p1\\ece353_base_project.axf" 
Connecting: Mode=JTAG, Speed=1000000Hz
Erase Done.
Programming Done.
Verify OK.
Rebuild target 'base_project'
assembling Startup.s...
compiling main.c...
compiling initBoard.c...
compiling systick.c...
compiling hw4_adc.c...
compiling hw4_gpio.c...
compiling led_chars.c...
compiling doublebuffer.c...
compiling screen.c...
compiling pixel.c...
compiling renderer.c...
compiling animation.c...
compiling 2048.c...
compiling AI2048.c...
compiling spi.c...
compiling eeprom.c...
linking...
Program Size: Code=8832 RO-data=44 RW-data=348 ZI-data=8828  
".\ece353_base_project.axf" - 0 Errors, 0 Warning(s).
Load "C:\\Users\\Martin Wickham\\KielProjects\\ECE 353\\Micro2048\\Dist\\p1\\ece353_base_project.axf" 
Connecting: Mode=JTAG, Speed=1000000Hz
Erase Done.
Programming Done.
Verify OK.
Rebuild target 'base_project'
assembling Startup.s...
compiling main.c...
compiling initBoard.c...
compiling systick.c...
compiling hw4_adc.c...
compiling hw4_gpio.c...
compiling led_chars.c...
compiling doublebuffer.c...
compiling screen.c...
compiling pixel.c...
compiling renderer.c...
compiling animation.c...
compiling 2048.c...
compiling AI2048.c...
compiling spi.c...
compiling eeprom.c...
linking...
Program Size: Code=8840 RO-data=44 RW-data=348 ZI-data=8828  
".\ece353_base_project.axf" - 0 Errors, 0 Warning(s).
Load "C:\\Users\\Martin Wickham\\KielProjects\\ECE 353\\Micro2048\\Dist\\p1\\ece353_base_project.axf" 
Connecting: Mode=JTAG, Speed=1000000Hz
Erase Done.
Programming Done.
Verify OK.
Rebuild target 'base_project'
assembling Startup.s...
compiling main.c...
compiling initBoard.c...
compiling systick.c...
compiling hw4_adc.c...
compiling hw4_gpio.c...
compiling led_chars.c...
compiling doublebuffer.c...
compiling screen.c...
compiling pixel.c...
compiling renderer.c...
compiling animation.c...
compiling 2048.c...
compiling AI2048.c...
compiling spi.c...
spi.c(106): error:  #20: identifier "GpioPortA" is undefined
spi.c(106): error:  #20: identifier "PA2_SPI0_CLK" is undefined
spi.c(107): error:  #20: identifier "PA3_SPI0_CS" is undefined
spi.c(108): error:  #20: identifier "PA4_SPI0_MISO" is undefined
spi.c(109): error:  #20: identifier "PA5_SPI0_MOSI" is undefined
spi.c(96): warning:  #550-D: variable "delay" was set but never used
spi.c(121): error: At end of source:  #67: expected a "}"
compiling eeprom.c...
".\ece353_base_project.axf" - 6 Errors, 1 Warning(s).
Target not created
Rebuild target 'base_project'
assembling Startup.s...
compiling main.c...
compiling initBoard.c...
compiling systick.c...
compiling hw4_adc.c...
compiling hw4_gpio.c...
compiling led_chars.c...
compiling doublebuffer.c...
compiling screen.c...
compiling pixel.c...
compiling renderer.c...
compiling animation.c...
compiling 2048.c...
compiling AI2048.c...
compiling spi.c...
spi.c(43): warning:  #550-D: variable "delay" was set but never used
spi.c(100): warning:  #550-D: variable "delay" was set but never used
spi.c(125): error: At end of source:  #67: expected a "}"
compiling eeprom.c...
".\ece353_base_project.axf" - 1 Errors, 2 Warning(s).
Target not created
Rebuild target 'base_project'
assembling Startup.s...
compiling main.c...
compiling initBoard.c...
compiling systick.c...
compiling hw4_adc.c...
compiling hw4_gpio.c...
compiling led_chars.c...
compiling doublebuffer.c...
compiling screen.c...
compiling pixel.c...
compiling renderer.c...
compiling animation.c...
compiling 2048.c...
compiling AI2048.c...
compiling spi.c...
spi.c(101): warning:  #550-D: variable "delay" was set but never used
compiling eeprom.c...
linking...
.\ece353_base_project.axf: Error: L6218E: Undefined symbol GpioPortA (referred from spi.o).
".\ece353_base_project.axf" - 1 Errors, 1 Warning(s).
Target not created
Rebuild target 'base_project'
assembling Startup.s...
compiling main.c...
compiling initBoard.c...
compiling systick.c...
compiling hw4_adc.c...
compiling hw4_gpio.c...
compiling led_chars.c...
compiling doublebuffer.c...
compiling screen.c...
compiling pixel.c...
compiling renderer.c...
compiling animation.c...
compiling 2048.c...
compiling AI2048.c...
compiling spi.c...
compiling eeprom.c...
linking...
.\ece353_base_project.axf: Error: L6218E: Undefined symbol GpioPortA (referred from spi.o).
".\ece353_base_project.axf" - 1 Errors, 0 Warning(s).
Target not created
Rebuild target 'base_project'
assembling Startup.s...
compiling main.c...
compiling initBoard.c...
compiling systick.c...
compiling hw4_adc.c...
compiling hw4_gpio.c...
compiling led_chars.c...
compiling doublebuffer.c...
compiling screen.c...
compiling pixel.c...
compiling renderer.c...
compiling animation.c...
compiling 2048.c...
compiling AI2048.c...
compiling spi.c...
compiling eeprom.c...
linking...
Program Size: Code=8852 RO-data=44 RW-data=348 ZI-data=8828  
".\ece353_base_project.axf" - 0 Errors, 0 Warning(s).
Load "C:\\Users\\Martin Wickham\\KielProjects\\ECE 353\\Micro2048\\Dist\\p1\\ece353_base_project.axf" 
Connecting: Mode=JTAG, Speed=1000000Hz
Erase Done.
Programming Done.
Verify OK.
Rebuild target 'base_project'
assembling Startup.s...
compiling main.c...
compiling initBoard.c...
initBoard.c(45): error:  #20: identifier "SPI0" is undefined
compiling systick.c...
compiling hw4_adc.c...
compiling hw4_gpio.c...
compiling led_chars.c...
compiling doublebuffer.c...
compiling screen.c...
compiling pixel.c...
compiling renderer.c...
compiling animation.c...
compiling 2048.c...
compiling AI2048.c...
compiling spi.c...
compiling eeprom.c...
".\ece353_base_project.axf" - 1 Errors, 0 Warning(s).
Target not created
Rebuild target 'base_project'
assembling Startup.s...
compiling main.c...
compiling initBoard.c...
compiling systick.c...
compiling hw4_adc.c...
compiling hw4_gpio.c...
compiling led_chars.c...
compiling doublebuffer.c...
compiling screen.c...
compiling pixel.c...
compiling renderer.c...
compiling animation.c...
compiling 2048.c...
compiling AI2048.c...
compiling spi.c...
compiling eeprom.c...
linking...
Program Size: Code=8868 RO-data=44 RW-data=348 ZI-data=8828  
".\ece353_base_project.axf" - 0 Errors, 0 Warning(s).
Load "C:\\Users\\Martin Wickham\\KielProjects\\ECE 353\\Micro2048\\Dist\\p1\\ece353_base_project.axf" 
Connecting: Mode=JTAG, Speed=1000000Hz
Erase Done.
Programming Done.
Verify OK.
