<html>
<body>
<pre>
<h1>µVision Build Log</h1>
<h2>Project:</h2>
C:\Users\Martin Wickham\KielProjects\ECE 353\Micro2048\Dist\p1\ece353_base_project.uvproj
Project File Date:  05/08/2014

<h2>Output:</h2>
Rebuild target 'base_project'
assembling Startup.s...
compiling main.c...
compiling initBoard.c...
compiling systick.c...
compiling hw4_adc.c...
compiling hw4_gpio.c...
compiling led_chars.c...
compiling doublebuffer.c...
compiling screen.c...
compiling pixel.c...
compiling renderer.c...
compiling animation.c...
compiling 2048.c...
compiling AI2048.c...
compiling spi.c...
compiling eeprom.c...
compiling timer.c...
compiling lock.c...
compiling uart.c...
compiling communication.c...
linking...
Program Size: Code=12768 RO-data=44 RW-data=396 ZI-data=8892  
".\ece353_base_project.axf" - 0 Errors, 0 Warning(s).
