<html>
<body>
<pre>
<h1>µVision Build Log</h1>
<h2>Project:</h2>
C:\Users\Martin Wickham\KielProjects\ECE 353\Micro2048\Dist\p1\ece353_base_project.uvproj
Project File Date:  05/02/2014

<h2>Output:</h2>
Rebuild target 'base_project'
assembling Startup.s...
compiling main.c...
main.c(86): warning:  #550-D: variable "px" was set but never used
compiling initBoard.c...
compiling systick.c...
compiling hw4_adc.c...
compiling hw4_gpio.c...
hw4_gpio.c(51): warning:  #177-D: variable "colors" was declared but never referenced
hw4_gpio.c(92): warning:  #550-D: variable "delay" was set but never used
compiling led_chars.c...
compiling doublebuffer.c...
compiling screen.c...
compiling pixel.c...
compiling renderer.c...
compiling animation.c...
linking...
Program Size: Code=5152 RO-data=52 RW-data=256 ZI-data=8720  
".\ece353_base_project.axf" - 0 Errors, 3 Warning(s).
Rebuild target 'base_project'
assembling Startup.s...
compiling main.c...
main.c(88): warning:  #550-D: variable "px" was set but never used
main.c(88): warning:  #550-D: variable "px2" was set but never used
compiling initBoard.c...
compiling systick.c...
compiling hw4_adc.c...
compiling hw4_gpio.c...
hw4_gpio.c(51): warning:  #177-D: variable "colors" was declared but never referenced
hw4_gpio.c(92): warning:  #550-D: variable "delay" was set but never used
compiling led_chars.c...
compiling doublebuffer.c...
compiling screen.c...
compiling pixel.c...
compiling renderer.c...
compiling animation.c...
compiling 2048.c...
linking...
Program Size: Code=5680 RO-data=52 RW-data=268 ZI-data=8716  
".\ece353_base_project.axf" - 0 Errors, 4 Warning(s).
Load "C:\\Users\\Martin Wickham\\KielProjects\\ECE 353\\Micro2048\\Dist\\p1\\ece353_base_project.axf" 
Connecting: Mode=JTAG, Speed=1000000Hz
Erase Done.
Programming Done.
Verify OK.
Rebuild target 'base_project'
assembling Startup.s...
compiling main.c...
main.c(88): warning:  #550-D: variable "px" was set but never used
main.c(88): warning:  #550-D: variable "px2" was set but never used
compiling initBoard.c...
compiling systick.c...
compiling hw4_adc.c...
compiling hw4_gpio.c...
hw4_gpio.c(51): warning:  #177-D: variable "colors" was declared but never referenced
hw4_gpio.c(92): warning:  #550-D: variable "delay" was set but never used
compiling led_chars.c...
compiling doublebuffer.c...
compiling screen.c...
compiling pixel.c...
compiling renderer.c...
compiling animation.c...
compiling 2048.c...
linking...
Program Size: Code=5684 RO-data=52 RW-data=268 ZI-data=8716  
".\ece353_base_project.axf" - 0 Errors, 4 Warning(s).
Load "C:\\Users\\Martin Wickham\\KielProjects\\ECE 353\\Micro2048\\Dist\\p1\\ece353_base_project.axf" 
Connecting: Mode=JTAG, Speed=1000000Hz
Erase Done.
Programming Done.
Verify OK.
Rebuild target 'base_project'
assembling Startup.s...
compiling main.c...
main.c(88): warning:  #550-D: variable "px" was set but never used
main.c(88): warning:  #550-D: variable "px2" was set but never used
compiling initBoard.c...
compiling systick.c...
compiling hw4_adc.c...
compiling hw4_gpio.c...
hw4_gpio.c(51): warning:  #177-D: variable "colors" was declared but never referenced
hw4_gpio.c(92): warning:  #550-D: variable "delay" was set but never used
compiling led_chars.c...
compiling doublebuffer.c...
compiling screen.c...
compiling pixel.c...
compiling renderer.c...
compiling animation.c...
compiling 2048.c...
linking...
Program Size: Code=5688 RO-data=52 RW-data=268 ZI-data=8716  
".\ece353_base_project.axf" - 0 Errors, 4 Warning(s).
Load "C:\\Users\\Martin Wickham\\KielProjects\\ECE 353\\Micro2048\\Dist\\p1\\ece353_base_project.axf" 
Connecting: Mode=JTAG, Speed=1000000Hz
Erase Done.
Programming Done.
Verify OK.
Rebuild target 'base_project'
assembling Startup.s...
compiling main.c...
main.c(88): warning:  #550-D: variable "px" was set but never used
main.c(88): warning:  #550-D: variable "px2" was set but never used
compiling initBoard.c...
compiling systick.c...
compiling hw4_adc.c...
compiling hw4_gpio.c...
hw4_gpio.c(51): warning:  #177-D: variable "colors" was declared but never referenced
hw4_gpio.c(92): warning:  #550-D: variable "delay" was set but never used
compiling led_chars.c...
compiling doublebuffer.c...
compiling screen.c...
compiling pixel.c...
compiling renderer.c...
compiling animation.c...
compiling 2048.c...
linking...
Program Size: Code=5700 RO-data=52 RW-data=268 ZI-data=8716  
".\ece353_base_project.axf" - 0 Errors, 4 Warning(s).
Rebuild target 'base_project'
assembling Startup.s...
compiling main.c...
main.c(88): warning:  #550-D: variable "px" was set but never used
main.c(88): warning:  #550-D: variable "px2" was set but never used
compiling initBoard.c...
compiling systick.c...
compiling hw4_adc.c...
compiling hw4_gpio.c...
hw4_gpio.c(51): warning:  #177-D: variable "colors" was declared but never referenced
hw4_gpio.c(92): warning:  #550-D: variable "delay" was set but never used
compiling led_chars.c...
compiling doublebuffer.c...
compiling screen.c...
compiling pixel.c...
compiling renderer.c...
compiling animation.c...
compiling 2048.c...
linking...
Program Size: Code=5712 RO-data=52 RW-data=268 ZI-data=8716  
".\ece353_base_project.axf" - 0 Errors, 4 Warning(s).
Load "C:\\Users\\Martin Wickham\\KielProjects\\ECE 353\\Micro2048\\Dist\\p1\\ece353_base_project.axf" 
Connecting: Mode=JTAG, Speed=1000000Hz
Erase Done.
Programming Done.
Verify OK.
Rebuild target 'base_project'
assembling Startup.s...
compiling main.c...
main.c(88): warning:  #550-D: variable "px" was set but never used
main.c(88): warning:  #550-D: variable "px2" was set but never used
compiling initBoard.c...
compiling systick.c...
compiling hw4_adc.c...
compiling hw4_gpio.c...
hw4_gpio.c(51): warning:  #177-D: variable "colors" was declared but never referenced
hw4_gpio.c(92): warning:  #550-D: variable "delay" was set but never used
compiling led_chars.c...
compiling doublebuffer.c...
compiling screen.c...
compiling pixel.c...
compiling renderer.c...
compiling animation.c...
compiling 2048.c...
linking...
Program Size: Code=5712 RO-data=52 RW-data=268 ZI-data=8716  
".\ece353_base_project.axf" - 0 Errors, 4 Warning(s).
Load "C:\\Users\\Martin Wickham\\KielProjects\\ECE 353\\Micro2048\\Dist\\p1\\ece353_base_project.axf" 
Connecting: Mode=JTAG, Speed=1000000Hz
Erase Done.
Programming Done.
Verify OK.
Rebuild target 'base_project'
assembling Startup.s...
compiling main.c...
main.c(88): warning:  #550-D: variable "px" was set but never used
main.c(88): warning:  #550-D: variable "px2" was set but never used
compiling initBoard.c...
compiling systick.c...
compiling hw4_adc.c...
compiling hw4_gpio.c...
hw4_gpio.c(51): warning:  #177-D: variable "colors" was declared but never referenced
hw4_gpio.c(92): warning:  #550-D: variable "delay" was set but never used
compiling led_chars.c...
compiling doublebuffer.c...
compiling screen.c...
compiling pixel.c...
compiling renderer.c...
compiling animation.c...
compiling 2048.c...
linking...
Program Size: Code=5936 RO-data=52 RW-data=272 ZI-data=8720  
".\ece353_base_project.axf" - 0 Errors, 4 Warning(s).
Load "C:\\Users\\Martin Wickham\\KielProjects\\ECE 353\\Micro2048\\Dist\\p1\\ece353_base_project.axf" 
Connecting: Mode=JTAG, Speed=1000000Hz
Erase Done.
Programming Done.
Verify OK.
Rebuild target 'base_project'
assembling Startup.s...
compiling main.c...
main.c(88): warning:  #550-D: variable "px" was set but never used
main.c(88): warning:  #550-D: variable "px2" was set but never used
compiling initBoard.c...
compiling systick.c...
compiling hw4_adc.c...
compiling hw4_gpio.c...
hw4_gpio.c(51): warning:  #177-D: variable "colors" was declared but never referenced
hw4_gpio.c(92): warning:  #550-D: variable "delay" was set but never used
compiling led_chars.c...
compiling doublebuffer.c...
compiling screen.c...
compiling pixel.c...
compiling renderer.c...
compiling animation.c...
compiling 2048.c...
2048.c(66): error:  #20: identifier "b" is undefined
2048.c(66): error:  #20: identifier "current" is undefined
2048.c(66): error:  #20: identifier "backY" is undefined
".\ece353_base_project.axf" - 3 Errors, 4 Warning(s).
Target not created
Rebuild target 'base_project'
assembling Startup.s...
compiling main.c...
main.c(88): warning:  #550-D: variable "px" was set but never used
main.c(88): warning:  #550-D: variable "px2" was set but never used
compiling initBoard.c...
compiling systick.c...
compiling hw4_adc.c...
compiling hw4_gpio.c...
hw4_gpio.c(51): warning:  #177-D: variable "colors" was declared but never referenced
hw4_gpio.c(92): warning:  #550-D: variable "delay" was set but never used
compiling led_chars.c...
compiling doublebuffer.c...
compiling screen.c...
compiling pixel.c...
compiling renderer.c...
compiling animation.c...
compiling 2048.c...
linking...
Program Size: Code=5952 RO-data=52 RW-data=272 ZI-data=8720  
".\ece353_base_project.axf" - 0 Errors, 4 Warning(s).
Load "C:\\Users\\Martin Wickham\\KielProjects\\ECE 353\\Micro2048\\Dist\\p1\\ece353_base_project.axf" 
Connecting: Mode=JTAG, Speed=1000000Hz
Erase Done.
Programming Done.
Verify OK.
Rebuild target 'base_project'
assembling Startup.s...
compiling main.c...
main.c(88): warning:  #550-D: variable "px" was set but never used
main.c(88): warning:  #550-D: variable "px2" was set but never used
compiling initBoard.c...
compiling systick.c...
compiling hw4_adc.c...
compiling hw4_gpio.c...
hw4_gpio.c(51): warning:  #177-D: variable "colors" was declared but never referenced
hw4_gpio.c(92): warning:  #550-D: variable "delay" was set but never used
compiling led_chars.c...
compiling doublebuffer.c...
compiling screen.c...
compiling pixel.c...
compiling renderer.c...
compiling animation.c...
compiling 2048.c...
linking...
Program Size: Code=5792 RO-data=52 RW-data=272 ZI-data=8720  
".\ece353_base_project.axf" - 0 Errors, 4 Warning(s).
Load "C:\\Users\\Martin Wickham\\KielProjects\\ECE 353\\Micro2048\\Dist\\p1\\ece353_base_project.axf" 
Connecting: Mode=JTAG, Speed=1000000Hz
Erase Done.
Programming Done.
Verify OK.
Build target 'base_project'
compiling 2048.c...
linking...
Program Size: Code=5792 RO-data=52 RW-data=272 ZI-data=8720  
".\ece353_base_project.axf" - 0 Errors, 0 Warning(s).
Rebuild target 'base_project'
assembling Startup.s...
compiling main.c...
main.c(88): warning:  #550-D: variable "px" was set but never used
main.c(88): warning:  #550-D: variable "px2" was set but never used
compiling initBoard.c...
compiling systick.c...
compiling hw4_adc.c...
compiling hw4_gpio.c...
hw4_gpio.c(51): warning:  #177-D: variable "colors" was declared but never referenced
hw4_gpio.c(92): warning:  #550-D: variable "delay" was set but never used
compiling led_chars.c...
compiling doublebuffer.c...
compiling screen.c...
compiling pixel.c...
compiling renderer.c...
compiling animation.c...
compiling 2048.c...
linking...
Program Size: Code=5792 RO-data=52 RW-data=272 ZI-data=8720  
".\ece353_base_project.axf" - 0 Errors, 4 Warning(s).
Load "C:\\Users\\Martin Wickham\\KielProjects\\ECE 353\\Micro2048\\Dist\\p1\\ece353_base_project.axf" 
Connecting: Mode=JTAG, Speed=1000000Hz
Erase Done.
Programming Done.
Verify OK.
Rebuild target 'base_project'
assembling Startup.s...
compiling main.c...
main.c(88): warning:  #550-D: variable "px" was set but never used
main.c(88): warning:  #550-D: variable "px2" was set but never used
compiling initBoard.c...
compiling systick.c...
compiling hw4_adc.c...
compiling hw4_gpio.c...
hw4_gpio.c(51): warning:  #177-D: variable "colors" was declared but never referenced
hw4_gpio.c(92): warning:  #550-D: variable "delay" was set but never used
compiling led_chars.c...
compiling doublebuffer.c...
compiling screen.c...
compiling pixel.c...
compiling renderer.c...
compiling animation.c...
compiling 2048.c...
2048.c(41): warning:  #223-D: function "uartTxPoll" declared implicitly
2048.c(46): warning:  #223-D: function "uartTxPoll" declared implicitly
2048.c(47): error:  #268: declaration may not appear after executable statement in block
2048.c(48): error:  #268: declaration may not appear after executable statement in block
2048.c(59): warning:  #223-D: function "uartTxPoll" declared implicitly
2048.c(69): warning:  #223-D: function "uartTxPoll" declared implicitly
".\ece353_base_project.axf" - 2 Errors, 8 Warning(s).
Target not created
Rebuild target 'base_project'
assembling Startup.s...
compiling main.c...
main.c(88): warning:  #550-D: variable "px" was set but never used
main.c(88): warning:  #550-D: variable "px2" was set but never used
compiling initBoard.c...
compiling systick.c...
compiling hw4_adc.c...
compiling hw4_gpio.c...
hw4_gpio.c(51): warning:  #177-D: variable "colors" was declared but never referenced
hw4_gpio.c(92): warning:  #550-D: variable "delay" was set but never used
compiling led_chars.c...
compiling doublebuffer.c...
compiling screen.c...
compiling pixel.c...
compiling renderer.c...
compiling animation.c...
compiling 2048.c...
2048.c(41): warning:  #223-D: function "uartTxPoll" declared implicitly
2048.c(46): warning:  #223-D: function "uartTxPoll" declared implicitly
2048.c(47): error:  #268: declaration may not appear after executable statement in block
2048.c(48): error:  #268: declaration may not appear after executable statement in block
2048.c(59): warning:  #223-D: function "uartTxPoll" declared implicitly
2048.c(69): warning:  #223-D: function "uartTxPoll" declared implicitly
".\ece353_base_project.axf" - 2 Errors, 8 Warning(s).
Target not created
Rebuild target 'base_project'
assembling Startup.s...
compiling main.c...
main.c(88): warning:  #550-D: variable "px" was set but never used
main.c(88): warning:  #550-D: variable "px2" was set but never used
compiling initBoard.c...
compiling systick.c...
compiling hw4_adc.c...
compiling hw4_gpio.c...
hw4_gpio.c(51): warning:  #177-D: variable "colors" was declared but never referenced
hw4_gpio.c(92): warning:  #550-D: variable "delay" was set but never used
compiling led_chars.c...
compiling doublebuffer.c...
compiling screen.c...
compiling pixel.c...
compiling renderer.c...
compiling animation.c...
compiling 2048.c...
2048.c(41): warning:  #223-D: function "uartTxPoll" declared implicitly
2048.c(48): warning:  #223-D: function "uartTxPoll" declared implicitly
2048.c(59): warning:  #223-D: function "uartTxPoll" declared implicitly
2048.c(69): warning:  #223-D: function "uartTxPoll" declared implicitly
linking...
Program Size: Code=5924 RO-data=52 RW-data=272 ZI-data=8720  
".\ece353_base_project.axf" - 0 Errors, 8 Warning(s).
Load "C:\\Users\\Martin Wickham\\KielProjects\\ECE 353\\Micro2048\\Dist\\p1\\ece353_base_project.axf" 
Connecting: Mode=JTAG, Speed=1000000Hz
Erase Done.
Programming Done.
Verify OK.
Rebuild target 'base_project'
assembling Startup.s...
compiling main.c...
main.c(88): warning:  #550-D: variable "px" was set but never used
main.c(88): warning:  #550-D: variable "px2" was set but never used
compiling initBoard.c...
compiling systick.c...
compiling hw4_adc.c...
compiling hw4_gpio.c...
hw4_gpio.c(51): warning:  #177-D: variable "colors" was declared but never referenced
hw4_gpio.c(92): warning:  #550-D: variable "delay" was set but never used
compiling led_chars.c...
compiling doublebuffer.c...
compiling screen.c...
compiling pixel.c...
compiling renderer.c...
compiling animation.c...
compiling 2048.c...
2048.c(41): warning:  #223-D: function "uartTxPoll" declared implicitly
2048.c(48): warning:  #223-D: function "uartTxPoll" declared implicitly
2048.c(59): warning:  #223-D: function "uartTxPoll" declared implicitly
2048.c(69): warning:  #223-D: function "uartTxPoll" declared implicitly
linking...
Program Size: Code=5908 RO-data=52 RW-data=272 ZI-data=8720  
".\ece353_base_project.axf" - 0 Errors, 8 Warning(s).
Load "C:\\Users\\Martin Wickham\\KielProjects\\ECE 353\\Micro2048\\Dist\\p1\\ece353_base_project.axf" 
Connecting: Mode=JTAG, Speed=1000000Hz
Erase Done.
Programming Done.
Verify OK.
Rebuild target 'base_project'
assembling Startup.s...
compiling main.c...
main.c(88): warning:  #550-D: variable "px" was set but never used
main.c(88): warning:  #550-D: variable "px2" was set but never used
compiling initBoard.c...
compiling systick.c...
compiling hw4_adc.c...
compiling hw4_gpio.c...
hw4_gpio.c(51): warning:  #177-D: variable "colors" was declared but never referenced
hw4_gpio.c(92): warning:  #550-D: variable "delay" was set but never used
compiling led_chars.c...
compiling doublebuffer.c...
compiling screen.c...
compiling pixel.c...
compiling renderer.c...
compiling animation.c...
compiling 2048.c...
2048.c(41): warning:  #223-D: function "uartTxPoll" declared implicitly
2048.c(48): warning:  #223-D: function "uartTxPoll" declared implicitly
2048.c(59): warning:  #223-D: function "uartTxPoll" declared implicitly
2048.c(69): warning:  #223-D: function "uartTxPoll" declared implicitly
linking...
Program Size: Code=5912 RO-data=52 RW-data=272 ZI-data=8720  
".\ece353_base_project.axf" - 0 Errors, 8 Warning(s).
Load "C:\\Users\\Martin Wickham\\KielProjects\\ECE 353\\Micro2048\\Dist\\p1\\ece353_base_project.axf" 
Connecting: Mode=JTAG, Speed=1000000Hz
Erase Done.
Programming Done.
Verify OK.
Rebuild target 'base_project'
assembling Startup.s...
compiling main.c...
main.c(88): warning:  #550-D: variable "px2" was set but never used
compiling initBoard.c...
compiling systick.c...
compiling hw4_adc.c...
compiling hw4_gpio.c...
hw4_gpio.c(51): warning:  #177-D: variable "colors" was declared but never referenced
hw4_gpio.c(92): warning:  #550-D: variable "delay" was set but never used
compiling led_chars.c...
compiling doublebuffer.c...
compiling screen.c...
compiling pixel.c...
compiling renderer.c...
compiling animation.c...
compiling 2048.c...
2048.c(41): warning:  #223-D: function "uartTxPoll" declared implicitly
2048.c(48): warning:  #223-D: function "uartTxPoll" declared implicitly
2048.c(59): warning:  #223-D: function "uartTxPoll" declared implicitly
2048.c(69): warning:  #223-D: function "uartTxPoll" declared implicitly
linking...
Program Size: Code=5956 RO-data=52 RW-data=272 ZI-data=8720  
".\ece353_base_project.axf" - 0 Errors, 7 Warning(s).
Load "C:\\Users\\Martin Wickham\\KielProjects\\ECE 353\\Micro2048\\Dist\\p1\\ece353_base_project.axf" 
Connecting: Mode=JTAG, Speed=1000000Hz
Erase Done.
Programming Done.
Verify OK.
Rebuild target 'base_project'
assembling Startup.s...
compiling main.c...
main.c(88): warning:  #550-D: variable "px2" was set but never used
compiling initBoard.c...
compiling systick.c...
compiling hw4_adc.c...
compiling hw4_gpio.c...
hw4_gpio.c(51): warning:  #177-D: variable "colors" was declared but never referenced
hw4_gpio.c(92): warning:  #550-D: variable "delay" was set but never used
compiling led_chars.c...
compiling doublebuffer.c...
compiling screen.c...
compiling pixel.c...
compiling renderer.c...
compiling animation.c...
compiling 2048.c...
2048.c(41): warning:  #223-D: function "uartTxPoll" declared implicitly
2048.c(48): warning:  #223-D: function "uartTxPoll" declared implicitly
2048.c(59): warning:  #223-D: function "uartTxPoll" declared implicitly
2048.c(69): warning:  #223-D: function "uartTxPoll" declared implicitly
linking...
Program Size: Code=5956 RO-data=52 RW-data=272 ZI-data=8720  
".\ece353_base_project.axf" - 0 Errors, 7 Warning(s).
Load "C:\\Users\\Martin Wickham\\KielProjects\\ECE 353\\Micro2048\\Dist\\p1\\ece353_base_project.axf" 
Connecting: Mode=JTAG, Speed=1000000Hz
Erase Done.
Programming Done.
Verify OK.
Rebuild target 'base_project'
assembling Startup.s...
compiling main.c...
main.c(89): warning:  #550-D: variable "px2" was set but never used
compiling initBoard.c...
compiling systick.c...
compiling hw4_adc.c...
compiling hw4_gpio.c...
hw4_gpio.c(51): warning:  #177-D: variable "colors" was declared but never referenced
hw4_gpio.c(92): warning:  #550-D: variable "delay" was set but never used
compiling led_chars.c...
compiling doublebuffer.c...
compiling screen.c...
compiling pixel.c...
compiling renderer.c...
compiling animation.c...
compiling 2048.c...
2048.c(41): warning:  #223-D: function "uartTxPoll" declared implicitly
2048.c(48): warning:  #223-D: function "uartTxPoll" declared implicitly
2048.c(59): warning:  #223-D: function "uartTxPoll" declared implicitly
2048.c(69): warning:  #223-D: function "uartTxPoll" declared implicitly
linking...
Program Size: Code=5992 RO-data=52 RW-data=272 ZI-data=8720  
".\ece353_base_project.axf" - 0 Errors, 7 Warning(s).
Load "C:\\Users\\Martin Wickham\\KielProjects\\ECE 353\\Micro2048\\Dist\\p1\\ece353_base_project.axf" 
Connecting: Mode=JTAG, Speed=1000000Hz
Erase Done.
Programming Done.
Verify OK.
Rebuild target 'base_project'
assembling Startup.s...
compiling main.c...
main.c(89): warning:  #550-D: variable "px2" was set but never used
compiling initBoard.c...
compiling systick.c...
compiling hw4_adc.c...
compiling hw4_gpio.c...
hw4_gpio.c(51): warning:  #177-D: variable "colors" was declared but never referenced
hw4_gpio.c(92): warning:  #550-D: variable "delay" was set but never used
compiling led_chars.c...
compiling doublebuffer.c...
compiling screen.c...
compiling pixel.c...
compiling renderer.c...
compiling animation.c...
compiling 2048.c...
2048.c(41): warning:  #223-D: function "uartTxPoll" declared implicitly
2048.c(48): warning:  #223-D: function "uartTxPoll" declared implicitly
2048.c(59): warning:  #223-D: function "uartTxPoll" declared implicitly
2048.c(69): warning:  #223-D: function "uartTxPoll" declared implicitly
linking...
Program Size: Code=5992 RO-data=52 RW-data=272 ZI-data=8720  
".\ece353_base_project.axf" - 0 Errors, 7 Warning(s).
Load "C:\\Users\\Martin Wickham\\KielProjects\\ECE 353\\Micro2048\\Dist\\p1\\ece353_base_project.axf" 
Connecting: Mode=JTAG, Speed=1000000Hz
Erase Done.
Programming Done.
Verify OK.
Rebuild target 'base_project'
assembling Startup.s...
compiling main.c...
main.c(88): warning:  #550-D: variable "px2" was set but never used
compiling initBoard.c...
compiling systick.c...
compiling hw4_adc.c...
compiling hw4_gpio.c...
hw4_gpio.c(51): warning:  #177-D: variable "colors" was declared but never referenced
hw4_gpio.c(92): warning:  #550-D: variable "delay" was set but never used
compiling led_chars.c...
compiling doublebuffer.c...
compiling screen.c...
compiling pixel.c...
compiling renderer.c...
compiling animation.c...
compiling 2048.c...
2048.c(41): warning:  #223-D: function "uartTxPoll" declared implicitly
2048.c(48): warning:  #223-D: function "uartTxPoll" declared implicitly
2048.c(59): warning:  #223-D: function "uartTxPoll" declared implicitly
2048.c(69): warning:  #223-D: function "uartTxPoll" declared implicitly
linking...
Program Size: Code=5972 RO-data=52 RW-data=272 ZI-data=8720  
".\ece353_base_project.axf" - 0 Errors, 7 Warning(s).
Load "C:\\Users\\Martin Wickham\\KielProjects\\ECE 353\\Micro2048\\Dist\\p1\\ece353_base_project.axf" 
Connecting: Mode=JTAG, Speed=1000000Hz
Erase Done.
Programming Done.
Verify OK.
Rebuild target 'base_project'
assembling Startup.s...
compiling main.c...
main.c(88): warning:  #550-D: variable "px" was set but never used
main.c(88): warning:  #550-D: variable "px2" was set but never used
compiling initBoard.c...
compiling systick.c...
compiling hw4_adc.c...
compiling hw4_gpio.c...
hw4_gpio.c(51): warning:  #177-D: variable "colors" was declared but never referenced
hw4_gpio.c(92): warning:  #550-D: variable "delay" was set but never used
compiling led_chars.c...
compiling doublebuffer.c...
compiling screen.c...
compiling pixel.c...
compiling renderer.c...
compiling animation.c...
compiling 2048.c...
2048.c(41): warning:  #223-D: function "uartTxPoll" declared implicitly
2048.c(48): warning:  #223-D: function "uartTxPoll" declared implicitly
2048.c(59): warning:  #223-D: function "uartTxPoll" declared implicitly
2048.c(69): warning:  #223-D: function "uartTxPoll" declared implicitly
linking...
Program Size: Code=6084 RO-data=52 RW-data=272 ZI-data=8720  
".\ece353_base_project.axf" - 0 Errors, 8 Warning(s).
Load "C:\\Users\\Martin Wickham\\KielProjects\\ECE 353\\Micro2048\\Dist\\p1\\ece353_base_project.axf" 
Connecting: Mode=JTAG, Speed=1000000Hz
Erase Done.
Programming Done.
Verify OK.
Rebuild target 'base_project'
assembling Startup.s...
compiling main.c...
main.c(88): warning:  #550-D: variable "px" was set but never used
main.c(88): warning:  #550-D: variable "px2" was set but never used
compiling initBoard.c...
compiling systick.c...
compiling hw4_adc.c...
compiling hw4_gpio.c...
hw4_gpio.c(51): warning:  #177-D: variable "colors" was declared but never referenced
hw4_gpio.c(92): warning:  #550-D: variable "delay" was set but never used
compiling led_chars.c...
compiling doublebuffer.c...
compiling screen.c...
compiling pixel.c...
compiling renderer.c...
compiling animation.c...
compiling 2048.c...
linking...
Program Size: Code=5952 RO-data=52 RW-data=272 ZI-data=8720  
".\ece353_base_project.axf" - 0 Errors, 4 Warning(s).
Load "C:\\Users\\Martin Wickham\\KielProjects\\ECE 353\\Micro2048\\Dist\\p1\\ece353_base_project.axf" 
Connecting: Mode=JTAG, Speed=1000000Hz
Erase Done.
Programming Done.
Verify OK.
Rebuild target 'base_project'
assembling Startup.s...
compiling main.c...
main.c(88): warning:  #550-D: variable "px" was set but never used
main.c(88): warning:  #550-D: variable "px2" was set but never used
compiling initBoard.c...
compiling systick.c...
compiling hw4_adc.c...
compiling hw4_gpio.c...
hw4_gpio.c(51): warning:  #177-D: variable "colors" was declared but never referenced
hw4_gpio.c(92): warning:  #550-D: variable "delay" was set but never used
compiling led_chars.c...
compiling doublebuffer.c...
compiling screen.c...
compiling pixel.c...
compiling renderer.c...
compiling animation.c...
compiling 2048.c...
linking...
Program Size: Code=5952 RO-data=52 RW-data=272 ZI-data=8720  
".\ece353_base_project.axf" - 0 Errors, 4 Warning(s).
Load "C:\\Users\\Martin Wickham\\KielProjects\\ECE 353\\Micro2048\\Dist\\p1\\ece353_base_project.axf" 
Connecting: Mode=JTAG, Speed=1000000Hz
Erase Done.
Programming Done.
Verify OK.
Rebuild target 'base_project'
assembling Startup.s...
compiling main.c...
main.c(88): warning:  #550-D: variable "px" was set but never used
main.c(88): warning:  #550-D: variable "px2" was set but never used
compiling initBoard.c...
compiling systick.c...
compiling hw4_adc.c...
compiling hw4_gpio.c...
hw4_gpio.c(51): warning:  #177-D: variable "colors" was declared but never referenced
hw4_gpio.c(92): warning:  #550-D: variable "delay" was set but never used
compiling led_chars.c...
compiling doublebuffer.c...
compiling screen.c...
compiling pixel.c...
compiling renderer.c...
compiling animation.c...
compiling 2048.c...
linking...
Program Size: Code=5952 RO-data=52 RW-data=280 ZI-data=8720  
".\ece353_base_project.axf" - 0 Errors, 4 Warning(s).
Load "C:\\Users\\Martin Wickham\\KielProjects\\ECE 353\\Micro2048\\Dist\\p1\\ece353_base_project.axf" 
Connecting: Mode=JTAG, Speed=1000000Hz
Erase Done.
Programming Done.
Verify OK.
Rebuild target 'base_project'
assembling Startup.s...
compiling main.c...
main.c(88): warning:  #550-D: variable "px" was set but never used
main.c(88): warning:  #550-D: variable "px2" was set but never used
compiling initBoard.c...
compiling systick.c...
compiling hw4_adc.c...
compiling hw4_gpio.c...
hw4_gpio.c(51): warning:  #177-D: variable "colors" was declared but never referenced
hw4_gpio.c(92): warning:  #550-D: variable "delay" was set but never used
compiling led_chars.c...
compiling doublebuffer.c...
compiling screen.c...
compiling pixel.c...
compiling renderer.c...
compiling animation.c...
compiling 2048.c...
2048.c(43): warning:  #223-D: function "uartTxPoll" declared implicitly
2048.c(50): warning:  #223-D: function "uartTxPoll" declared implicitly
2048.c(61): warning:  #223-D: function "uartTxPoll" declared implicitly
2048.c(71): warning:  #223-D: function "uartTxPoll" declared implicitly
linking...
Program Size: Code=6068 RO-data=52 RW-data=280 ZI-data=8720  
".\ece353_base_project.axf" - 0 Errors, 8 Warning(s).
Rebuild target 'base_project'
assembling Startup.s...
compiling main.c...
main.c(88): warning:  #550-D: variable "px" was set but never used
main.c(88): warning:  #550-D: variable "px2" was set but never used
compiling initBoard.c...
compiling systick.c...
compiling hw4_adc.c...
compiling hw4_gpio.c...
hw4_gpio.c(51): warning:  #177-D: variable "colors" was declared but never referenced
hw4_gpio.c(92): warning:  #550-D: variable "delay" was set but never used
compiling led_chars.c...
compiling doublebuffer.c...
compiling screen.c...
compiling pixel.c...
compiling renderer.c...
compiling animation.c...
compiling 2048.c...
2048.c(43): warning:  #223-D: function "uartTxPoll" declared implicitly
2048.c(50): warning:  #223-D: function "uartTxPoll" declared implicitly
2048.c(61): warning:  #223-D: function "uartTxPoll" declared implicitly
2048.c(71): warning:  #223-D: function "uartTxPoll" declared implicitly
linking...
Program Size: Code=5908 RO-data=52 RW-data=280 ZI-data=8720  
".\ece353_base_project.axf" - 0 Errors, 8 Warning(s).
Load "C:\\Users\\Martin Wickham\\KielProjects\\ECE 353\\Micro2048\\Dist\\p1\\ece353_base_project.axf" 
Connecting: Mode=JTAG, Speed=1000000Hz
Erase Done.
Programming Done.
Verify OK.
Rebuild target 'base_project'
assembling Startup.s...
compiling main.c...
main.c(88): warning:  #550-D: variable "px" was set but never used
main.c(88): warning:  #550-D: variable "px2" was set but never used
compiling initBoard.c...
compiling systick.c...
compiling hw4_adc.c...
compiling hw4_gpio.c...
hw4_gpio.c(51): warning:  #177-D: variable "colors" was declared but never referenced
hw4_gpio.c(92): warning:  #550-D: variable "delay" was set but never used
compiling led_chars.c...
compiling doublebuffer.c...
compiling screen.c...
compiling pixel.c...
compiling renderer.c...
compiling animation.c...
compiling 2048.c...
2048.c(43): warning:  #223-D: function "uartTxPoll" declared implicitly
2048.c(50): warning:  #223-D: function "uartTxPoll" declared implicitly
2048.c(61): warning:  #223-D: function "uartTxPoll" declared implicitly
2048.c(71): warning:  #223-D: function "uartTxPoll" declared implicitly
linking...
Program Size: Code=5940 RO-data=52 RW-data=280 ZI-data=8720  
".\ece353_base_project.axf" - 0 Errors, 8 Warning(s).
Load "C:\\Users\\Martin Wickham\\KielProjects\\ECE 353\\Micro2048\\Dist\\p1\\ece353_base_project.axf" 
Connecting: Mode=JTAG, Speed=1000000Hz
Erase Done.
Programming Done.
Verify OK.
Rebuild target 'base_project'
assembling Startup.s...
compiling main.c...
main.c(88): warning:  #550-D: variable "px" was set but never used
main.c(88): warning:  #550-D: variable "px2" was set but never used
compiling initBoard.c...
compiling systick.c...
compiling hw4_adc.c...
compiling hw4_gpio.c...
hw4_gpio.c(51): warning:  #177-D: variable "colors" was declared but never referenced
hw4_gpio.c(92): warning:  #550-D: variable "delay" was set but never used
compiling led_chars.c...
compiling doublebuffer.c...
compiling screen.c...
compiling pixel.c...
compiling renderer.c...
compiling animation.c...
compiling 2048.c...
2048.c(43): warning:  #223-D: function "uartTxPoll" declared implicitly
2048.c(50): warning:  #223-D: function "uartTxPoll" declared implicitly
2048.c(61): warning:  #223-D: function "uartTxPoll" declared implicitly
2048.c(71): warning:  #223-D: function "uartTxPoll" declared implicitly
linking...
Program Size: Code=5988 RO-data=52 RW-data=280 ZI-data=8720  
".\ece353_base_project.axf" - 0 Errors, 8 Warning(s).
Load "C:\\Users\\Martin Wickham\\KielProjects\\ECE 353\\Micro2048\\Dist\\p1\\ece353_base_project.axf" 
Connecting: Mode=JTAG, Speed=1000000Hz
Erase Done.
Programming Done.
Verify OK.
Rebuild target 'base_project'
assembling Startup.s...
compiling main.c...
main.c(88): warning:  #550-D: variable "px" was set but never used
main.c(88): warning:  #550-D: variable "px2" was set but never used
compiling initBoard.c...
compiling systick.c...
compiling hw4_adc.c...
compiling hw4_gpio.c...
hw4_gpio.c(51): warning:  #177-D: variable "colors" was declared but never referenced
hw4_gpio.c(92): warning:  #550-D: variable "delay" was set but never used
compiling led_chars.c...
compiling doublebuffer.c...
compiling screen.c...
compiling pixel.c...
compiling renderer.c...
compiling animation.c...
compiling 2048.c...
2048.c(43): warning:  #223-D: function "uartTxPoll" declared implicitly
2048.c(50): warning:  #223-D: function "uartTxPoll" declared implicitly
2048.c(61): warning:  #223-D: function "uartTxPoll" declared implicitly
2048.c(71): warning:  #223-D: function "uartTxPoll" declared implicitly
linking...
Program Size: Code=6036 RO-data=52 RW-data=280 ZI-data=8720  
".\ece353_base_project.axf" - 0 Errors, 8 Warning(s).
Load "C:\\Users\\Martin Wickham\\KielProjects\\ECE 353\\Micro2048\\Dist\\p1\\ece353_base_project.axf" 
Connecting: Mode=JTAG, Speed=1000000Hz
Erase Done.
Programming Done.
Verify OK.
Rebuild target 'base_project'
assembling Startup.s...
compiling main.c...
main.c(88): warning:  #550-D: variable "px" was set but never used
main.c(88): warning:  #550-D: variable "px2" was set but never used
compiling initBoard.c...
compiling systick.c...
compiling hw4_adc.c...
compiling hw4_gpio.c...
hw4_gpio.c(51): warning:  #177-D: variable "colors" was declared but never referenced
hw4_gpio.c(92): warning:  #550-D: variable "delay" was set but never used
compiling led_chars.c...
compiling doublebuffer.c...
compiling screen.c...
compiling pixel.c...
compiling renderer.c...
compiling animation.c...
compiling 2048.c...
2048.c(43): warning:  #223-D: function "uartTxPoll" declared implicitly
2048.c(50): warning:  #223-D: function "uartTxPoll" declared implicitly
2048.c(61): warning:  #223-D: function "uartTxPoll" declared implicitly
2048.c(71): warning:  #223-D: function "uartTxPoll" declared implicitly
linking...
Program Size: Code=6072 RO-data=52 RW-data=280 ZI-data=8720  
".\ece353_base_project.axf" - 0 Errors, 8 Warning(s).
Load "C:\\Users\\Martin Wickham\\KielProjects\\ECE 353\\Micro2048\\Dist\\p1\\ece353_base_project.axf" 
Connecting: Mode=JTAG, Speed=1000000Hz
Erase Done.
Programming Done.
Verify OK.
Rebuild target 'base_project'
assembling Startup.s...
compiling main.c...
main.c(88): warning:  #550-D: variable "px" was set but never used
main.c(88): warning:  #550-D: variable "px2" was set but never used
compiling initBoard.c...
compiling systick.c...
compiling hw4_adc.c...
compiling hw4_gpio.c...
hw4_gpio.c(51): warning:  #177-D: variable "colors" was declared but never referenced
hw4_gpio.c(92): warning:  #550-D: variable "delay" was set but never used
compiling led_chars.c...
compiling doublebuffer.c...
compiling screen.c...
compiling pixel.c...
compiling renderer.c...
compiling animation.c...
compiling 2048.c...
2048.c(43): warning:  #223-D: function "uartTxPoll" declared implicitly
2048.c(50): warning:  #223-D: function "uartTxPoll" declared implicitly
2048.c(61): warning:  #223-D: function "uartTxPoll" declared implicitly
2048.c(71): warning:  #223-D: function "uartTxPoll" declared implicitly
linking...
Program Size: Code=6072 RO-data=52 RW-data=280 ZI-data=8720  
".\ece353_base_project.axf" - 0 Errors, 8 Warning(s).
Load "C:\\Users\\Martin Wickham\\KielProjects\\ECE 353\\Micro2048\\Dist\\p1\\ece353_base_project.axf" 
Connecting: Mode=JTAG, Speed=1000000Hz
Erase Done.
Programming Done.
Verify OK.
Rebuild target 'base_project'
assembling Startup.s...
compiling main.c...
main.c(88): warning:  #550-D: variable "px" was set but never used
main.c(88): warning:  #550-D: variable "px2" was set but never used
compiling initBoard.c...
compiling systick.c...
compiling hw4_adc.c...
compiling hw4_gpio.c...
hw4_gpio.c(51): warning:  #177-D: variable "colors" was declared but never referenced
hw4_gpio.c(92): warning:  #550-D: variable "delay" was set but never used
compiling led_chars.c...
compiling doublebuffer.c...
compiling screen.c...
compiling pixel.c...
compiling renderer.c...
compiling animation.c...
compiling 2048.c...
linking...
Program Size: Code=5976 RO-data=52 RW-data=280 ZI-data=8720  
".\ece353_base_project.axf" - 0 Errors, 4 Warning(s).
Load "C:\\Users\\Martin Wickham\\KielProjects\\ECE 353\\Micro2048\\Dist\\p1\\ece353_base_project.axf" 
Connecting: Mode=JTAG, Speed=1000000Hz
Erase Done.
Programming Done.
Verify OK.
Rebuild target 'base_project'
assembling Startup.s...
compiling main.c...
main.c(88): warning:  #550-D: variable "px" was set but never used
main.c(88): warning:  #550-D: variable "px2" was set but never used
compiling initBoard.c...
compiling systick.c...
compiling hw4_adc.c...
compiling hw4_gpio.c...
hw4_gpio.c(51): warning:  #177-D: variable "colors" was declared but never referenced
hw4_gpio.c(92): warning:  #550-D: variable "delay" was set but never used
compiling led_chars.c...
compiling doublebuffer.c...
compiling screen.c...
compiling pixel.c...
compiling renderer.c...
compiling animation.c...
compiling 2048.c...
linking...
Program Size: Code=5848 RO-data=52 RW-data=280 ZI-data=8720  
".\ece353_base_project.axf" - 0 Errors, 4 Warning(s).
Load "C:\\Users\\Martin Wickham\\KielProjects\\ECE 353\\Micro2048\\Dist\\p1\\ece353_base_project.axf" 
Connecting: Mode=JTAG, Speed=1000000Hz
Erase Done.
Programming Done.
Verify OK.
Rebuild target 'base_project'
assembling Startup.s...
compiling main.c...
main.c(88): warning:  #550-D: variable "px" was set but never used
main.c(88): warning:  #550-D: variable "px2" was set but never used
compiling initBoard.c...
compiling systick.c...
compiling hw4_adc.c...
compiling hw4_gpio.c...
hw4_gpio.c(51): warning:  #177-D: variable "colors" was declared but never referenced
hw4_gpio.c(92): warning:  #550-D: variable "delay" was set but never used
compiling led_chars.c...
compiling doublebuffer.c...
compiling screen.c...
compiling pixel.c...
compiling renderer.c...
compiling animation.c...
compiling 2048.c...
linking...
Program Size: Code=5856 RO-data=52 RW-data=280 ZI-data=8720  
".\ece353_base_project.axf" - 0 Errors, 4 Warning(s).
Load "C:\\Users\\Martin Wickham\\KielProjects\\ECE 353\\Micro2048\\Dist\\p1\\ece353_base_project.axf" 
Connecting: Mode=JTAG, Speed=1000000Hz
Erase Done.
Programming Done.
Verify OK.
Rebuild target 'base_project'
assembling Startup.s...
compiling main.c...
main.c(88): warning:  #550-D: variable "px" was set but never used
main.c(88): warning:  #550-D: variable "px2" was set but never used
compiling initBoard.c...
compiling systick.c...
compiling hw4_adc.c...
compiling hw4_gpio.c...
hw4_gpio.c(51): warning:  #177-D: variable "colors" was declared but never referenced
hw4_gpio.c(92): warning:  #550-D: variable "delay" was set but never used
compiling led_chars.c...
compiling doublebuffer.c...
compiling screen.c...
compiling pixel.c...
compiling renderer.c...
compiling animation.c...
compiling 2048.c...
linking...
Program Size: Code=5856 RO-data=52 RW-data=280 ZI-data=8720  
".\ece353_base_project.axf" - 0 Errors, 4 Warning(s).
Load "C:\\Users\\Martin Wickham\\KielProjects\\ECE 353\\Micro2048\\Dist\\p1\\ece353_base_project.axf" 
Connecting: Mode=JTAG, Speed=1000000Hz
Erase Done.
Programming Done.
Verify OK.
Rebuild target 'base_project'
assembling Startup.s...
compiling main.c...
main.c(88): warning:  #550-D: variable "px" was set but never used
main.c(88): warning:  #550-D: variable "px2" was set but never used
compiling initBoard.c...
compiling systick.c...
compiling hw4_adc.c...
compiling hw4_gpio.c...
hw4_gpio.c(51): warning:  #177-D: variable "colors" was declared but never referenced
hw4_gpio.c(92): warning:  #550-D: variable "delay" was set but never used
compiling led_chars.c...
compiling doublebuffer.c...
compiling screen.c...
compiling pixel.c...
compiling renderer.c...
compiling animation.c...
compiling 2048.c...
linking...
Program Size: Code=5852 RO-data=52 RW-data=280 ZI-data=8720  
".\ece353_base_project.axf" - 0 Errors, 4 Warning(s).
Load "C:\\Users\\Martin Wickham\\KielProjects\\ECE 353\\Micro2048\\Dist\\p1\\ece353_base_project.axf" 
Connecting: Mode=JTAG, Speed=1000000Hz
Erase Done.
Programming Done.
Verify OK.
Rebuild target 'base_project'
assembling Startup.s...
compiling main.c...
main.c(88): warning:  #550-D: variable "px" was set but never used
main.c(88): warning:  #550-D: variable "px2" was set but never used
compiling initBoard.c...
compiling systick.c...
compiling hw4_adc.c...
compiling hw4_gpio.c...
hw4_gpio.c(51): warning:  #177-D: variable "colors" was declared but never referenced
hw4_gpio.c(92): warning:  #550-D: variable "delay" was set but never used
compiling led_chars.c...
compiling doublebuffer.c...
compiling screen.c...
compiling pixel.c...
compiling renderer.c...
compiling animation.c...
compiling 2048.c...
linking...
Program Size: Code=6012 RO-data=52 RW-data=280 ZI-data=8720  
".\ece353_base_project.axf" - 0 Errors, 4 Warning(s).
Load "C:\\Users\\Martin Wickham\\KielProjects\\ECE 353\\Micro2048\\Dist\\p1\\ece353_base_project.axf" 
Connecting: Mode=JTAG, Speed=1000000Hz
Erase Done.
Programming Done.
Verify OK.
Rebuild target 'base_project'
assembling Startup.s...
compiling main.c...
main.c(88): warning:  #550-D: variable "px" was set but never used
main.c(88): warning:  #550-D: variable "px2" was set but never used
compiling initBoard.c...
compiling systick.c...
compiling hw4_adc.c...
compiling hw4_gpio.c...
hw4_gpio.c(51): warning:  #177-D: variable "colors" was declared but never referenced
hw4_gpio.c(92): warning:  #550-D: variable "delay" was set but never used
compiling led_chars.c...
compiling doublebuffer.c...
compiling screen.c...
compiling pixel.c...
compiling renderer.c...
compiling animation.c...
compiling 2048.c...
linking...
Program Size: Code=6012 RO-data=52 RW-data=280 ZI-data=8720  
".\ece353_base_project.axf" - 0 Errors, 4 Warning(s).
Load "C:\\Users\\Martin Wickham\\KielProjects\\ECE 353\\Micro2048\\Dist\\p1\\ece353_base_project.axf" 
Connecting: Mode=JTAG, Speed=1000000Hz
Erase Done.
Programming Done.
Verify OK.
Rebuild target 'base_project'
assembling Startup.s...
compiling main.c...
main.c(88): warning:  #550-D: variable "px" was set but never used
main.c(88): warning:  #550-D: variable "px2" was set but never used
compiling initBoard.c...
compiling systick.c...
compiling hw4_adc.c...
compiling hw4_gpio.c...
hw4_gpio.c(51): warning:  #177-D: variable "colors" was declared but never referenced
hw4_gpio.c(92): warning:  #550-D: variable "delay" was set but never used
compiling led_chars.c...
compiling doublebuffer.c...
compiling screen.c...
compiling pixel.c...
compiling renderer.c...
compiling animation.c...
compiling 2048.c...
linking...
Program Size: Code=6016 RO-data=52 RW-data=280 ZI-data=8720  
".\ece353_base_project.axf" - 0 Errors, 4 Warning(s).
Load "C:\\Users\\Martin Wickham\\KielProjects\\ECE 353\\Micro2048\\Dist\\p1\\ece353_base_project.axf" 
Connecting: Mode=JTAG, Speed=1000000Hz
Erase Done.
Programming Done.
Verify OK.
Rebuild target 'base_project'
assembling Startup.s...
compiling main.c...
main.c(88): warning:  #550-D: variable "px" was set but never used
main.c(88): warning:  #550-D: variable "px2" was set but never used
compiling initBoard.c...
compiling systick.c...
compiling hw4_adc.c...
compiling hw4_gpio.c...
hw4_gpio.c(51): warning:  #177-D: variable "colors" was declared but never referenced
hw4_gpio.c(92): warning:  #550-D: variable "delay" was set but never used
compiling led_chars.c...
compiling doublebuffer.c...
compiling screen.c...
compiling pixel.c...
compiling renderer.c...
compiling animation.c...
compiling 2048.c...
linking...
Program Size: Code=6012 RO-data=52 RW-data=280 ZI-data=8720  
".\ece353_base_project.axf" - 0 Errors, 4 Warning(s).
Load "C:\\Users\\Martin Wickham\\KielProjects\\ECE 353\\Micro2048\\Dist\\p1\\ece353_base_project.axf" 
Connecting: Mode=JTAG, Speed=1000000Hz
Erase Done.
Programming Done.
Verify OK.
Rebuild target 'base_project'
assembling Startup.s...
compiling main.c...
main.c(88): warning:  #550-D: variable "px" was set but never used
main.c(88): warning:  #550-D: variable "px2" was set but never used
compiling initBoard.c...
compiling systick.c...
compiling hw4_adc.c...
compiling hw4_gpio.c...
hw4_gpio.c(51): warning:  #177-D: variable "colors" was declared but never referenced
hw4_gpio.c(92): warning:  #550-D: variable "delay" was set but never used
compiling led_chars.c...
compiling doublebuffer.c...
compiling screen.c...
compiling pixel.c...
compiling renderer.c...
compiling animation.c...
compiling 2048.c...
linking...
Program Size: Code=5852 RO-data=52 RW-data=280 ZI-data=8720  
".\ece353_base_project.axf" - 0 Errors, 4 Warning(s).
Load "C:\\Users\\Martin Wickham\\KielProjects\\ECE 353\\Micro2048\\Dist\\p1\\ece353_base_project.axf" 
Connecting: Mode=JTAG, Speed=1000000Hz
Erase Done.
Programming Done.
Verify OK.
Rebuild target 'base_project'
assembling Startup.s...
compiling main.c...
main.c(88): warning:  #550-D: variable "px" was set but never used
main.c(88): warning:  #550-D: variable "px2" was set but never used
compiling initBoard.c...
compiling systick.c...
compiling hw4_adc.c...
compiling hw4_gpio.c...
hw4_gpio.c(51): warning:  #177-D: variable "colors" was declared but never referenced
hw4_gpio.c(92): warning:  #550-D: variable "delay" was set but never used
compiling led_chars.c...
compiling doublebuffer.c...
compiling screen.c...
compiling pixel.c...
compiling renderer.c...
compiling animation.c...
compiling 2048.c...
linking...
Program Size: Code=5848 RO-data=52 RW-data=280 ZI-data=8720  
".\ece353_base_project.axf" - 0 Errors, 4 Warning(s).
Load "C:\\Users\\Martin Wickham\\KielProjects\\ECE 353\\Micro2048\\Dist\\p1\\ece353_base_project.axf" 
Connecting: Mode=JTAG, Speed=1000000Hz
Erase Done.
Programming Done.
Verify OK.
Rebuild target 'base_project'
assembling Startup.s...
compiling main.c...
main.c(88): warning:  #550-D: variable "px" was set but never used
main.c(88): warning:  #550-D: variable "px2" was set but never used
compiling initBoard.c...
compiling systick.c...
compiling hw4_adc.c...
compiling hw4_gpio.c...
hw4_gpio.c(51): warning:  #177-D: variable "colors" was declared but never referenced
hw4_gpio.c(92): warning:  #550-D: variable "delay" was set but never used
compiling led_chars.c...
compiling doublebuffer.c...
compiling screen.c...
compiling pixel.c...
compiling renderer.c...
compiling animation.c...
compiling 2048.c...
linking...
Program Size: Code=5848 RO-data=52 RW-data=280 ZI-data=8720  
".\ece353_base_project.axf" - 0 Errors, 4 Warning(s).
Load "C:\\Users\\Martin Wickham\\KielProjects\\ECE 353\\Micro2048\\Dist\\p1\\ece353_base_project.axf" 
Connecting: Mode=JTAG, Speed=1000000Hz
Connection failed!, error code=&d
Load "C:\\Users\\Martin Wickham\\KielProjects\\ECE 353\\Micro2048\\Dist\\p1\\ece353_base_project.axf" 
Connecting: Mode=JTAG, Speed=1000000Hz
Connection failed!, error code=&d
Load "C:\\Users\\Martin Wickham\\KielProjects\\ECE 353\\Micro2048\\Dist\\p1\\ece353_base_project.axf" 
Connecting: Mode=JTAG, Speed=1000000Hz
Connection failed!, error code=&d
Rebuild target 'base_project'
assembling Startup.s...
compiling main.c...
main.c(88): warning:  #550-D: variable "px" was set but never used
main.c(88): warning:  #550-D: variable "px2" was set but never used
compiling initBoard.c...
compiling systick.c...
compiling hw4_adc.c...
compiling hw4_gpio.c...
hw4_gpio.c(51): warning:  #177-D: variable "colors" was declared but never referenced
hw4_gpio.c(92): warning:  #550-D: variable "delay" was set but never used
compiling led_chars.c...
compiling doublebuffer.c...
compiling screen.c...
compiling pixel.c...
compiling renderer.c...
compiling animation.c...
compiling 2048.c...
linking...
Program Size: Code=5848 RO-data=52 RW-data=280 ZI-data=8720  
".\ece353_base_project.axf" - 0 Errors, 4 Warning(s).
Load "C:\\Users\\Martin Wickham\\KielProjects\\ECE 353\\Micro2048\\Dist\\p1\\ece353_base_project.axf" 
Connecting: Mode=JTAG, Speed=1000000Hz
Erase Done.
Programming Done.
Verify OK.
Rebuild target 'base_project'
assembling Startup.s...
compiling main.c...
main.c(88): warning:  #550-D: variable "px" was set but never used
main.c(88): warning:  #550-D: variable "px2" was set but never used
compiling initBoard.c...
compiling systick.c...
compiling hw4_adc.c...
compiling hw4_gpio.c...
hw4_gpio.c(51): warning:  #177-D: variable "colors" was declared but never referenced
hw4_gpio.c(92): warning:  #550-D: variable "delay" was set but never used
compiling led_chars.c...
compiling doublebuffer.c...
compiling screen.c...
compiling pixel.c...
compiling renderer.c...
compiling animation.c...
compiling 2048.c...
linking...
Program Size: Code=5856 RO-data=52 RW-data=280 ZI-data=8720  
".\ece353_base_project.axf" - 0 Errors, 4 Warning(s).
Load "C:\\Users\\Martin Wickham\\KielProjects\\ECE 353\\Micro2048\\Dist\\p1\\ece353_base_project.axf" 
Connecting: Mode=JTAG, Speed=1000000Hz
Erase Done.
Programming Done.
Verify OK.
Rebuild target 'base_project'
assembling Startup.s...
compiling main.c...
main.c(88): warning:  #550-D: variable "px" was set but never used
main.c(88): warning:  #550-D: variable "px2" was set but never used
compiling initBoard.c...
compiling systick.c...
compiling hw4_adc.c...
compiling hw4_gpio.c...
hw4_gpio.c(51): warning:  #177-D: variable "colors" was declared but never referenced
hw4_gpio.c(92): warning:  #550-D: variable "delay" was set but never used
compiling led_chars.c...
compiling doublebuffer.c...
compiling screen.c...
compiling pixel.c...
compiling renderer.c...
compiling animation.c...
compiling 2048.c...
linking...
Program Size: Code=6016 RO-data=52 RW-data=280 ZI-data=8720  
".\ece353_base_project.axf" - 0 Errors, 4 Warning(s).
Load "C:\\Users\\Martin Wickham\\KielProjects\\ECE 353\\Micro2048\\Dist\\p1\\ece353_base_project.axf" 
Connecting: Mode=JTAG, Speed=1000000Hz
Erase Done.
Programming Done.
Verify OK.
Rebuild target 'base_project'
assembling Startup.s...
compiling main.c...
main.c(88): warning:  #550-D: variable "px" was set but never used
main.c(88): warning:  #550-D: variable "px2" was set but never used
compiling initBoard.c...
compiling systick.c...
compiling hw4_adc.c...
compiling hw4_gpio.c...
hw4_gpio.c(51): warning:  #177-D: variable "colors" was declared but never referenced
hw4_gpio.c(92): warning:  #550-D: variable "delay" was set but never used
compiling led_chars.c...
compiling doublebuffer.c...
compiling screen.c...
compiling pixel.c...
compiling renderer.c...
compiling animation.c...
compiling 2048.c...
linking...
Program Size: Code=6016 RO-data=52 RW-data=280 ZI-data=8720  
".\ece353_base_project.axf" - 0 Errors, 4 Warning(s).
Load "C:\\Users\\Martin Wickham\\KielProjects\\ECE 353\\Micro2048\\Dist\\p1\\ece353_base_project.axf" 
Connecting: Mode=JTAG, Speed=1000000Hz
Erase Done.
Programming Done.
Verify OK.
Rebuild target 'base_project'
assembling Startup.s...
compiling main.c...
main.c(88): warning:  #550-D: variable "px" was set but never used
main.c(88): warning:  #550-D: variable "px2" was set but never used
compiling initBoard.c...
compiling systick.c...
compiling hw4_adc.c...
compiling hw4_gpio.c...
hw4_gpio.c(51): warning:  #177-D: variable "colors" was declared but never referenced
hw4_gpio.c(92): warning:  #550-D: variable "delay" was set but never used
compiling led_chars.c...
compiling doublebuffer.c...
compiling screen.c...
compiling pixel.c...
compiling renderer.c...
compiling animation.c...
compiling 2048.c...
linking...
Program Size: Code=6016 RO-data=52 RW-data=280 ZI-data=8720  
".\ece353_base_project.axf" - 0 Errors, 4 Warning(s).
Load "C:\\Users\\Martin Wickham\\KielProjects\\ECE 353\\Micro2048\\Dist\\p1\\ece353_base_project.axf" 
Connecting: Mode=JTAG, Speed=1000000Hz
Erase Done.
Programming Done.
Verify OK.
Rebuild target 'base_project'
assembling Startup.s...
compiling main.c...
main.c(88): warning:  #550-D: variable "px" was set but never used
main.c(88): warning:  #550-D: variable "px2" was set but never used
compiling initBoard.c...
compiling systick.c...
compiling hw4_adc.c...
compiling hw4_gpio.c...
hw4_gpio.c(51): warning:  #177-D: variable "colors" was declared but never referenced
hw4_gpio.c(92): warning:  #550-D: variable "delay" was set but never used
compiling led_chars.c...
compiling doublebuffer.c...
compiling screen.c...
compiling pixel.c...
compiling renderer.c...
compiling animation.c...
compiling 2048.c...
linking...
Program Size: Code=6016 RO-data=52 RW-data=284 ZI-data=8716  
".\ece353_base_project.axf" - 0 Errors, 4 Warning(s).
Load "C:\\Users\\Martin Wickham\\KielProjects\\ECE 353\\Micro2048\\Dist\\p1\\ece353_base_project.axf" 
Connecting: Mode=JTAG, Speed=1000000Hz
Erase Done.
Programming Done.
Verify OK.
Rebuild target 'base_project'
assembling Startup.s...
compiling main.c...
main.c(88): warning:  #550-D: variable "px" was set but never used
main.c(88): warning:  #550-D: variable "px2" was set but never used
compiling initBoard.c...
compiling systick.c...
compiling hw4_adc.c...
compiling hw4_gpio.c...
hw4_gpio.c(51): warning:  #177-D: variable "colors" was declared but never referenced
hw4_gpio.c(92): warning:  #550-D: variable "delay" was set but never used
compiling led_chars.c...
compiling doublebuffer.c...
compiling screen.c...
compiling pixel.c...
compiling renderer.c...
compiling animation.c...
compiling 2048.c...
linking...
Program Size: Code=6016 RO-data=52 RW-data=288 ZI-data=8720  
".\ece353_base_project.axf" - 0 Errors, 4 Warning(s).
Load "C:\\Users\\Martin Wickham\\KielProjects\\ECE 353\\Micro2048\\Dist\\p1\\ece353_base_project.axf" 
Connecting: Mode=JTAG, Speed=1000000Hz
Erase Done.
Programming Done.
Verify OK.
Rebuild target 'base_project'
assembling Startup.s...
compiling main.c...
main.c(88): warning:  #550-D: variable "px" was set but never used
main.c(88): warning:  #550-D: variable "px2" was set but never used
compiling initBoard.c...
compiling systick.c...
compiling hw4_adc.c...
compiling hw4_gpio.c...
hw4_gpio.c(51): warning:  #177-D: variable "colors" was declared but never referenced
hw4_gpio.c(92): warning:  #550-D: variable "delay" was set but never used
compiling led_chars.c...
compiling doublebuffer.c...
compiling screen.c...
compiling pixel.c...
compiling renderer.c...
compiling animation.c...
compiling 2048.c...
linking...
Program Size: Code=6016 RO-data=52 RW-data=292 ZI-data=8716  
".\ece353_base_project.axf" - 0 Errors, 4 Warning(s).
Load "C:\\Users\\Martin Wickham\\KielProjects\\ECE 353\\Micro2048\\Dist\\p1\\ece353_base_project.axf" 
Connecting: Mode=JTAG, Speed=1000000Hz
Erase Done.
Programming Done.
Verify OK.
Rebuild target 'base_project'
assembling Startup.s...
compiling main.c...
main.c(88): warning:  #550-D: variable "px" was set but never used
main.c(88): warning:  #550-D: variable "px2" was set but never used
compiling initBoard.c...
compiling systick.c...
compiling hw4_adc.c...
compiling hw4_gpio.c...
hw4_gpio.c(51): warning:  #177-D: variable "colors" was declared but never referenced
hw4_gpio.c(92): warning:  #550-D: variable "delay" was set but never used
compiling led_chars.c...
compiling doublebuffer.c...
compiling screen.c...
compiling pixel.c...
compiling renderer.c...
compiling animation.c...
compiling 2048.c...
linking...
Program Size: Code=6020 RO-data=52 RW-data=292 ZI-data=8716  
".\ece353_base_project.axf" - 0 Errors, 4 Warning(s).
Rebuild target 'base_project'
assembling Startup.s...
compiling main.c...
main.c(40): error:  #65: expected a ";"
main.c(113): warning:  #12-D: parsing restarts here after previous syntax error
main.c(135): error:  #20: identifier "drawBuffer" is undefined
main.c(141): warning:  #223-D: function "checkInput" declared implicitly
board_config.h(27): warning:  #177-D: variable "portA_config" was declared but never referenced
board_config.h(65): warning:  #177-D: variable "portB_config" was declared but never referenced
board_config.h(106): warning:  #177-D: variable "portC_config" was declared but never referenced
board_config.h(156): warning:  #177-D: variable "portD_config" was declared but never referenced
board_config.h(185): warning:  #177-D: variable "portE_config" was declared but never referenced
board_config.h(205): warning:  #177-D: variable "portF_config" was declared but never referenced
board_config.h(235): warning:  #177-D: variable "UART0_config" was declared but never referenced
main.c(36): warning:  #177-D: variable "drawSquare" was declared but never referenced
compiling initBoard.c...
initBoard.c(31): error:  #65: expected a ";"
initBoard.c(54): warning:  #12-D: parsing restarts here after previous syntax error
initBoard.c(55): warning:  #940-D: missing return statement at end of non-void function "getButton"
initBoard.c(20): warning:  #177-D: variable "PortA" was declared but never referenced
initBoard.c(21): warning:  #177-D: variable "PortB" was declared but never referenced
initBoard.c(22): warning:  #177-D: variable "PortC" was declared but never referenced
initBoard.c(23): warning:  #177-D: variable "PortD" was declared but never referenced
initBoard.c(24): warning:  #177-D: variable "PortE" was declared but never referenced
initBoard.c(25): warning:  #177-D: variable "PortF" was declared but never referenced
compiling systick.c...
compiling hw4_adc.c...
compiling hw4_gpio.c...
hw4_gpio.c(32): error:  #65: expected a ";"
hw4_gpio.c(79): warning:  #12-D: parsing restarts here after previous syntax error
hw4_gpio.c(79): warning:  #940-D: missing return statement at end of non-void function "getButton"
hw4_gpio.c(30): warning:  #177-D: variable "buttonMask" was declared but never referenced
hw4_gpio.c(80): error:  #169: expected a declaration
hw4_gpio.c(110): warning:  #12-D: parsing restarts here after previous syntax error
hw4_gpio.c(111): error:  #77-D: this declaration has no storage class or type specifier
hw4_gpio.c(111): error:  #28: expression must have a constant value
hw4_gpio.c(112): error:  #77-D: this declaration has no storage class or type specifier
hw4_gpio.c(112): error:  #159: declaration is incompatible with previous "PortA" (declared at line 11)
hw4_gpio.c(112): error:  #65: expected a ";"
hw4_gpio.c(113): error:  #77-D: this declaration has no storage class or type specifier
hw4_gpio.c(113): error:  #65: expected a ";"
hw4_gpio.c(114): error:  #77-D: this declaration has no storage class or type specifier
hw4_gpio.c(114): error:  #65: expected a ";"
hw4_gpio.c(116): error:  #40: expected an identifier
hw4_gpio.c(116): error:  #18: expected a ")"
hw4_gpio.c(116): error:  #65: expected a ";"
hw4_gpio.c(117): error:  #77-D: this declaration has no storage class or type specifier
hw4_gpio.c(117): error:  #148: variable "delay" has already been initialized
hw4_gpio.c(117): error:  #28: expression must have a constant value
hw4_gpio.c(118): error:  #77-D: this declaration has no storage class or type specifier
hw4_gpio.c(118): error:  #159: declaration is incompatible with previous "PortD" (declared at line 14)
hw4_gpio.c(118): error:  #65: expected a ";"
hw4_gpio.c(119): error:  #77-D: this declaration has no storage class or type specifier
hw4_gpio.c(119): error:  #65: expected a ";"
hw4_gpio.c(120): error:  #77-D: this declaration has no storage class or type specifier
hw4_gpio.c(120): error:  #65: expected a ";"
hw4_gpio.c(123): error:  #40: expected an identifier
hw4_gpio.c(123): error:  #18: expected a ")"
hw4_gpio.c(123): error:  #65: expected a ";"
hw4_gpio.c(124): error:  #77-D: this declaration has no storage class or type specifier
hw4_gpio.c(124): error:  #148: variable "delay" has already been initialized
hw4_gpio.c(124): error:  #28: expression must have a constant value
compiling led_chars.c...
compiling doublebuffer.c...
compiling screen.c...
compiling pixel.c...
compiling renderer.c...
compiling animation.c...
compiling 2048.c...
".\ece353_base_project.axf" - 33 Errors, 22 Warning(s).
Target not created
Load "C:\\Users\\Martin Wickham\\KielProjects\\ECE 353\\Micro2048\\Dist\\p1\\ece353_base_project.axf" 
Connecting: Mode=JTAG, Speed=1000000Hz
Erase Done.
Programming Done.
Verify OK.
Rebuild target 'base_project'
assembling Startup.s...
compiling main.c...
main.c(40): error:  #65: expected a ";"
main.c(113): warning:  #12-D: parsing restarts here after previous syntax error
main.c(135): error:  #20: identifier "drawBuffer" is undefined
main.c(141): warning:  #223-D: function "checkInput" declared implicitly
board_config.h(27): warning:  #177-D: variable "portA_config" was declared but never referenced
board_config.h(65): warning:  #177-D: variable "portB_config" was declared but never referenced
board_config.h(106): warning:  #177-D: variable "portC_config" was declared but never referenced
board_config.h(156): warning:  #177-D: variable "portD_config" was declared but never referenced
board_config.h(185): warning:  #177-D: variable "portE_config" was declared but never referenced
board_config.h(205): warning:  #177-D: variable "portF_config" was declared but never referenced
board_config.h(235): warning:  #177-D: variable "UART0_config" was declared but never referenced
main.c(36): warning:  #177-D: variable "drawSquare" was declared but never referenced
compiling initBoard.c...
initBoard.c(31): error:  #65: expected a ";"
initBoard.c(54): warning:  #12-D: parsing restarts here after previous syntax error
initBoard.c(55): warning:  #940-D: missing return statement at end of non-void function "getButton"
initBoard.c(20): warning:  #177-D: variable "PortA" was declared but never referenced
initBoard.c(21): warning:  #177-D: variable "PortB" was declared but never referenced
initBoard.c(22): warning:  #177-D: variable "PortC" was declared but never referenced
initBoard.c(23): warning:  #177-D: variable "PortD" was declared but never referenced
initBoard.c(24): warning:  #177-D: variable "PortE" was declared but never referenced
initBoard.c(25): warning:  #177-D: variable "PortF" was declared but never referenced
compiling systick.c...
compiling hw4_adc.c...
compiling hw4_gpio.c...
hw4_gpio.c(32): error:  #65: expected a ";"
hw4_gpio.c(79): warning:  #12-D: parsing restarts here after previous syntax error
hw4_gpio.c(79): warning:  #940-D: missing return statement at end of non-void function "getButton"
hw4_gpio.c(30): warning:  #177-D: variable "buttonMask" was declared but never referenced
hw4_gpio.c(80): error:  #169: expected a declaration
hw4_gpio.c(110): warning:  #12-D: parsing restarts here after previous syntax error
hw4_gpio.c(111): error:  #77-D: this declaration has no storage class or type specifier
hw4_gpio.c(111): error:  #28: expression must have a constant value
hw4_gpio.c(112): error:  #77-D: this declaration has no storage class or type specifier
hw4_gpio.c(112): error:  #159: declaration is incompatible with previous "PortA" (declared at line 11)
hw4_gpio.c(112): error:  #65: expected a ";"
hw4_gpio.c(113): error:  #77-D: this declaration has no storage class or type specifier
hw4_gpio.c(113): error:  #65: expected a ";"
hw4_gpio.c(114): error:  #77-D: this declaration has no storage class or type specifier
hw4_gpio.c(114): error:  #65: expected a ";"
hw4_gpio.c(116): error:  #40: expected an identifier
hw4_gpio.c(116): error:  #18: expected a ")"
hw4_gpio.c(116): error:  #65: expected a ";"
hw4_gpio.c(117): error:  #77-D: this declaration has no storage class or type specifier
hw4_gpio.c(117): error:  #148: variable "delay" has already been initialized
hw4_gpio.c(117): error:  #28: expression must have a constant value
hw4_gpio.c(118): error:  #77-D: this declaration has no storage class or type specifier
hw4_gpio.c(118): error:  #159: declaration is incompatible with previous "PortD" (declared at line 14)
hw4_gpio.c(118): error:  #65: expected a ";"
hw4_gpio.c(119): error:  #77-D: this declaration has no storage class or type specifier
hw4_gpio.c(119): error:  #65: expected a ";"
hw4_gpio.c(120): error:  #77-D: this declaration has no storage class or type specifier
hw4_gpio.c(120): error:  #65: expected a ";"
hw4_gpio.c(123): error:  #40: expected an identifier
hw4_gpio.c(123): error:  #18: expected a ")"
hw4_gpio.c(123): error:  #65: expected a ";"
hw4_gpio.c(124): error:  #77-D: this declaration has no storage class or type specifier
hw4_gpio.c(124): error:  #148: variable "delay" has already been initialized
hw4_gpio.c(124): error:  #28: expression must have a constant value
compiling led_chars.c...
compiling doublebuffer.c...
compiling screen.c...
compiling pixel.c...
compiling renderer.c...
compiling animation.c...
compiling 2048.c...
".\ece353_base_project.axf" - 33 Errors, 22 Warning(s).
Target not created
Rebuild target 'base_project'
assembling Startup.s...
compiling main.c...
main.c(50): error:  #268: declaration may not appear after executable statement in block
main.c(58): error:  #20: identifier "param" is undefined
main.c(61): error:  #268: declaration may not appear after executable statement in block
main.c(61): warning:  #940-D: missing return statement at end of non-void function "getButton"
board_config.h(27): warning:  #177-D: variable "portA_config" was declared but never referenced
board_config.h(65): warning:  #177-D: variable "portB_config" was declared but never referenced
board_config.h(106): warning:  #177-D: variable "portC_config" was declared but never referenced
board_config.h(156): warning:  #177-D: variable "portD_config" was declared but never referenced
board_config.h(185): warning:  #177-D: variable "portE_config" was declared but never referenced
board_config.h(205): warning:  #177-D: variable "portF_config" was declared but never referenced
board_config.h(235): warning:  #177-D: variable "UART0_config" was declared but never referenced
main.c(31): warning:  #177-D: variable "board" was declared but never referenced
main.c(36): warning:  #550-D: variable "drawSquare" was set but never used
main.c(61): error:  #67: expected a "}"
main.c(73): warning:  #676-D: using out-of-scope declaration of function "uartTxPoll" (declared at line 21)
main.c(87): warning:  #676-D: using out-of-scope declaration of function "shiftUp" (declared at line 24 of "2048.h")
main.c(87): error:  #20: identifier "board" is undefined
main.c(96): warning:  #676-D: using out-of-scope declaration of function "initBoard" (declared at line 15 of "initBoard.h")
main.c(99): warning:  #676-D: using out-of-scope declaration of function "uartTxPoll" (declared at line 21)
main.c(113): warning:  #676-D: using out-of-scope declaration of function "init2048" (declared at line 22 of "2048.h")
main.c(113): error:  #20: identifier "board" is undefined
main.c(114): warning:  #676-D: using out-of-scope declaration of function "addBlock" (declared at line 23 of "2048.h")
main.c(133): warning:  #676-D: using out-of-scope declaration of function "update" (declared at line 37 of "animation.h")
main.c(136): warning:  #676-D: using out-of-scope declaration of function "drawBoard" (declared at line 29 of "2048.h")
main.c(137): warning:  #676-D: using out-of-scope declaration of function "drawAnimations" (declared at line 39 of "animation.h")
main.c(139): warning:  #676-D: using out-of-scope declaration of function "updateRefreshRate" (declared at line 15 of "hw4_adc.h")
main.c(94): warning:  #550-D: variable "px" was set but never used
main.c(94): warning:  #550-D: variable "px2" was set but never used
main.c(95): warning:  #177-D: variable "offset" was declared but never referenced
compiling initBoard.c...
initBoard.c(31): error:  #65: expected a ";"
initBoard.c(54): warning:  #12-D: parsing restarts here after previous syntax error
initBoard.c(55): warning:  #940-D: missing return statement at end of non-void function "getButton"
initBoard.c(20): warning:  #177-D: variable "PortA" was declared but never referenced
initBoard.c(21): warning:  #177-D: variable "PortB" was declared but never referenced
initBoard.c(22): warning:  #177-D: variable "PortC" was declared but never referenced
initBoard.c(23): warning:  #177-D: variable "PortD" was declared but never referenced
initBoard.c(24): warning:  #177-D: variable "PortE" was declared but never referenced
initBoard.c(25): warning:  #177-D: variable "PortF" was declared but never referenced
compiling systick.c...
compiling hw4_adc.c...
compiling hw4_gpio.c...
hw4_gpio.c(32): error:  #65: expected a ";"
hw4_gpio.c(79): warning:  #12-D: parsing restarts here after previous syntax error
hw4_gpio.c(79): warning:  #940-D: missing return statement at end of non-void function "getButton"
hw4_gpio.c(30): warning:  #177-D: variable "buttonMask" was declared but never referenced
hw4_gpio.c(80): error:  #169: expected a declaration
hw4_gpio.c(110): warning:  #12-D: parsing restarts here after previous syntax error
hw4_gpio.c(111): error:  #77-D: this declaration has no storage class or type specifier
hw4_gpio.c(111): error:  #28: expression must have a constant value
hw4_gpio.c(112): error:  #77-D: this declaration has no storage class or type specifier
hw4_gpio.c(112): error:  #159: declaration is incompatible with previous "PortA" (declared at line 11)
hw4_gpio.c(112): error:  #65: expected a ";"
hw4_gpio.c(113): error:  #77-D: this declaration has no storage class or type specifier
hw4_gpio.c(113): error:  #65: expected a ";"
hw4_gpio.c(114): error:  #77-D: this declaration has no storage class or type specifier
hw4_gpio.c(114): error:  #65: expected a ";"
hw4_gpio.c(116): error:  #40: expected an identifier
hw4_gpio.c(116): error:  #18: expected a ")"
hw4_gpio.c(116): error:  #65: expected a ";"
hw4_gpio.c(117): error:  #77-D: this declaration has no storage class or type specifier
hw4_gpio.c(117): error:  #148: variable "delay" has already been initialized
hw4_gpio.c(117): error:  #28: expression must have a constant value
hw4_gpio.c(118): error:  #77-D: this declaration has no storage class or type specifier
hw4_gpio.c(118): error:  #159: declaration is incompatible with previous "PortD" (declared at line 14)
hw4_gpio.c(118): error:  #65: expected a ";"
hw4_gpio.c(119): error:  #77-D: this declaration has no storage class or type specifier
hw4_gpio.c(119): error:  #65: expected a ";"
hw4_gpio.c(120): error:  #77-D: this declaration has no storage class or type specifier
hw4_gpio.c(120): error:  #65: expected a ";"
hw4_gpio.c(123): error:  #40: expected an identifier
hw4_gpio.c(123): error:  #18: expected a ")"
hw4_gpio.c(123): error:  #65: expected a ";"
hw4_gpio.c(124): error:  #77-D: this declaration has no storage class or type specifier
hw4_gpio.c(124): error:  #148: variable "delay" has already been initialized
hw4_gpio.c(124): error:  #28: expression must have a constant value
compiling led_chars.c...
compiling doublebuffer.c...
compiling screen.c...
compiling pixel.c...
compiling renderer.c...
compiling animation.c...
compiling 2048.c...
".\ece353_base_project.axf" - 37 Errors, 35 Warning(s).
Target not created
Rebuild target 'base_project'
assembling Startup.s...
compiling main.c...
main.c(61): error:  #65: expected a ";"
main.c(113): warning:  #12-D: parsing restarts here after previous syntax error
main.c(114): error:  #20: identifier "board" is undefined
main.c(135): error:  #20: identifier "drawBuffer" is undefined
main.c(141): warning:  #223-D: function "checkInput" declared implicitly
board_config.h(27): warning:  #177-D: variable "portA_config" was declared but never referenced
board_config.h(65): warning:  #177-D: variable "portB_config" was declared but never referenced
board_config.h(106): warning:  #177-D: variable "portC_config" was declared but never referenced
board_config.h(156): warning:  #177-D: variable "portD_config" was declared but never referenced
board_config.h(185): warning:  #177-D: variable "portE_config" was declared but never referenced
board_config.h(205): warning:  #177-D: variable "portF_config" was declared but never referenced
board_config.h(235): warning:  #177-D: variable "UART0_config" was declared but never referenced
main.c(36): warning:  #177-D: variable "drawSquare" was declared but never referenced
compiling initBoard.c...
initBoard.c(31): error:  #65: expected a ";"
initBoard.c(54): warning:  #12-D: parsing restarts here after previous syntax error
initBoard.c(55): warning:  #940-D: missing return statement at end of non-void function "getButton"
initBoard.c(20): warning:  #177-D: variable "PortA" was declared but never referenced
initBoard.c(21): warning:  #177-D: variable "PortB" was declared but never referenced
initBoard.c(22): warning:  #177-D: variable "PortC" was declared but never referenced
initBoard.c(23): warning:  #177-D: variable "PortD" was declared but never referenced
initBoard.c(24): warning:  #177-D: variable "PortE" was declared but never referenced
initBoard.c(25): warning:  #177-D: variable "PortF" was declared but never referenced
compiling systick.c...
compiling hw4_adc.c...
compiling hw4_gpio.c...
hw4_gpio.c(32): error:  #65: expected a ";"
hw4_gpio.c(79): warning:  #12-D: parsing restarts here after previous syntax error
hw4_gpio.c(79): warning:  #940-D: missing return statement at end of non-void function "getButton"
hw4_gpio.c(30): warning:  #177-D: variable "buttonMask" was declared but never referenced
hw4_gpio.c(80): error:  #169: expected a declaration
hw4_gpio.c(110): warning:  #12-D: parsing restarts here after previous syntax error
hw4_gpio.c(111): error:  #77-D: this declaration has no storage class or type specifier
hw4_gpio.c(111): error:  #28: expression must have a constant value
hw4_gpio.c(112): error:  #77-D: this declaration has no storage class or type specifier
hw4_gpio.c(112): error:  #159: declaration is incompatible with previous "PortA" (declared at line 11)
hw4_gpio.c(112): error:  #65: expected a ";"
hw4_gpio.c(113): error:  #77-D: this declaration has no storage class or type specifier
hw4_gpio.c(113): error:  #65: expected a ";"
hw4_gpio.c(114): error:  #77-D: this declaration has no storage class or type specifier
hw4_gpio.c(114): error:  #65: expected a ";"
hw4_gpio.c(116): error:  #40: expected an identifier
hw4_gpio.c(116): error:  #18: expected a ")"
hw4_gpio.c(116): error:  #65: expected a ";"
hw4_gpio.c(117): error:  #77-D: this declaration has no storage class or type specifier
hw4_gpio.c(117): error:  #148: variable "delay" has already been initialized
hw4_gpio.c(117): error:  #28: expression must have a constant value
hw4_gpio.c(118): error:  #77-D: this declaration has no storage class or type specifier
hw4_gpio.c(118): error:  #159: declaration is incompatible with previous "PortD" (declared at line 14)
hw4_gpio.c(118): error:  #65: expected a ";"
hw4_gpio.c(119): error:  #77-D: this declaration has no storage class or type specifier
hw4_gpio.c(119): error:  #65: expected a ";"
hw4_gpio.c(120): error:  #77-D: this declaration has no storage class or type specifier
hw4_gpio.c(120): error:  #65: expected a ";"
hw4_gpio.c(123): error:  #40: expected an identifier
hw4_gpio.c(123): error:  #18: expected a ")"
hw4_gpio.c(123): error:  #65: expected a ";"
hw4_gpio.c(124): error:  #77-D: this declaration has no storage class or type specifier
hw4_gpio.c(124): error:  #148: variable "delay" has already been initialized
hw4_gpio.c(124): error:  #28: expression must have a constant value
compiling led_chars.c...
compiling doublebuffer.c...
compiling screen.c...
compiling pixel.c...
compiling renderer.c...
compiling animation.c...
compiling 2048.c...
".\ece353_base_project.axf" - 34 Errors, 22 Warning(s).
Target not created
Rebuild target 'base_project'
assembling Startup.s...
compiling main.c...
main.c(61): error:  #65: expected a ";"
main.c(113): warning:  #12-D: parsing restarts here after previous syntax error
main.c(114): error:  #20: identifier "board" is undefined
main.c(135): error:  #20: identifier "drawBuffer" is undefined
main.c(141): warning:  #223-D: function "checkInput" declared implicitly
board_config.h(27): warning:  #177-D: variable "portA_config" was declared but never referenced
board_config.h(65): warning:  #177-D: variable "portB_config" was declared but never referenced
board_config.h(106): warning:  #177-D: variable "portC_config" was declared but never referenced
board_config.h(156): warning:  #177-D: variable "portD_config" was declared but never referenced
board_config.h(185): warning:  #177-D: variable "portE_config" was declared but never referenced
board_config.h(205): warning:  #177-D: variable "portF_config" was declared but never referenced
board_config.h(235): warning:  #177-D: variable "UART0_config" was declared but never referenced
compiling initBoard.c...
initBoard.c(31): error:  #65: expected a ";"
initBoard.c(54): warning:  #12-D: parsing restarts here after previous syntax error
initBoard.c(55): warning:  #940-D: missing return statement at end of non-void function "getButton"
initBoard.c(20): warning:  #177-D: variable "PortA" was declared but never referenced
initBoard.c(21): warning:  #177-D: variable "PortB" was declared but never referenced
initBoard.c(22): warning:  #177-D: variable "PortC" was declared but never referenced
initBoard.c(23): warning:  #177-D: variable "PortD" was declared but never referenced
initBoard.c(24): warning:  #177-D: variable "PortE" was declared but never referenced
initBoard.c(25): warning:  #177-D: variable "PortF" was declared but never referenced
compiling systick.c...
compiling hw4_adc.c...
compiling hw4_gpio.c...
hw4_gpio.c(32): error:  #65: expected a ";"
hw4_gpio.c(79): warning:  #12-D: parsing restarts here after previous syntax error
hw4_gpio.c(79): warning:  #940-D: missing return statement at end of non-void function "getButton"
hw4_gpio.c(30): warning:  #177-D: variable "buttonMask" was declared but never referenced
hw4_gpio.c(80): error:  #169: expected a declaration
hw4_gpio.c(110): warning:  #12-D: parsing restarts here after previous syntax error
hw4_gpio.c(111): error:  #77-D: this declaration has no storage class or type specifier
hw4_gpio.c(111): error:  #28: expression must have a constant value
hw4_gpio.c(112): error:  #77-D: this declaration has no storage class or type specifier
hw4_gpio.c(112): error:  #159: declaration is incompatible with previous "PortA" (declared at line 11)
hw4_gpio.c(112): error:  #65: expected a ";"
hw4_gpio.c(113): error:  #77-D: this declaration has no storage class or type specifier
hw4_gpio.c(113): error:  #65: expected a ";"
hw4_gpio.c(114): error:  #77-D: this declaration has no storage class or type specifier
hw4_gpio.c(114): error:  #65: expected a ";"
hw4_gpio.c(116): error:  #40: expected an identifier
hw4_gpio.c(116): error:  #18: expected a ")"
hw4_gpio.c(116): error:  #65: expected a ";"
hw4_gpio.c(117): error:  #77-D: this declaration has no storage class or type specifier
hw4_gpio.c(117): error:  #148: variable "delay" has already been initialized
hw4_gpio.c(117): error:  #28: expression must have a constant value
hw4_gpio.c(118): error:  #77-D: this declaration has no storage class or type specifier
hw4_gpio.c(118): error:  #159: declaration is incompatible with previous "PortD" (declared at line 14)
hw4_gpio.c(118): error:  #65: expected a ";"
hw4_gpio.c(119): error:  #77-D: this declaration has no storage class or type specifier
hw4_gpio.c(119): error:  #65: expected a ";"
hw4_gpio.c(120): error:  #77-D: this declaration has no storage class or type specifier
hw4_gpio.c(120): error:  #65: expected a ";"
hw4_gpio.c(123): error:  #40: expected an identifier
hw4_gpio.c(123): error:  #18: expected a ")"
hw4_gpio.c(123): error:  #65: expected a ";"
hw4_gpio.c(124): error:  #77-D: this declaration has no storage class or type specifier
hw4_gpio.c(124): error:  #148: variable "delay" has already been initialized
hw4_gpio.c(124): error:  #28: expression must have a constant value
compiling led_chars.c...
compiling doublebuffer.c...
compiling screen.c...
compiling pixel.c...
compiling renderer.c...
compiling animation.c...
compiling 2048.c...
".\ece353_base_project.axf" - 34 Errors, 21 Warning(s).
Target not created
Rebuild target 'base_project'
assembling Startup.s...
compiling main.c...
main.c(38): error:  #65: expected a ";"
main.c(107): warning:  #12-D: parsing restarts here after previous syntax error
main.c(108): error:  #20: identifier "board" is undefined
main.c(128): error:  #20: identifier "offset" is undefined
main.c(132): error:  #20: identifier "drawBuffer" is undefined
board_config.h(27): warning:  #177-D: variable "portA_config" was declared but never referenced
board_config.h(65): warning:  #177-D: variable "portB_config" was declared but never referenced
board_config.h(106): warning:  #177-D: variable "portC_config" was declared but never referenced
board_config.h(156): warning:  #177-D: variable "portD_config" was declared but never referenced
board_config.h(185): warning:  #177-D: variable "portE_config" was declared but never referenced
board_config.h(205): warning:  #177-D: variable "portF_config" was declared but never referenced
board_config.h(235): warning:  #177-D: variable "UART0_config" was declared but never referenced
main.c(34): warning:  #177-D: variable "drawSquare" was declared but never referenced
compiling initBoard.c...
initBoard.c(31): error:  #65: expected a ";"
initBoard.c(54): warning:  #12-D: parsing restarts here after previous syntax error
initBoard.c(55): warning:  #940-D: missing return statement at end of non-void function "getButton"
initBoard.c(20): warning:  #177-D: variable "PortA" was declared but never referenced
initBoard.c(21): warning:  #177-D: variable "PortB" was declared but never referenced
initBoard.c(22): warning:  #177-D: variable "PortC" was declared but never referenced
initBoard.c(23): warning:  #177-D: variable "PortD" was declared but never referenced
initBoard.c(24): warning:  #177-D: variable "PortE" was declared but never referenced
initBoard.c(25): warning:  #177-D: variable "PortF" was declared but never referenced
compiling systick.c...
compiling hw4_adc.c...
compiling hw4_gpio.c...
hw4_gpio.c(32): error:  #65: expected a ";"
hw4_gpio.c(79): warning:  #12-D: parsing restarts here after previous syntax error
hw4_gpio.c(79): warning:  #940-D: missing return statement at end of non-void function "getButton"
hw4_gpio.c(30): warning:  #177-D: variable "buttonMask" was declared but never referenced
hw4_gpio.c(80): error:  #169: expected a declaration
hw4_gpio.c(110): warning:  #12-D: parsing restarts here after previous syntax error
hw4_gpio.c(111): error:  #77-D: this declaration has no storage class or type specifier
hw4_gpio.c(111): error:  #28: expression must have a constant value
hw4_gpio.c(112): error:  #77-D: this declaration has no storage class or type specifier
hw4_gpio.c(112): error:  #159: declaration is incompatible with previous "PortA" (declared at line 11)
hw4_gpio.c(112): error:  #65: expected a ";"
hw4_gpio.c(113): error:  #77-D: this declaration has no storage class or type specifier
hw4_gpio.c(113): error:  #65: expected a ";"
hw4_gpio.c(114): error:  #77-D: this declaration has no storage class or type specifier
hw4_gpio.c(114): error:  #65: expected a ";"
hw4_gpio.c(116): error:  #40: expected an identifier
hw4_gpio.c(116): error:  #18: expected a ")"
hw4_gpio.c(116): error:  #65: expected a ";"
hw4_gpio.c(117): error:  #77-D: this declaration has no storage class or type specifier
hw4_gpio.c(117): error:  #148: variable "delay" has already been initialized
hw4_gpio.c(117): error:  #28: expression must have a constant value
hw4_gpio.c(118): error:  #77-D: this declaration has no storage class or type specifier
hw4_gpio.c(118): error:  #159: declaration is incompatible with previous "PortD" (declared at line 14)
hw4_gpio.c(118): error:  #65: expected a ";"
hw4_gpio.c(119): error:  #77-D: this declaration has no storage class or type specifier
hw4_gpio.c(119): error:  #65: expected a ";"
hw4_gpio.c(120): error:  #77-D: this declaration has no storage class or type specifier
hw4_gpio.c(120): error:  #65: expected a ";"
hw4_gpio.c(123): error:  #40: expected an identifier
hw4_gpio.c(123): error:  #18: expected a ")"
hw4_gpio.c(123): error:  #65: expected a ";"
hw4_gpio.c(124): error:  #77-D: this declaration has no storage class or type specifier
hw4_gpio.c(124): error:  #148: variable "delay" has already been initialized
hw4_gpio.c(124): error:  #28: expression must have a constant value
compiling led_chars.c...
compiling doublebuffer.c...
compiling screen.c...
compiling pixel.c...
compiling renderer.c...
compiling animation.c...
compiling 2048.c...
".\ece353_base_project.axf" - 35 Errors, 21 Warning(s).
Target not created
Rebuild target 'base_project'
assembling Startup.s...
compiling main.c...
main.c(94): warning:  #550-D: variable "px" was set but never used
main.c(94): warning:  #550-D: variable "px2" was set but never used
main.c(95): warning:  #177-D: variable "offset" was declared but never referenced
compiling initBoard.c...
compiling systick.c...
compiling hw4_adc.c...
compiling hw4_gpio.c...
hw4_gpio.c(88): warning:  #550-D: variable "delay" was set but never used
compiling led_chars.c...
compiling doublebuffer.c...
compiling screen.c...
compiling pixel.c...
compiling renderer.c...
compiling animation.c...
compiling 2048.c...
linking...
Program Size: Code=5976 RO-data=44 RW-data=292 ZI-data=8804  
".\ece353_base_project.axf" - 0 Errors, 4 Warning(s).
Load "C:\\Users\\Martin Wickham\\KielProjects\\ECE 353\\Micro2048\\Dist\\p1\\ece353_base_project.axf" 
Connecting: Mode=JTAG, Speed=1000000Hz
Erase Done.
Programming Done.
Verify OK.
Rebuild target 'base_project'
assembling Startup.s...
compiling main.c...
main.c(100): warning:  #550-D: variable "px" was set but never used
main.c(100): warning:  #550-D: variable "px2" was set but never used
main.c(101): warning:  #177-D: variable "offset" was declared but never referenced
compiling initBoard.c...
compiling systick.c...
compiling hw4_adc.c...
compiling hw4_gpio.c...
hw4_gpio.c(88): warning:  #550-D: variable "delay" was set but never used
compiling led_chars.c...
compiling doublebuffer.c...
compiling screen.c...
compiling pixel.c...
compiling renderer.c...
compiling animation.c...
compiling 2048.c...
linking...
Program Size: Code=6024 RO-data=44 RW-data=292 ZI-data=8804  
".\ece353_base_project.axf" - 0 Errors, 4 Warning(s).
Load "C:\\Users\\Martin Wickham\\KielProjects\\ECE 353\\Micro2048\\Dist\\p1\\ece353_base_project.axf" 
Connecting: Mode=JTAG, Speed=1000000Hz
Erase Done.
Programming Done.
Verify OK.
Rebuild target 'base_project'
assembling Startup.s...
compiling main.c...
main.c(100): warning:  #550-D: variable "px" was set but never used
main.c(100): warning:  #550-D: variable "px2" was set but never used
main.c(101): warning:  #177-D: variable "offset" was declared but never referenced
compiling initBoard.c...
compiling systick.c...
compiling hw4_adc.c...
compiling hw4_gpio.c...
hw4_gpio.c(88): warning:  #550-D: variable "delay" was set but never used
compiling led_chars.c...
compiling doublebuffer.c...
compiling screen.c...
compiling pixel.c...
compiling renderer.c...
compiling animation.c...
compiling 2048.c...
2048.c(120): warning:  #186-D: pointless comparison of unsigned integer with zero
linking...
.\ece353_base_project.axf: Error: L6218E: Undefined symbol shiftLeft (referred from main.o).
.\ece353_base_project.axf: Error: L6218E: Undefined symbol shiftRight (referred from main.o).
".\ece353_base_project.axf" - 2 Errors, 5 Warning(s).
Target not created
Load "C:\\Users\\Martin Wickham\\KielProjects\\ECE 353\\Micro2048\\Dist\\p1\\ece353_base_project.axf" 
_____^
*** error 56: cannot open file
Rebuild target 'base_project'
assembling Startup.s...
compiling main.c...
main.c(100): warning:  #550-D: variable "px" was set but never used
main.c(100): warning:  #550-D: variable "px2" was set but never used
main.c(101): warning:  #177-D: variable "offset" was declared but never referenced
compiling initBoard.c...
compiling systick.c...
compiling hw4_adc.c...
compiling hw4_gpio.c...
hw4_gpio.c(88): warning:  #550-D: variable "delay" was set but never used
compiling led_chars.c...
compiling doublebuffer.c...
compiling screen.c...
compiling pixel.c...
compiling renderer.c...
compiling animation.c...
compiling 2048.c...
2048.c(120): warning:  #186-D: pointless comparison of unsigned integer with zero
linking...
.\ece353_base_project.axf: Error: L6218E: Undefined symbol shiftLeft (referred from main.o).
.\ece353_base_project.axf: Error: L6218E: Undefined symbol shiftRight (referred from main.o).
".\ece353_base_project.axf" - 2 Errors, 5 Warning(s).
Target not created
Rebuild target 'base_project'
assembling Startup.s...
compiling main.c...
main.c(100): warning:  #550-D: variable "px" was set but never used
main.c(100): warning:  #550-D: variable "px2" was set but never used
main.c(101): warning:  #177-D: variable "offset" was declared but never referenced
compiling initBoard.c...
compiling systick.c...
compiling hw4_adc.c...
compiling hw4_gpio.c...
hw4_gpio.c(88): warning:  #550-D: variable "delay" was set but never used
compiling led_chars.c...
compiling doublebuffer.c...
compiling screen.c...
compiling pixel.c...
compiling renderer.c...
compiling animation.c...
compiling 2048.c...
linking...
Program Size: Code=6388 RO-data=44 RW-data=292 ZI-data=8804  
".\ece353_base_project.axf" - 0 Errors, 4 Warning(s).
Load "C:\\Users\\Martin Wickham\\KielProjects\\ECE 353\\Micro2048\\Dist\\p1\\ece353_base_project.axf" 
Connecting: Mode=JTAG, Speed=1000000Hz
Erase Done.
Programming Done.
Verify OK.
Load "C:\\Users\\Martin Wickham\\KielProjects\\ECE 353\\Micro2048\\Dist\\p1\\ece353_base_project.axf" 
Connecting: Mode=JTAG, Speed=1000000Hz
Erase Done.
Programming Done.
Verify OK.
