<html>
<body>
<pre>
<h1>µVision Build Log</h1>
<h2>Project:</h2>
C:\Users\Scott\Documents\GitHub\Micro2048\Dist\p1\ece353_base_project.uvproj
Project File Date:  05/07/2014

<h2>Output:</h2>
Rebuild target 'base_project'
assembling Startup.s...
compiling main.c...
compiling initBoard.c...
compiling systick.c...
compiling hw4_adc.c...
compiling hw4_gpio.c...
compiling led_chars.c...
compiling doublebuffer.c...
compiling screen.c...
compiling pixel.c...
compiling renderer.c...
compiling animation.c...
compiling 2048.c...
compiling AI2048.c...
compiling spi.c...
compiling eeprom.c...
compiling timer.c...
compiling lock.c...
linking...
Program Size: Code=10040 RO-data=44 RW-data=360 ZI-data=8824  
".\ece353_base_project.axf" - 0 Error(s), 0 Warning(s).
Load "C:\\Users\\Scott\\Documents\\GitHub\\Micro2048\\Dist\\p1\\ece353_base_project.axf" 
Connecting: Mode=JTAG, Speed=1000000Hz
Erase Done.
Programming Done.
Verify OK.
s).
lared implicitly
                        uartTxPoll(UART0, "TOO MANY END CRITICALS!!!!!\r\n");
lock.c: 1 warning, 0 errors
linking...
.\ece353_base_project.axf: Error: L6218E: Undefined symbol checkForSave (referred from main.o).
.\ece353_base_project.axf: Error: L6218E: Undefined symbol getButton (referred from main.o).
Not enough information to list image symbols.
Finished: 1 information, 0 warning and 2 error messages.
".\ece353_base_project.axf" - 2 Error(s), 3 Warning(s).
Target not created
