<html>
<body>
<pre>
<h1>µVision Build Log</h1>
<h2>Project:</h2>
C:\Users\Martin Wickham\KielProjects\ECE 353\Micro2048\Dist\p1\ece353_base_project.uvproj
Project File Date:  05/08/2014

<h2>Output:</h2>
Rebuild target 'base_project'
assembling Startup.s...
compiling main.c...
communication.h(27): warning:  #1-D: last line of file ends without a newline
main.c(216): error:  #144: a value of type "void" cannot be used to initialize an entity of type "Tile *"
main.c(196): warning:  #177-D: variable "buff" was declared but never referenced
main.c(197): warning:  #177-D: variable "rx" was declared but never referenced
compiling initBoard.c...
compiling systick.c...
compiling hw4_adc.c...
compiling hw4_gpio.c...
compiling led_chars.c...
compiling doublebuffer.c...
compiling screen.c...
compiling pixel.c...
compiling renderer.c...
compiling animation.c...
compiling 2048.c...
compiling AI2048.c...
compiling spi.c...
compiling eeprom.c...
compiling timer.c...
compiling lock.c...
compiling uart.c...
compiling communication.c...
communication.h(27): warning:  #1-D: last line of file ends without a newline
communication.c(74): warning:  #1-D: last line of file ends without a newline
".\ece353_base_project.axf" - 1 Errors, 5 Warning(s).
Target not created
Rebuild target 'base_project'
assembling Startup.s...
compiling main.c...
main.c(196): warning:  #177-D: variable "buff" was declared but never referenced
main.c(197): warning:  #177-D: variable "rx" was declared but never referenced
compiling initBoard.c...
compiling systick.c...
compiling hw4_adc.c...
compiling hw4_gpio.c...
compiling led_chars.c...
compiling doublebuffer.c...
compiling screen.c...
compiling pixel.c...
compiling renderer.c...
compiling animation.c...
compiling 2048.c...
compiling AI2048.c...
compiling spi.c...
compiling eeprom.c...
compiling timer.c...
compiling lock.c...
compiling uart.c...
compiling communication.c...
linking...
Program Size: Code=12584 RO-data=44 RW-data=384 ZI-data=8888  
".\ece353_base_project.axf" - 0 Errors, 2 Warning(s).
Rebuild target 'base_project'
assembling Startup.s...
compiling main.c...
compiling initBoard.c...
compiling systick.c...
compiling hw4_adc.c...
compiling hw4_gpio.c...
compiling led_chars.c...
compiling doublebuffer.c...
compiling screen.c...
compiling pixel.c...
compiling renderer.c...
compiling animation.c...
compiling 2048.c...
compiling AI2048.c...
compiling spi.c...
compiling eeprom.c...
compiling timer.c...
compiling lock.c...
compiling uart.c...
compiling communication.c...
linking...
Program Size: Code=12584 RO-data=44 RW-data=384 ZI-data=8888  
".\ece353_base_project.axf" - 0 Errors, 0 Warning(s).
Load "C:\\Users\\Martin Wickham\\KielProjects\\ECE 353\\Micro2048\\Dist\\p1\\ece353_base_project.axf" 
Connecting: Mode=JTAG, Speed=1000000Hz
Erase Done.
Programming Done.
Verify OK.
Rebuild target 'base_project'
assembling Startup.s...
compiling main.c...
compiling initBoard.c...
compiling systick.c...
compiling hw4_adc.c...
compiling hw4_gpio.c...
compiling led_chars.c...
compiling doublebuffer.c...
compiling screen.c...
compiling pixel.c...
compiling renderer.c...
compiling animation.c...
compiling 2048.c...
compiling AI2048.c...
compiling spi.c...
compiling eeprom.c...
compiling timer.c...
compiling lock.c...
compiling uart.c...
compiling communication.c...
linking...
Program Size: Code=12540 RO-data=44 RW-data=392 ZI-data=8888  
".\ece353_base_project.axf" - 0 Errors, 0 Warning(s).
Load "C:\\Users\\Martin Wickham\\KielProjects\\ECE 353\\Micro2048\\Dist\\p1\\ece353_base_project.axf" 
Connecting: Mode=JTAG, Speed=1000000Hz
Erase Done.
Programming Done.
Verify OK.
