<html>
<body>
<pre>
<h1>µVision Build Log</h1>
<h2>Project:</h2>
C:\Users\Martin Wickham\KielProjects\ECE 353\Micro2048\Dist\p1\ece353_base_project.uvproj
Project File Date:  05/07/2014

<h2>Output:</h2>
Rebuild target 'base_project'
assembling Startup.s...
compiling main.c...
compiling initBoard.c...
compiling systick.c...
compiling hw4_adc.c...
compiling hw4_gpio.c...
compiling led_chars.c...
compiling doublebuffer.c...
compiling screen.c...
compiling pixel.c...
compiling renderer.c...
compiling animation.c...
compiling 2048.c...
compiling AI2048.c...
compiling spi.c...
compiling eeprom.c...
compiling timer.c...
compiling lock.c...
compiling uart.c...
linking...
.\ece353_base_project.axf: Error: L6218E: Undefined symbol cBufInit (referred from uart.o).
".\ece353_base_project.axf" - 1 Errors, 0 Warning(s).
Target not created
Rebuild target 'base_project'
assembling Startup.s...
compiling main.c...
compiling initBoard.c...
compiling systick.c...
compiling hw4_adc.c...
compiling hw4_gpio.c...
compiling led_chars.c...
compiling doublebuffer.c...
compiling screen.c...
compiling pixel.c...
compiling renderer.c...
compiling animation.c...
compiling 2048.c...
compiling AI2048.c...
compiling spi.c...
compiling eeprom.c...
compiling timer.c...
compiling lock.c...
compiling uart.c...
linking...
Program Size: Code=10080 RO-data=44 RW-data=360 ZI-data=8824  
".\ece353_base_project.axf" - 0 Errors, 0 Warning(s).
Rebuild target 'base_project'
assembling Startup.s...
compiling main.c...
compiling initBoard.c...
compiling systick.c...
compiling hw4_adc.c...
compiling hw4_gpio.c...
compiling led_chars.c...
compiling doublebuffer.c...
compiling screen.c...
compiling pixel.c...
compiling renderer.c...
compiling animation.c...
compiling 2048.c...
compiling AI2048.c...
compiling spi.c...
compiling eeprom.c...
compiling timer.c...
compiling lock.c...
compiling uart.c...
uart.c(78): warning:  #223-D: function "uartTxPoll" declared implicitly
uart.c(103): warning:  #223-D: function "uartTxPoll" declared implicitly
linking...
Program Size: Code=10796 RO-data=44 RW-data=368 ZI-data=8888  
".\ece353_base_project.axf" - 0 Errors, 2 Warning(s).
Load "C:\\Users\\Martin Wickham\\KielProjects\\ECE 353\\Micro2048\\Dist\\p1\\ece353_base_project.axf" 
Connecting: Mode=JTAG, Speed=1000000Hz
Erase Done.
Programming Done.
Verify OK.
Rebuild target 'base_project'
assembling Startup.s...
compiling main.c...
compiling initBoard.c...
compiling systick.c...
compiling hw4_adc.c...
compiling hw4_gpio.c...
compiling led_chars.c...
compiling doublebuffer.c...
compiling screen.c...
compiling pixel.c...
compiling renderer.c...
compiling animation.c...
compiling 2048.c...
compiling AI2048.c...
compiling spi.c...
compiling eeprom.c...
compiling timer.c...
compiling lock.c...
compiling uart.c...
uart.c(78): warning:  #223-D: function "uartTxPoll" declared implicitly
uart.c(103): warning:  #223-D: function "uartTxPoll" declared implicitly
linking...
Program Size: Code=10876 RO-data=44 RW-data=368 ZI-data=8888  
".\ece353_base_project.axf" - 0 Errors, 2 Warning(s).
Rebuild target 'base_project'
assembling Startup.s...
compiling main.c...
compiling initBoard.c...
compiling systick.c...
compiling hw4_adc.c...
compiling hw4_gpio.c...
compiling led_chars.c...
compiling doublebuffer.c...
compiling screen.c...
compiling pixel.c...
compiling renderer.c...
compiling animation.c...
compiling 2048.c...
compiling AI2048.c...
compiling spi.c...
compiling eeprom.c...
compiling timer.c...
compiling lock.c...
compiling uart.c...
uart.c(78): warning:  #223-D: function "uartTxPoll" declared implicitly
uart.c(103): warning:  #223-D: function "uartTxPoll" declared implicitly
linking...
Program Size: Code=10876 RO-data=44 RW-data=368 ZI-data=8888  
".\ece353_base_project.axf" - 0 Errors, 2 Warning(s).
Load "C:\\Users\\Martin Wickham\\KielProjects\\ECE 353\\Micro2048\\Dist\\p1\\ece353_base_project.axf" 
Connecting: Mode=JTAG, Speed=1000000Hz
Erase Done.
Programming Done.
Verify OK.
Rebuild target 'base_project'
assembling Startup.s...
compiling main.c...
compiling initBoard.c...
compiling systick.c...
compiling hw4_adc.c...
compiling hw4_gpio.c...
compiling led_chars.c...
compiling doublebuffer.c...
compiling screen.c...
compiling pixel.c...
compiling renderer.c...
compiling animation.c...
compiling 2048.c...
compiling AI2048.c...
compiling spi.c...
compiling eeprom.c...
compiling timer.c...
compiling lock.c...
compiling uart.c...
uart.c(78): warning:  #223-D: function "uartTxPoll" declared implicitly
uart.c(103): warning:  #223-D: function "uartTxPoll" declared implicitly
linking...
Program Size: Code=10884 RO-data=44 RW-data=368 ZI-data=8888  
".\ece353_base_project.axf" - 0 Errors, 2 Warning(s).
Load "C:\\Users\\Martin Wickham\\KielProjects\\ECE 353\\Micro2048\\Dist\\p1\\ece353_base_project.axf" 
Connecting: Mode=JTAG, Speed=1000000Hz
Erase Done.
Programming Done.
Verify OK.
Rebuild target 'base_project'
assembling Startup.s...
compiling main.c...
compiling initBoard.c...
compiling systick.c...
compiling hw4_adc.c...
compiling hw4_gpio.c...
compiling led_chars.c...
compiling doublebuffer.c...
compiling screen.c...
compiling pixel.c...
compiling renderer.c...
compiling animation.c...
compiling 2048.c...
compiling AI2048.c...
compiling spi.c...
compiling eeprom.c...
compiling timer.c...
compiling lock.c...
compiling uart.c...
uart.c(78): warning:  #223-D: function "uartTxPoll" declared implicitly
uart.c(103): warning:  #223-D: function "uartTxPoll" declared implicitly
linking...
Program Size: Code=10876 RO-data=44 RW-data=368 ZI-data=8888  
".\ece353_base_project.axf" - 0 Errors, 2 Warning(s).
Load "C:\\Users\\Martin Wickham\\KielProjects\\ECE 353\\Micro2048\\Dist\\p1\\ece353_base_project.axf" 
Connecting: Mode=JTAG, Speed=1000000Hz
Erase Done.
Programming Done.
Verify OK.
Rebuild target 'base_project'
assembling Startup.s...
compiling main.c...
compiling initBoard.c...
compiling systick.c...
compiling hw4_adc.c...
compiling hw4_gpio.c...
compiling led_chars.c...
compiling doublebuffer.c...
compiling screen.c...
compiling pixel.c...
compiling renderer.c...
compiling animation.c...
compiling 2048.c...
compiling AI2048.c...
compiling spi.c...
compiling eeprom.c...
compiling timer.c...
compiling lock.c...
compiling uart.c...
uart.c(78): warning:  #223-D: function "uartTxPoll" declared implicitly
uart.c(103): warning:  #223-D: function "uartTxPoll" declared implicitly
linking...
Program Size: Code=10884 RO-data=44 RW-data=368 ZI-data=8888  
".\ece353_base_project.axf" - 0 Errors, 2 Warning(s).
Load "C:\\Users\\Martin Wickham\\KielProjects\\ECE 353\\Micro2048\\Dist\\p1\\ece353_base_project.axf" 
Connecting: Mode=JTAG, Speed=1000000Hz
Erase Done.
Programming Done.
Verify OK.
Rebuild target 'base_project'
assembling Startup.s...
compiling main.c...
compiling initBoard.c...
compiling systick.c...
compiling hw4_adc.c...
compiling hw4_gpio.c...
compiling led_chars.c...
compiling doublebuffer.c...
compiling screen.c...
compiling pixel.c...
compiling renderer.c...
compiling animation.c...
compiling 2048.c...
compiling AI2048.c...
compiling spi.c...
compiling eeprom.c...
compiling timer.c...
compiling lock.c...
compiling uart.c...
uart.c(76): warning:  #223-D: function "uartTxPoll" declared implicitly
uart.c(101): warning:  #223-D: function "uartTxPoll" declared implicitly
linking...
Program Size: Code=10892 RO-data=44 RW-data=376 ZI-data=8888  
".\ece353_base_project.axf" - 0 Errors, 2 Warning(s).
Load "C:\\Users\\Martin Wickham\\KielProjects\\ECE 353\\Micro2048\\Dist\\p1\\ece353_base_project.axf" 
Connecting: Mode=JTAG, Speed=1000000Hz
Erase Done.
Programming Done.
Verify OK.
Rebuild target 'base_project'
assembling Startup.s...
compiling main.c...
compiling initBoard.c...
compiling systick.c...
compiling hw4_adc.c...
compiling hw4_gpio.c...
compiling led_chars.c...
compiling doublebuffer.c...
compiling screen.c...
compiling pixel.c...
compiling renderer.c...
compiling animation.c...
compiling 2048.c...
compiling AI2048.c...
compiling spi.c...
compiling eeprom.c...
compiling timer.c...
compiling lock.c...
compiling uart.c...
uart.c(78): warning:  #223-D: function "uartTxPoll" declared implicitly
uart.c(103): warning:  #223-D: function "uartTxPoll" declared implicitly
linking...
Program Size: Code=10908 RO-data=44 RW-data=376 ZI-data=8888  
".\ece353_base_project.axf" - 0 Errors, 2 Warning(s).
Load "C:\\Users\\Martin Wickham\\KielProjects\\ECE 353\\Micro2048\\Dist\\p1\\ece353_base_project.axf" 
Connecting: Mode=JTAG, Speed=1000000Hz
Erase Done.
Programming Done.
Verify OK.
Build target 'base_project'
compiling initBoard.c...
compiling uart.c...
uart.c(78): warning:  #223-D: function "uartTxPoll" declared implicitly
uart.c(103): warning:  #223-D: function "uartTxPoll" declared implicitly
linking...
Program Size: Code=10920 RO-data=44 RW-data=376 ZI-data=8888  
".\ece353_base_project.axf" - 0 Errors, 2 Warning(s).
Rebuild target 'base_project'
assembling Startup.s...
compiling main.c...
compiling initBoard.c...
compiling systick.c...
compiling hw4_adc.c...
compiling hw4_gpio.c...
compiling led_chars.c...
compiling doublebuffer.c...
compiling screen.c...
compiling pixel.c...
compiling renderer.c...
compiling animation.c...
compiling 2048.c...
compiling AI2048.c...
compiling spi.c...
compiling eeprom.c...
compiling timer.c...
compiling lock.c...
compiling uart.c...
uart.c(78): warning:  #223-D: function "uartTxPoll" declared implicitly
uart.c(103): warning:  #223-D: function "uartTxPoll" declared implicitly
linking...
Program Size: Code=10920 RO-data=44 RW-data=376 ZI-data=8888  
".\ece353_base_project.axf" - 0 Errors, 2 Warning(s).
Load "C:\\Users\\Martin Wickham\\KielProjects\\ECE 353\\Micro2048\\Dist\\p1\\ece353_base_project.axf" 
Connecting: Mode=JTAG, Speed=1000000Hz
Erase Done.
Programming Done.
Verify OK.
Rebuild target 'base_project'
assembling Startup.s...
compiling main.c...
compiling initBoard.c...
compiling systick.c...
compiling hw4_adc.c...
compiling hw4_gpio.c...
compiling led_chars.c...
compiling doublebuffer.c...
compiling screen.c...
compiling pixel.c...
compiling renderer.c...
compiling animation.c...
compiling 2048.c...
compiling AI2048.c...
compiling spi.c...
compiling eeprom.c...
compiling timer.c...
compiling lock.c...
compiling uart.c...
uart.c(101): warning:  #223-D: function "uartTxPoll" declared implicitly
uart.c(126): warning:  #223-D: function "uartTxPoll" declared implicitly
linking...
Program Size: Code=11012 RO-data=44 RW-data=376 ZI-data=8888  
".\ece353_base_project.axf" - 0 Errors, 2 Warning(s).
Rebuild target 'base_project'
assembling Startup.s...
compiling main.c...
compiling initBoard.c...
compiling systick.c...
compiling hw4_adc.c...
compiling hw4_gpio.c...
compiling led_chars.c...
compiling doublebuffer.c...
compiling screen.c...
compiling pixel.c...
compiling renderer.c...
compiling animation.c...
compiling 2048.c...
compiling AI2048.c...
compiling spi.c...
compiling eeprom.c...
compiling timer.c...
compiling lock.c...
compiling uart.c...
uart.c(76): warning:  #177-D: variable "uart" was declared but never referenced
uart.c(77): warning:  #177-D: variable "c" was declared but never referenced
uart.c(115): warning:  #223-D: function "uartTxPoll" declared implicitly
uart.c(140): warning:  #223-D: function "uartTxPoll" declared implicitly
linking...
Program Size: Code=11184 RO-data=44 RW-data=376 ZI-data=8888  
".\ece353_base_project.axf" - 0 Errors, 4 Warning(s).
Load "C:\\Users\\Martin Wickham\\KielProjects\\ECE 353\\Micro2048\\Dist\\p1\\ece353_base_project.axf" 
Connecting: Mode=JTAG, Speed=1000000Hz
Erase Done.
Programming Done.
Verify OK.
Rebuild target 'base_project'
assembling Startup.s...
compiling main.c...
compiling initBoard.c...
compiling systick.c...
compiling hw4_adc.c...
compiling hw4_gpio.c...
compiling led_chars.c...
compiling doublebuffer.c...
compiling screen.c...
compiling pixel.c...
compiling renderer.c...
compiling animation.c...
compiling 2048.c...
compiling AI2048.c...
compiling spi.c...
compiling eeprom.c...
compiling timer.c...
compiling lock.c...
compiling uart.c...
uart.c(76): warning:  #177-D: variable "uart" was declared but never referenced
uart.c(77): warning:  #177-D: variable "c" was declared but never referenced
uart.c(115): warning:  #223-D: function "uartTxPoll" declared implicitly
uart.c(140): warning:  #223-D: function "uartTxPoll" declared implicitly
linking...
Program Size: Code=11160 RO-data=44 RW-data=376 ZI-data=8888  
".\ece353_base_project.axf" - 0 Errors, 4 Warning(s).
Load "C:\\Users\\Martin Wickham\\KielProjects\\ECE 353\\Micro2048\\Dist\\p1\\ece353_base_project.axf" 
Connecting: Mode=JTAG, Speed=1000000Hz
Erase Done.
Programming Done.
Verify OK.
Rebuild target 'base_project'
assembling Startup.s...
compiling main.c...
compiling initBoard.c...
compiling systick.c...
compiling hw4_adc.c...
compiling hw4_gpio.c...
compiling led_chars.c...
compiling doublebuffer.c...
compiling screen.c...
compiling pixel.c...
compiling renderer.c...
compiling animation.c...
compiling 2048.c...
compiling AI2048.c...
compiling spi.c...
compiling eeprom.c...
compiling timer.c...
compiling lock.c...
compiling uart.c...
uart.c(76): warning:  #177-D: variable "uart" was declared but never referenced
uart.c(77): warning:  #177-D: variable "c" was declared but never referenced
uart.c(115): warning:  #223-D: function "uartTxPoll" declared implicitly
uart.c(140): warning:  #223-D: function "uartTxPoll" declared implicitly
linking...
Program Size: Code=11160 RO-data=44 RW-data=376 ZI-data=8888  
".\ece353_base_project.axf" - 0 Errors, 4 Warning(s).
Load "C:\\Users\\Martin Wickham\\KielProjects\\ECE 353\\Micro2048\\Dist\\p1\\ece353_base_project.axf" 
Connecting: Mode=JTAG, Speed=1000000Hz
Erase Done.
Programming Done.
Verify OK.
