<html>
<body>
<pre>
<h1>µVision Build Log</h1>
<h2>Project:</h2>
C:\Users\Martin Wickham\KielProjects\ECE 353\Micro2048\Dist\p1\ece353_base_project.uvproj
Project File Date:  05/02/2014

<h2>Output:</h2>
Rebuild target 'base_project'
assembling Startup.s...
compiling main.c...
main.c(86): warning:  #550-D: variable "px" was set but never used
compiling initBoard.c...
compiling systick.c...
compiling hw4_adc.c...
compiling hw4_gpio.c...
hw4_gpio.c(51): warning:  #177-D: variable "colors" was declared but never referenced
hw4_gpio.c(92): warning:  #550-D: variable "delay" was set but never used
compiling led_chars.c...
compiling doublebuffer.c...
compiling screen.c...
compiling pixel.c...
compiling renderer.c...
compiling animation.c...
linking...
Program Size: Code=5152 RO-data=52 RW-data=256 ZI-data=8720  
".\ece353_base_project.axf" - 0 Errors, 3 Warning(s).
Load "C:\\Users\\Martin Wickham\\KielProjects\\ECE 353\\Micro2048\\Dist\\p1\\ece353_base_project.axf" 
Connecting: Mode=JTAG, Speed=1000000Hz
Erase Done.
Programming Done.
Verify OK.
