<html>
<body>
<pre>
<h1>µVision Build Log</h1>
<h2>Project:</h2>
C:\Users\Martin Wickham\KielProjects\ECE 353\Micro2048\Dist\p1\ece353_base_project.uvproj
Project File Date:  04/04/2014

<h2>Output:</h2>
Rebuild target 'base_project'
assembling Startup.s...
compiling main.c...
pixel.h(10): error:  #169: expected a declaration
compiling initBoard.c...
compiling systick.c...
compiling hw4_adc.c...
compiling hw4_gpio.c...
hw4_gpio.c(137): warning:  #550-D: variable "delay" was set but never used
compiling led_chars.c...
".\ece353_base_project.axf" - 1 Errors, 1 Warning(s).
Target not created
Rebuild target 'base_project'
assembling Startup.s...
compiling main.c...
screen.h(8): warning:  #1295-D: Deprecated declaration clearScreen - give arg types
compiling initBoard.c...
compiling systick.c...
compiling hw4_adc.c...
compiling hw4_gpio.c...
hw4_gpio.c(137): warning:  #550-D: variable "delay" was set but never used
compiling led_chars.c...
linking...
Program Size: Code=3296 RO-data=168 RW-data=212 ZI-data=4108  
".\ece353_base_project.axf" - 0 Errors, 2 Warning(s).
Rebuild target 'base_project'
assembling Startup.s...
compiling main.c...
compiling initBoard.c...
compiling systick.c...
compiling hw4_adc.c...
compiling hw4_gpio.c...
hw4_gpio.c(137): warning:  #550-D: variable "delay" was set but never used
compiling led_chars.c...
linking...
Program Size: Code=3296 RO-data=168 RW-data=212 ZI-data=4108  
".\ece353_base_project.axf" - 0 Errors, 1 Warning(s).
Rebuild target 'base_project'
assembling Startup.s...
compiling main.c...
screen.h(6): error:  #40: expected an identifier
screen.h(6): error:  #65: expected a ";"
compiling initBoard.c...
compiling systick.c...
compiling hw4_adc.c...
compiling hw4_gpio.c...
hw4_gpio.c(137): warning:  #550-D: variable "delay" was set but never used
compiling led_chars.c...
".\ece353_base_project.axf" - 2 Errors, 1 Warning(s).
Target not created
Rebuild target 'base_project'
assembling Startup.s...
compiling main.c...
renderer.h(8): warning:  #1295-D: Deprecated declaration getCurrentBuffer - give arg types
doublebuffer.h(6): warning:  #1295-D: Deprecated declaration initDoubleBuffers - give arg types
doublebuffer.h(7): warning:  #1295-D: Deprecated declaration swapBuffers - give arg types
doublebuffer.h(8): warning:  #1295-D: Deprecated declaration getDrawBuffer - give arg types
doublebuffer.h(9): warning:  #1295-D: Deprecated declaration clearDrawBuffer - give arg types
compiling initBoard.c...
compiling systick.c...
compiling hw4_adc.c...
compiling hw4_gpio.c...
hw4_gpio.c(137): warning:  #550-D: variable "delay" was set but never used
compiling led_chars.c...
linking...
Program Size: Code=3296 RO-data=168 RW-data=212 ZI-data=4108  
".\ece353_base_project.axf" - 0 Errors, 6 Warning(s).
Rebuild target 'base_project'
assembling Startup.s...
compiling main.c...
renderer.h(8): warning:  #1295-D: Deprecated declaration getCurrentBuffer - give arg types
compiling initBoard.c...
compiling systick.c...
compiling hw4_adc.c...
compiling hw4_gpio.c...
hw4_gpio.c(137): warning:  #550-D: variable "delay" was set but never used
compiling led_chars.c...
linking...
Program Size: Code=3296 RO-data=168 RW-data=212 ZI-data=4108  
".\ece353_base_project.axf" - 0 Errors, 2 Warning(s).
Rebuild target 'base_project'
assembling Startup.s...
compiling main.c...
compiling initBoard.c...
compiling systick.c...
compiling hw4_adc.c...
compiling hw4_gpio.c...
hw4_gpio.c(137): warning:  #550-D: variable "delay" was set but never used
compiling led_chars.c...
linking...
Program Size: Code=3296 RO-data=168 RW-data=212 ZI-data=4108  
".\ece353_base_project.axf" - 0 Errors, 1 Warning(s).
Rebuild target 'base_project'
assembling Startup.s...
compiling main.c...
compiling initBoard.c...
compiling systick.c...
compiling hw4_adc.c...
compiling hw4_gpio.c...
hw4_gpio.c(137): warning:  #550-D: variable "delay" was set but never used
compiling led_chars.c...
linking...
Program Size: Code=3296 RO-data=168 RW-data=212 ZI-data=4108  
".\ece353_base_project.axf" - 0 Errors, 1 Warning(s).
